Microchip MPLAB XC8 Compiler V2.20

Linker command line:

-W-3 --edf=C:\Program Files\Microchip\xc8\v2.20\pic\dat\en_msgs.txt -cn \
  -h+dist/default/production\Proyecto2Digital2.X.production.sym \
  --cmf=dist/default/production\Proyecto2Digital2.X.production.cmf -z \
  -Q16F887 -oC:\Users\CARLOS~1\AppData\Local\Temp\s13ns.2 \
  --defsym=__MPLAB_BUILD=1 \
  -Mdist/default/production/Proyecto2Digital2.X.production.map -E1 \
  -ver=XC8 Compiler --acfsm=1493 -ASTACK=0110h-016Fh -pstack=STACK \
  -ACODE=00h-07FFhx4 -ASTRCODE=00h-01FFFh -ASTRING=00h-0FFhx32 \
  -ACONST=00h-0FFhx32 -AENTRY=00h-0FFhx32 -ACOMMON=070h-07Fh \
  -ABANK0=020h-06Fh -ABANK1=0A0h-0EFh -ABANK2=0110h-016Fh \
  -ABANK3=0190h-01EFh -ARAM=020h-06Fh,0A0h-0EFh,0110h-016Fh,0190h-01EFh \
  -AABS1=020h-07Fh,0A0h-0EFh,0110h-016Fh,0190h-01EFh -ASFR0=00h-01Fh \
  -ASFR1=080h-09Fh -ASFR2=0100h-010Fh -ASFR3=0180h-018Fh \
  -ACONFIG=02007h-02008h -DCONFIG=2 -AIDLOC=02000h-02003h -DIDLOC=2 \
  -preset_vec=00h,intentry=04h,init,end_init -ppowerup=CODE -pcinit=CODE \
  -pfunctab=ENTRY -AEEDATA=00h-0FFh/02100h -peeprom_data=EEDATA -DEEDATA=2 \
  -DCODE=2 -DSTRCODE=2 -DSTRING=2 -DCONST=2 -DENTRY=2 -k \
  C:\Users\CARLOS~1\AppData\Local\Temp\s13ns.o \
  dist/default/production\Proyecto2Digital2.X.production.o 

Object code version is 3.11

Machine type is 16F887



                Name                               Link     Load   Length Selector   Space Scale
C:\Users\CARLOS~1\AppData\Local\Temp\s13ns.o
                end_init                             12       12        3        8       0
                reset_vec                             0        0        3        0       0
                config                             2007     2007        2        0       4
dist/default/production\Proyecto2Digital2.X.production.o
                cinit                                15       15        E        8       0
                intentry                              4        4        E        8       0
                config                             2007     2007        2        0       4
                text15                              175      175       DD        8       0
                text14                               23       23      152        8       0
                text13                              2F9      2F9       71        8       0
                text12                              4FB      4FB        D        8       0
                text11                              4A8      4A8       32        8       0
                text10                              524      524        9        8       0
                text9                               51B      51B        9        8       0
                text8                               512      512        9        8       0
                text7                               508      508        A        8       0
                text6                               4EE      4EE        D        8       0
                text5                               36A      36A       68        8       0
                text4                               46D      46D       3B        8       0
                text3                               3D2      3D2       57        8       0
                text2                               4DA      4DA       14        8       0
                text1                               429      429       44        8       0
                maintext                            252      252       A7        8       0
                cstackBANK0                          20       20       16       20       1
                cstackCOMMON                         70       70        D       70       1
                clrtext                             52D      52D        8        8       0
                bssBANK0                             36       36       14       20       1
                bssCOMMON                            7D       7D        1       70       1

TOTAL           Name                               Link     Load   Length     Space
        CLASS   STACK          

        CLASS   CODE           
                end_init                             12       12        3         0
                cinit                                15       15        E         0
                intentry                              4        4        E         0
                reset_vec                             0        0        3         0
                text15                              175      175       DD         0
                text14                               23       23      152         0
                text13                              2F9      2F9       71         0
                text12                              4FB      4FB        D         0
                text11                              4A8      4A8       32         0
                text10                              524      524        9         0
                text9                               51B      51B        9         0
                text8                               512      512        9         0
                text7                               508      508        A         0
                text6                               4EE      4EE        D         0
                text5                               36A      36A       68         0
                text4                               46D      46D       3B         0
                text3                               3D2      3D2       57         0
                text2                               4DA      4DA       14         0
                text1                               429      429       44         0
                maintext                            252      252       A7         0
                clrtext                             52D      52D        8         0

        CLASS   STRCODE        

        CLASS   STRING         

        CLASS   CONST          

        CLASS   ENTRY          

        CLASS   COMMON         
                cstackCOMMON                         70       70        D         1
                bssCOMMON                            7D       7D        1         1

        CLASS   BANK0          
                cstackBANK0                          20       20       16         1
                bssBANK0                             36       36       14         1

        CLASS   BANK1          

        CLASS   BANK2          

        CLASS   BANK3          

        CLASS   RAM            

        CLASS   ABS1           
                abs_s1                               7E       7E        2         1

        CLASS   SFR0           

        CLASS   SFR1           

        CLASS   SFR2           

        CLASS   SFR3           

        CLASS   CONFIG         
                config                             2007     2007        2         4

        CLASS   IDLOC          

        CLASS   EEDATA         



SEGMENTS        Name                           Load    Length   Top    Selector   Space  Class     Delta

                reset_vec                      000000  000003  000003         0       0  CODE        2
                intentry                       000004  000531  000535         8       0  CODE        2
                cstackBANK0                    000020  00002A  00004A        20       1  BANK0       1
                cstackCOMMON                   000070  00000E  00007E        70       1  COMMON      1


UNUSED ADDRESS RANGES

        Name                Unused          Largest block    Delta
        BANK0            004A-006F             26           1
        BANK1            00A0-00EF             50           1
        BANK2            0110-016F             60           1
        BANK3            0190-01EF             60           1
        CODE             0003-0003              1           2
                         0535-1FFF            800
        CONST            0003-0003              1           2
                         0535-1FFF            100
        EEDATA           2100-21FF            100           2
        ENTRY            0003-0003              1           2
                         0535-1FFF            100
        IDLOC            2000-2003              4           2
        RAM              004A-006F             26           1
                         00A0-00EF             50
                         0110-016F             60
                         0190-01EF             60
        SFR0             0000-001F             20           1
        SFR1             0080-009F             20           1
        SFR2             0100-010F             10           1
        SFR3             0180-018F             10           1
        STACK            0110-016F             60           1
        STRCODE          0003-0003              1           2
                         0535-1FFF           1ACB
        STRING           0003-0003              1           2
                         0535-1FFF            100

                                  Symbol Table

?_I2C_Master_Read                  cstackBANK0  0020
?___lldiv                          cstackBANK0  0020
I2C_Master_Init@c                  cstackBANK0  002E
I2C_Master_Read@a                  cstackBANK0  0020
I2C_Master_Read@temp               cstackBANK0  0024
I2C_Master_Write@d                 cstackBANK0  0020
_ANSEL                             (abs)        0188
_ANSELH                            (abs)        0189
_BAUDCTLbits                       (abs)        0187
_GIE                               (abs)        005F
_I2C_Master_Init                   text4        046D
_I2C_Master_Read                   text11       04A8
_I2C_Master_RepeatedStart          text10       0524
_I2C_Master_Start                  text9        051B
_I2C_Master_Stop                   text8        0512
_I2C_Master_Wait                   text12       04FB
_I2C_Master_Write                  text7        0508
_INTCONbits                        (abs)        000B
_LEDS                              bssCOMMON    007D
_OPTION_REG                        (abs)        0081
_OSCCONbits                        (abs)        008F
_PEIE                              (abs)        005E
_PIE1bits                          (abs)        008C
_PIR1bits                          (abs)        000C
_PORTA                             (abs)        0005
_PORTAbits                         (abs)        0005
_PORTB                             (abs)        0006
_PORTC                             (abs)        0007
_PORTD                             (abs)        0008
_PORTE                             (abs)        0009
_RCREG                             (abs)        001A
_RCSTAbits                         (abs)        0018
_SPBRG                             (abs)        0099
_SPBRGH                            (abs)        009A
_SSPADD                            (abs)        0093
_SSPBUF                            (abs)        0013
_SSPCON                            (abs)        0014
_SSPCON2                           (abs)        0091
_SSPCON2bits                       (abs)        0091
_SSPIE                             (abs)        0463
_SSPIF                             (abs)        0063
_SSPSTAT                           (abs)        0094
_TMR0                              (abs)        0001
_TRISA                             (abs)        0085
_TRISB                             (abs)        0086
_TRISC3                            (abs)        043B
_TRISC4                            (abs)        043C
_TRISCbits                         (abs)        0087
_TRISD                             (abs)        0088
_TRISE                             (abs)        0089
_TXREG                             (abs)        0019
_TXSTAbits                         (abs)        0098
_TX_EN                             bssBANK0     0046
_TX_GO                             text6        04EE
__Habs1                            abs1         0000
__Hbank0                           bank0        0000
__Hbank1                           bank1        0000
__Hbank2                           bank2        0000
__Hbank3                           bank3        0000
__HbssBANK0                        bssBANK0     0000
__HbssCOMMON                       bssCOMMON    0000
__Hcinit                           cinit        0023
__Hclrtext                         clrtext      0000
__Hcode                            code         0000
__Hcommon                          common       0000
__Hconfig                          config       2009
__HcstackBANK0                     cstackBANK0  0000
__HcstackCOMMON                    cstackCOMMON 0000
__Heeprom_data                     eeprom_data  0000
__Hend_init                        end_init     0015
__Hfunctab                         functab      0000
__Hinit                            init         0012
__Hintentry                        intentry     0012
__Hmaintext                        maintext     0000
__Hpowerup                         powerup      0000
__Hram                             ram          0000
__Hreset_vec                       reset_vec    0003
__Hsfr0                            sfr0         0000
__Hsfr1                            sfr1         0000
__Hsfr2                            sfr2         0000
__Hsfr3                            sfr3         0000
__Hspace_0                         (abs)        0535
__Hspace_1                         (abs)        007E
__Hspace_2                         (abs)        0000
__Hspace_3                         (abs)        0000
__Hspace_4                         (abs)        4010
__Hstack                           stack        0000
__Hstrings                         strings      0000
__Htext                            text         0000
__Labs1                            abs1         0000
__Lbank0                           bank0        0000
__Lbank1                           bank1        0000
__Lbank2                           bank2        0000
__Lbank3                           bank3        0000
__LbssBANK0                        bssBANK0     0000
__LbssCOMMON                       bssCOMMON    0000
__Lcinit                           cinit        0015
__Lclrtext                         clrtext      0000
__Lcode                            code         0000
__Lcommon                          common       0000
__Lconfig                          config       0000
__LcstackBANK0                     cstackBANK0  0000
__LcstackCOMMON                    cstackCOMMON 0000
__Leeprom_data                     eeprom_data  0000
__Lend_init                        end_init     0012
__Lfunctab                         functab      0000
__Linit                            init         0012
__Lintentry                        intentry     0004
__Lmaintext                        maintext     0000
__Lpowerup                         powerup      0000
__Lram                             ram          0000
__Lreset_vec                       reset_vec    0000
__Lsfr0                            sfr0         0000
__Lsfr1                            sfr1         0000
__Lsfr2                            sfr2         0000
__Lsfr3                            sfr3         0000
__Lspace_0                         (abs)        0000
__Lspace_1                         (abs)        0000
__Lspace_2                         (abs)        0000
__Lspace_3                         (abs)        0000
__Lspace_4                         (abs)        0000
__Lstack                           stack        0000
__Lstrings                         strings      0000
__Ltext                            text         0000
__S0                               (abs)        0535
__S1                               (abs)        007E
__S2                               (abs)        0000
__S3                               (abs)        0000
___int_sp                          stack        0000
___latbits                         (abs)        0002
___lldiv                           text5        036A
___lldiv@counter                   cstackBANK0  002D
___lldiv@dividend                  cstackBANK0  0024
___lldiv@divisor                   cstackBANK0  0020
___lldiv@quotient                  cstackBANK0  0029
___sp                              stack        0000
___stackhi                         (abs)        0000
___stacklo                         (abs)        0000
__end_of_I2C_Master_Init           text4        04A8
__end_of_I2C_Master_Read           text11       04DA
__end_of_I2C_Master_RepeatedStart  text10       052D
__end_of_I2C_Master_Start          text9        0524
__end_of_I2C_Master_Stop           text8        051B
__end_of_I2C_Master_Wait           text12       0508
__end_of_I2C_Master_Write          text7        0512
__end_of_TX_GO                     text6        04FB
__end_of___lldiv                   text5        03D2
__end_of__initialization           cinit        001F
__end_of_envio                     text14       0175
__end_of_initOsc                   text3        0429
__end_of_initUSART                 text2        04EE
__end_of_isr                       text13       036A
__end_of_main                      maintext     02F9
__end_of_setup                     text1        046D
__end_of_tabla_hex                 text15       0252
__initialization                   cinit        0015
__pbssBANK0                        bssBANK0     0036
__pbssCOMMON                       bssCOMMON    007D
__pcstackBANK0                     cstackBANK0  0020
__pcstackCOMMON                    cstackCOMMON 0070
__pintentry                        intentry     0004
__pmaintext                        maintext     0252
__ptext1                           text1        0429
__ptext10                          text10       0524
__ptext11                          text11       04A8
__ptext12                          text12       04FB
__ptext13                          text13       02F9
__ptext14                          text14       0023
__ptext15                          text15       0175
__ptext2                           text2        04DA
__ptext3                           text3        03D2
__ptext4                           text4        046D
__ptext5                           text5        036A
__ptext6                           text6        04EE
__ptext7                           text7        0508
__ptext8                           text8        0512
__ptext9                           text9        051B
__size_of_I2C_Master_Init          (abs)        0000
__size_of_I2C_Master_Read          (abs)        0000
__size_of_I2C_Master_RepeatedStart (abs)        0000
__size_of_I2C_Master_Start         (abs)        0000
__size_of_I2C_Master_Stop          (abs)        0000
__size_of_I2C_Master_Wait          (abs)        0000
__size_of_I2C_Master_Write         (abs)        0000
__size_of_TX_GO                    (abs)        0000
__size_of___lldiv                  (abs)        0000
__size_of_envio                    (abs)        0000
__size_of_initOsc                  (abs)        0000
__size_of_initUSART                (abs)        0000
__size_of_isr                      (abs)        0000
__size_of_main                     (abs)        0000
__size_of_setup                    (abs)        0000
__size_of_tabla_hex                (abs)        0000
_controles                         bssBANK0     0049
_dia                               bssBANK0     003C
_dia_S                             bssBANK0     003E
_enter                             bssBANK0     0047
_envio                             text14       0023
_horas                             bssBANK0     0040
_initOsc                           text3        03D2
_initUSART                         text2        04DA
_isr                               text13       02F9
_main                              maintext     0252
_mes                               bssBANK0     003A
_minutos                           bssBANK0     0042
_segundos                          bssBANK0     0044
_setup                             text1        0429
_tabla_hex                         text15       0175
_toggle                            bssBANK0     0048
_var_envio                         bssBANK0     0036
_year                              bssBANK0     0038
btemp                              (abs)        007E
clear_ram0                         clrtext      052D
end_of_initialization              cinit        001F
initOsc@option                     cstackBANK0  0022
interrupt_function                 intentry     0004
intlevel0                          functab      0000
intlevel1                          functab      0000
intlevel2                          functab      0000
intlevel3                          functab      0000
intlevel4                          functab      0000
intlevel5                          functab      0000
reset_vec                          reset_vec    0000
saved_w                            (abs)        007E
start                              init         0012
start_initialization               cinit        0015
tabla_hex@port                     cstackCOMMON 0070
tabla_hex@selector                 cstackCOMMON 0074
wtemp0                             (abs)        007E


FUNCTION INFORMATION:

 *************** function _main *****************
 Defined at:
		line 112 in file "C:/MPlab_Digital2/Digital_2/Proyecto2Digital2.X/main.c"
 Parameters:    Size  Location     Type
		None
 Auto vars:     Size  Location     Type
		None
 Return value:  Size  Location     Type
                  1    wreg      void 
 Registers used:
		wreg, fsr0l, fsr0h, status,2, status,0, btemp+1, pclath, cstack
 Tracked objects:
		On entry : 
		On exit  : 
		Unchanged: 
 Data sizes:     COMMON   BANK0   BANK1   BANK3   BANK2
      Params:         0       0       0       0       0
      Locals:         0       0       0       0       0
      Temps:          0       0       0       0       0
      Totals:         0       0       0       0       0
Total ram usage:        0 bytes
 Hardware stack levels required when called:    6
 This function calls:
		_I2C_Master_Read
		_I2C_Master_RepeatedStart
		_I2C_Master_Start
		_I2C_Master_Stop
		_I2C_Master_Write
		_TX_GO
		_setup
 This function is called by:
		Startup code after reset
 This function uses a non-reentrant model


 *************** function _setup *****************
 Defined at:
		line 151 in file "C:/MPlab_Digital2/Digital_2/Proyecto2Digital2.X/main.c"
 Parameters:    Size  Location     Type
		None
 Auto vars:     Size  Location     Type
		None
 Return value:  Size  Location     Type
                  1    wreg      void 
 Registers used:
		wreg, fsr0l, fsr0h, status,2, status,0, btemp+1, pclath, cstack
 Tracked objects:
		On entry : 
		On exit  : 
		Unchanged: 
 Data sizes:     COMMON   BANK0   BANK1   BANK3   BANK2
      Params:         0       0       0       0       0
      Locals:         0       0       0       0       0
      Temps:          0       0       0       0       0
      Totals:         0       0       0       0       0
Total ram usage:        0 bytes
 Hardware stack levels used:    1
 Hardware stack levels required when called:    5
 This function calls:
		_I2C_Master_Init
		_initOsc
		_initUSART
 This function is called by:
		_main
 This function uses a non-reentrant model


 *************** function _initUSART *****************
 Defined at:
		line 12 in file "C:/MPlab_Digital2/Digital_2/Proyecto2Digital2.X/usart9600.c"
 Parameters:    Size  Location     Type
		None
 Auto vars:     Size  Location     Type
		None
 Return value:  Size  Location     Type
                  1    wreg      void 
 Registers used:
		wreg, status,2
 Tracked objects:
		On entry : 
		On exit  : 
		Unchanged: 
 Data sizes:     COMMON   BANK0   BANK1   BANK3   BANK2
      Params:         0       0       0       0       0
      Locals:         0       0       0       0       0
      Temps:          0       0       0       0       0
      Totals:         0       0       0       0       0
Total ram usage:        0 bytes
 Hardware stack levels used:    1
 Hardware stack levels required when called:    3
 This function calls:
		Nothing
 This function is called by:
		_setup
 This function uses a non-reentrant model


 *************** function _initOsc *****************
 Defined at:
		line 8 in file "C:/MPlab_Digital2/Digital_2/Proyecto2Digital2.X/librerias2.c"
 Parameters:    Size  Location     Type
  option          1    wreg     unsigned char 
 Auto vars:     Size  Location     Type
  option          1    2[BANK0 ] unsigned char 
 Return value:  Size  Location     Type
                  1    wreg      void 
 Registers used:
		wreg, fsr0l, fsr0h, status,2, status,0
 Tracked objects:
		On entry : 
		On exit  : 
		Unchanged: 
 Data sizes:     COMMON   BANK0   BANK1   BANK3   BANK2
      Params:         0       0       0       0       0
      Locals:         0       1       0       0       0
      Temps:          0       2       0       0       0
      Totals:         0       3       0       0       0
Total ram usage:        3 bytes
 Hardware stack levels used:    1
 Hardware stack levels required when called:    3
 This function calls:
		Nothing
 This function is called by:
		_setup
 This function uses a non-reentrant model


 *************** function _I2C_Master_Init *****************
 Defined at:
		line 17 in file "C:/MPlab_Digital2/Digital_2/Proyecto2Digital2.X/I2C.c"
 Parameters:    Size  Location     Type
  c               4   14[BANK0 ] const unsigned long 
 Auto vars:     Size  Location     Type
		None
 Return value:  Size  Location     Type
                  1    wreg      void 
 Registers used:
		wreg, status,2, status,0, btemp+1, pclath, cstack
 Tracked objects:
		On entry : 
		On exit  : 
		Unchanged: 
 Data sizes:     COMMON   BANK0   BANK1   BANK3   BANK2
      Params:         0       4       0       0       0
      Locals:         0       0       0       0       0
      Temps:          0       4       0       0       0
      Totals:         0       8       0       0       0
Total ram usage:        8 bytes
 Hardware stack levels used:    1
 Hardware stack levels required when called:    4
 This function calls:
		___lldiv
 This function is called by:
		_setup
 This function uses a non-reentrant model


 *************** function ___lldiv *****************
 Defined at:
		line 5 in file "C:\Program Files\Microchip\xc8\v2.20\pic\sources\c90\common\__lldiv.c"
 Parameters:    Size  Location     Type
  divisor         4    0[BANK0 ] unsigned long 
  dividend        4    4[BANK0 ] unsigned long 
 Auto vars:     Size  Location     Type
  quotient        4    9[BANK0 ] unsigned long 
  counter         1   13[BANK0 ] unsigned char 
 Return value:  Size  Location     Type
                  4    0[BANK0 ] unsigned long 
 Registers used:
		wreg, status,2, status,0, btemp+1
 Tracked objects:
		On entry : 
		On exit  : 
		Unchanged: 
 Data sizes:     COMMON   BANK0   BANK1   BANK3   BANK2
      Params:         0       8       0       0       0
      Locals:         0       5       0       0       0
      Temps:          0       1       0       0       0
      Totals:         0      14       0       0       0
Total ram usage:       14 bytes
 Hardware stack levels used:    1
 Hardware stack levels required when called:    3
 This function calls:
		Nothing
 This function is called by:
		_I2C_Master_Init
 This function uses a non-reentrant model


 *************** function _TX_GO *****************
 Defined at:
		line 179 in file "C:/MPlab_Digital2/Digital_2/Proyecto2Digital2.X/main.c"
 Parameters:    Size  Location     Type
		None
 Auto vars:     Size  Location     Type
		None
 Return value:  Size  Location     Type
                  1    wreg      void 
 Registers used:
		wreg, status,2
 Tracked objects:
		On entry : 
		On exit  : 
		Unchanged: 
 Data sizes:     COMMON   BANK0   BANK1   BANK3   BANK2
      Params:         0       0       0       0       0
      Locals:         0       0       0       0       0
      Temps:          0       0       0       0       0
      Totals:         0       0       0       0       0
Total ram usage:        0 bytes
 Hardware stack levels used:    1
 Hardware stack levels required when called:    3
 This function calls:
		Nothing
 This function is called by:
		_main
 This function uses a non-reentrant model


 *************** function _I2C_Master_Write *****************
 Defined at:
		line 67 in file "C:/MPlab_Digital2/Digital_2/Proyecto2Digital2.X/I2C.c"
 Parameters:    Size  Location     Type
  d               2    0[BANK0 ] unsigned int 
 Auto vars:     Size  Location     Type
		None
 Return value:  Size  Location     Type
                  1    wreg      void 
 Registers used:
		wreg, status,2, status,0, pclath, cstack
 Tracked objects:
		On entry : 
		On exit  : 
		Unchanged: 
 Data sizes:     COMMON   BANK0   BANK1   BANK3   BANK2
      Params:         0       2       0       0       0
      Locals:         0       0       0       0       0
      Temps:          0       0       0       0       0
      Totals:         0       2       0       0       0
Total ram usage:        2 bytes
 Hardware stack levels used:    1
 Hardware stack levels required when called:    4
 This function calls:
		_I2C_Master_Wait
 This function is called by:
		_main
 This function uses a non-reentrant model


 *************** function _I2C_Master_Stop *****************
 Defined at:
		line 57 in file "C:/MPlab_Digital2/Digital_2/Proyecto2Digital2.X/I2C.c"
 Parameters:    Size  Location     Type
		None
 Auto vars:     Size  Location     Type
		None
 Return value:  Size  Location     Type
                  1    wreg      void 
 Registers used:
		wreg, status,2, status,0, pclath, cstack
 Tracked objects:
		On entry : 
		On exit  : 
		Unchanged: 
 Data sizes:     COMMON   BANK0   BANK1   BANK3   BANK2
      Params:         0       0       0       0       0
      Locals:         0       0       0       0       0
      Temps:          0       0       0       0       0
      Totals:         0       0       0       0       0
Total ram usage:        0 bytes
 Hardware stack levels used:    1
 Hardware stack levels required when called:    4
 This function calls:
		_I2C_Master_Wait
 This function is called by:
		_main
 This function uses a non-reentrant model


 *************** function _I2C_Master_Start *****************
 Defined at:
		line 41 in file "C:/MPlab_Digital2/Digital_2/Proyecto2Digital2.X/I2C.c"
 Parameters:    Size  Location     Type
		None
 Auto vars:     Size  Location     Type
		None
 Return value:  Size  Location     Type
                  1    wreg      void 
 Registers used:
		wreg, status,2, status,0, pclath, cstack
 Tracked objects:
		On entry : 
		On exit  : 
		Unchanged: 
 Data sizes:     COMMON   BANK0   BANK1   BANK3   BANK2
      Params:         0       0       0       0       0
      Locals:         0       0       0       0       0
      Temps:          0       0       0       0       0
      Totals:         0       0       0       0       0
Total ram usage:        0 bytes
 Hardware stack levels used:    1
 Hardware stack levels required when called:    4
 This function calls:
		_I2C_Master_Wait
 This function is called by:
		_main
 This function uses a non-reentrant model


 *************** function _I2C_Master_RepeatedStart *****************
 Defined at:
		line 49 in file "C:/MPlab_Digital2/Digital_2/Proyecto2Digital2.X/I2C.c"
 Parameters:    Size  Location     Type
		None
 Auto vars:     Size  Location     Type
		None
 Return value:  Size  Location     Type
                  1    wreg      void 
 Registers used:
		wreg, status,2, status,0, pclath, cstack
 Tracked objects:
		On entry : 
		On exit  : 
		Unchanged: 
 Data sizes:     COMMON   BANK0   BANK1   BANK3   BANK2
      Params:         0       0       0       0       0
      Locals:         0       0       0       0       0
      Temps:          0       0       0       0       0
      Totals:         0       0       0       0       0
Total ram usage:        0 bytes
 Hardware stack levels used:    1
 Hardware stack levels required when called:    4
 This function calls:
		_I2C_Master_Wait
 This function is called by:
		_main
 This function uses a non-reentrant model


 *************** function _I2C_Master_Read *****************
 Defined at:
		line 76 in file "C:/MPlab_Digital2/Digital_2/Proyecto2Digital2.X/I2C.c"
 Parameters:    Size  Location     Type
  a               2    0[BANK0 ] unsigned short 
 Auto vars:     Size  Location     Type
  temp            2    4[BANK0 ] unsigned short 
 Return value:  Size  Location     Type
                  2    0[BANK0 ] unsigned short 
 Registers used:
		wreg, status,2, status,0, pclath, cstack
 Tracked objects:
		On entry : 
		On exit  : 
		Unchanged: 
 Data sizes:     COMMON   BANK0   BANK1   BANK3   BANK2
      Params:         0       2       0       0       0
      Locals:         0       2       0       0       0
      Temps:          0       2       0       0       0
      Totals:         0       6       0       0       0
Total ram usage:        6 bytes
 Hardware stack levels used:    1
 Hardware stack levels required when called:    4
 This function calls:
		_I2C_Master_Wait
 This function is called by:
		_main
 This function uses a non-reentrant model


 *************** function _I2C_Master_Wait *****************
 Defined at:
		line 34 in file "C:/MPlab_Digital2/Digital_2/Proyecto2Digital2.X/I2C.c"
 Parameters:    Size  Location     Type
		None
 Auto vars:     Size  Location     Type
		None
 Return value:  Size  Location     Type
                  1    wreg      void 
 Registers used:
		wreg, status,2
 Tracked objects:
		On entry : 
		On exit  : 
		Unchanged: 
 Data sizes:     COMMON   BANK0   BANK1   BANK3   BANK2
      Params:         0       0       0       0       0
      Locals:         0       0       0       0       0
      Temps:          0       0       0       0       0
      Totals:         0       0       0       0       0
Total ram usage:        0 bytes
 Hardware stack levels used:    1
 Hardware stack levels required when called:    3
 This function calls:
		Nothing
 This function is called by:
		_I2C_Master_Start
		_I2C_Master_RepeatedStart
		_I2C_Master_Stop
		_I2C_Master_Write
		_I2C_Master_Read
 This function uses a non-reentrant model


 *************** function _isr *****************
 Defined at:
		line 61 in file "C:/MPlab_Digital2/Digital_2/Proyecto2Digital2.X/main.c"
 Parameters:    Size  Location     Type
		None
 Auto vars:     Size  Location     Type
		None
 Return value:  Size  Location     Type
                  1    wreg      void 
 Registers used:
		wreg, fsr0l, fsr0h, status,2, status,0, btemp+1, pclath, cstack
 Tracked objects:
		On entry : 
		On exit  : 
		Unchanged: 
 Data sizes:     COMMON   BANK0   BANK1   BANK3   BANK2
      Params:         0       0       0       0       0
      Locals:         0       0       0       0       0
      Temps:          6       0       0       0       0
      Totals:         6       0       0       0       0
Total ram usage:        6 bytes
 Hardware stack levels used:    1
 Hardware stack levels required when called:    2
 This function calls:
		_envio
 This function is called by:
		Interrupt level 1
 This function uses a non-reentrant model


 *************** function _envio *****************
 Defined at:
		line 185 in file "C:/MPlab_Digital2/Digital_2/Proyecto2Digital2.X/main.c"
 Parameters:    Size  Location     Type
		None
 Auto vars:     Size  Location     Type
		None
 Return value:  Size  Location     Type
                  1    wreg      void 
 Registers used:
		wreg, fsr0l, fsr0h, status,2, status,0, btemp+1, pclath, cstack
 Tracked objects:
		On entry : 
		On exit  : 
		Unchanged: 
 Data sizes:     COMMON   BANK0   BANK1   BANK3   BANK2
      Params:         0       0       0       0       0
      Locals:         0       0       0       0       0
      Temps:          2       0       0       0       0
      Totals:         2       0       0       0       0
Total ram usage:        2 bytes
 Hardware stack levels used:    1
 Hardware stack levels required when called:    1
 This function calls:
		_tabla_hex
 This function is called by:
		_isr
 This function uses a non-reentrant model


 *************** function _tabla_hex *****************
 Defined at:
		line 11 in file "C:/MPlab_Digital2/Digital_2/Proyecto2Digital2.X/TablaACSII_HEX.c"
 Parameters:    Size  Location     Type
  selector        1    wreg     unsigned char 
  port            2    0[COMMON] PTR volatile unsigned ch
		 -> TXREG(1), 
 Auto vars:     Size  Location     Type
  selector        1    4[COMMON] unsigned char 
 Return value:  Size  Location     Type
                  1    wreg      void 
 Registers used:
		wreg, fsr0l, fsr0h, status,2, status,0, btemp+1
 Tracked objects:
		On entry : 
		On exit  : 
		Unchanged: 
 Data sizes:     COMMON   BANK0   BANK1   BANK3   BANK2
      Params:         2       0       0       0       0
      Locals:         1       0       0       0       0
      Temps:          2       0       0       0       0
      Totals:         5       0       0       0       0
Total ram usage:        5 bytes
 Hardware stack levels used:    1
 This function calls:
		Nothing
 This function is called by:
		_envio
 This function uses a non-reentrant model



MODULE INFORMATION

Module		Function		Class		Link	Load	Size
C:/MPlab_Digital2/Digital_2/Proyecto2Digital2.X/main.c
		_main          		CODE           	0252	0000	168
		_isr           		CODE           	02F9	0000	114
		_TX_GO         		CODE           	04EE	0000	14
		_envio         		CODE           	0023	0000	339
		_setup         		CODE           	0429	0000	69

C:/MPlab_Digital2/Digital_2/Proyecto2Digital2.X/main.c estimated size: 704

C:/MPlab_Digital2/Digital_2/Proyecto2Digital2.X/I2C.c
		_I2C_Master_Read		CODE           	04A8	0000	51
		_I2C_Master_Wait		CODE           	04FB	0000	14
		_I2C_Master_Init		CODE           	046D	0000	60
		_I2C_Master_Stop		CODE           	0512	0000	10
		_I2C_Master_RepeatedStart		CODE           	0524	0000	10
		_I2C_Master_Write		CODE           	0508	0000	11
		_I2C_Master_Start		CODE           	051B	0000	10

C:/MPlab_Digital2/Digital_2/Proyecto2Digital2.X/I2C.c estimated size: 166

C:\Program Files\Microchip\xc8\v2.20\pic\sources\c90\common\__lldiv.c
		___lldiv       		CODE           	036A	0000	105

C:\Program Files\Microchip\xc8\v2.20\pic\sources\c90\common\__lldiv.c estimated size: 105

C:/MPlab_Digital2/Digital_2/Proyecto2Digital2.X/TablaACSII_HEX.c
		_tabla_hex     		CODE           	0175	0000	222

C:/MPlab_Digital2/Digital_2/Proyecto2Digital2.X/TablaACSII_HEX.c estimated size: 222

C:/MPlab_Digital2/Digital_2/Proyecto2Digital2.X/librerias2.c
		_initOsc       		CODE           	03D2	0000	88

C:/MPlab_Digital2/Digital_2/Proyecto2Digital2.X/librerias2.c estimated size: 88

shared
		__initialization		CODE           	0015	0000	11

shared estimated size: 11

C:/MPlab_Digital2/Digital_2/Proyecto2Digital2.X/usart9600.c
		_initUSART     		CODE           	04DA	0000	21

C:/MPlab_Digital2/Digital_2/Proyecto2Digital2.X/usart9600.c estimated size: 21

