Microchip MPLAB XC8 Compiler V2.20

Linker command line:

-W-3 --edf=C:\Program Files\Microchip\xc8\v2.20\pic\dat\en_msgs.txt -cn \
  -h+dist/default/production\Proyecto3Digital2.X.production.sym \
  --cmf=dist/default/production\Proyecto3Digital2.X.production.cmf -z \
  -Q16F887 -oC:\Users\CARLOS~1\AppData\Local\Temp\sdgc.2 \
  --defsym=__MPLAB_BUILD=1 \
  -Mdist/default/production/Proyecto3Digital2.X.production.map -E1 \
  -ver=XC8 Compiler --acfsm=1493 -ASTACK=0110h-016Fh -pstack=STACK \
  -ACODE=00h-07FFhx4 -ASTRCODE=00h-01FFFh -ASTRING=00h-0FFhx32 \
  -ACONST=00h-0FFhx32 -AENTRY=00h-0FFhx32 -ACOMMON=070h-07Fh \
  -ABANK0=020h-06Fh -ABANK1=0A0h-0EFh -ABANK2=0110h-016Fh \
  -ABANK3=0190h-01EFh -ARAM=020h-06Fh,0A0h-0EFh,0110h-016Fh,0190h-01EFh \
  -AABS1=020h-07Fh,0A0h-0EFh,0110h-016Fh,0190h-01EFh -ASFR0=00h-01Fh \
  -ASFR1=080h-09Fh -ASFR2=0100h-010Fh -ASFR3=0180h-018Fh \
  -ACONFIG=02007h-02008h -DCONFIG=2 -AIDLOC=02000h-02003h -DIDLOC=2 \
  -preset_vec=00h,intentry=04h,init,end_init -ppowerup=CODE -pcinit=CODE \
  -pfunctab=ENTRY -AEEDATA=00h-0FFh/02100h -peeprom_data=EEDATA -DEEDATA=2 \
  -DCODE=2 -DSTRCODE=2 -DSTRING=2 -DCONST=2 -DENTRY=2 -k \
  C:\Users\CARLOS~1\AppData\Local\Temp\sdgc.o \
  dist/default/production\Proyecto3Digital2.X.production.o 

Object code version is 3.11

Machine type is 16F887



                Name                               Link     Load   Length Selector   Space Scale
C:\Users\CARLOS~1\AppData\Local\Temp\sdgc.o
                end_init                             12       12        3        8       0
                reset_vec                             0        0        3        0       0
                config                             2007     2007        2        0       4
dist/default/production\Proyecto3Digital2.X.production.o
                cinit                                15       15       17        8       0
                intentry                              4        4        E        8       0
                config                             2007     2007        2        0       4
                text30                              89C      89C       67     1138       0
                text29                             1629     1629       25     2C52       0
                text28                              697      697      149        8       0
                text27                             1606     1606       23     2C0C       0
                text26                             159F     159F        6     2B3E       0
                text25                              800      800       19     1000       0
                text24                             15A5     15A5        7     2B4A       0
                text23                             164E     164E       26     2C9C       0
                text22                             15C8     15C8       13     2B90       0
                text21                             169B     169B       29     2D36       0
                text20                             15BC     15BC        C     2B78       0
                text19                             15AC     15AC        7     2B58       0
                text18                             15B3     15B3        9     2B66       0
                text17                             1759     1759       50     2EB2       0
                text16                              903      903       69     1206       0
                text15                             15EF     15EF       17     2BDE       0
                text14                             16C4     16C4       46     2D88       0
                text13                             1674     1674       27     2CE8       0
                text12                              9FE      9FE       94     13FC       0
                text11                              842      842       5A     1084       0
                text10                             17A9     17A9       57     2F52       0
                text9                              15DB     15DB       14     2BB6       0
                text8                               7E0      7E0       1E        8       0
                text7                              170A     170A       4F     2E14       0
                text6                               38D      38D      30A        8       0
                text5                               819      819       29     1032       0
                text4                                2C       2C      361        8       0
                text3                               96C      96C       92     12D8       0
                text2                               A92      A92       BC     1524       0
                text1                               B4E      B4E      210     169C       0
                maintext                            D5E      D5E      2A2     1ABC       0
                cstackBANK0                          20       20       41       20       1
                cstackCOMMON                         70       70        E       70       1
                cstackBANK1                          A0       A0       1B       A0       1
                bssBANK1                             BB       BB        B       A0       1
                bssBANK0                             61       61        4       20       1
                strings                            1000     1000       15     2000       0

TOTAL           Name                               Link     Load   Length     Space
        CLASS   STACK          

        CLASS   CODE           
                end_init                             12       12        3         0
                cinit                                15       15       17         0
                intentry                              4        4        E         0
                reset_vec                             0        0        3         0
                text30                              89C      89C       67         0
                text29                             1629     1629       25         0
                text28                              697      697      149         0
                text27                             1606     1606       23         0
                text26                             159F     159F        6         0
                text25                              800      800       19         0
                text24                             15A5     15A5        7         0
                text23                             164E     164E       26         0
                text22                             15C8     15C8       13         0
                text21                             169B     169B       29         0
                text20                             15BC     15BC        C         0
                text19                             15AC     15AC        7         0
                text18                             15B3     15B3        9         0
                text17                             1759     1759       50         0
                text16                              903      903       69         0
                text15                             15EF     15EF       17         0
                text14                             16C4     16C4       46         0
                text13                             1674     1674       27         0
                text12                              9FE      9FE       94         0
                text11                              842      842       5A         0
                text10                             17A9     17A9       57         0
                text9                              15DB     15DB       14         0
                text8                               7E0      7E0       1E         0
                text7                              170A     170A       4F         0
                text6                               38D      38D      30A         0
                text5                               819      819       29         0
                text4                                2C       2C      361         0
                text3                               96C      96C       92         0
                text2                               A92      A92       BC         0
                text1                               B4E      B4E      210         0
                maintext                            D5E      D5E      2A2         0

        CLASS   STRCODE        

        CLASS   STRING         
                strings                            1000     1000       15         0

        CLASS   CONST          

        CLASS   ENTRY          

        CLASS   COMMON         
                cstackCOMMON                         70       70        E         1

        CLASS   BANK0          
                cstackBANK0                          20       20       41         1
                bssBANK0                             61       61        4         1

        CLASS   BANK1          
                cstackBANK1                          A0       A0       1B         1
                bssBANK1                             BB       BB        B         1

        CLASS   BANK2          

        CLASS   BANK3          

        CLASS   RAM            

        CLASS   ABS1           
                abs_s1                               7E       7E        2         1

        CLASS   SFR0           

        CLASS   SFR1           

        CLASS   SFR2           

        CLASS   SFR3           

        CLASS   CONFIG         
                config                             2007     2007        2         4

        CLASS   IDLOC          

        CLASS   EEDATA         



SEGMENTS        Name                           Load    Length   Top    Selector   Space  Class     Delta

                reset_vec                      000000  000003  000003         0       0  CODE        2
                intentry                       000004  0007FA  0007FE         8       0  CODE        2
                cstackBANK0                    000020  000045  000065        20       1  BANK0       1
                cstackCOMMON                   000070  00000E  00007E        70       1  COMMON      1
                cstackBANK1                    0000A0  000026  0000C6        A0       1  BANK1       1
                text25                         000800  000019  000819      1000       0  CODE        2
                text5                          000819  000029  000842      1032       0  CODE        2
                text11                         000842  00005A  00089C      1084       0  CODE        2
                text30                         00089C  000067  000903      1138       0  CODE        2
                text16                         000903  000069  00096C      1206       0  CODE        2
                text3                          00096C  000092  0009FE      12D8       0  CODE        2
                text12                         0009FE  000094  000A92      13FC       0  CODE        2
                text2                          000A92  0000BC  000B4E      1524       0  CODE        2
                text1                          000B4E  000210  000D5E      169C       0  CODE        2
                maintext                       000D5E  0002A2  001000      1ABC       0  CODE        2
                strings                        001000  000015  001015      2000       0  STRING      2
                text26                         00159F  000006  0015A5      2B3E       0  CODE        2
                text24                         0015A5  000007  0015AC      2B4A       0  CODE        2
                text19                         0015AC  000007  0015B3      2B58       0  CODE        2
                text18                         0015B3  000009  0015BC      2B66       0  CODE        2
                text20                         0015BC  00000C  0015C8      2B78       0  CODE        2
                text22                         0015C8  000013  0015DB      2B90       0  CODE        2
                text9                          0015DB  000014  0015EF      2BB6       0  CODE        2
                text15                         0015EF  000017  001606      2BDE       0  CODE        2
                text27                         001606  000023  001629      2C0C       0  CODE        2
                text29                         001629  000025  00164E      2C52       0  CODE        2
                text23                         00164E  000026  001674      2C9C       0  CODE        2
                text13                         001674  000027  00169B      2CE8       0  CODE        2
                text21                         00169B  000029  0016C4      2D36       0  CODE        2
                text14                         0016C4  000046  00170A      2D88       0  CODE        2
                text7                          00170A  00004F  001759      2E14       0  CODE        2
                text17                         001759  000050  0017A9      2EB2       0  CODE        2
                text10                         0017A9  000057  001800      2F52       0  CODE        2


UNUSED ADDRESS RANGES

        Name                Unused          Largest block    Delta
        BANK0            0065-006F              B           1
        BANK1            00C6-00EF             2A           1
        BANK2            0110-016F             60           1
        BANK3            0190-01EF             60           1
        CODE             0003-0003              1           2
                         07FE-07FF              2
                         1015-159E            58A
                         1800-1FFF            800
        CONST            0003-0003              1           2
                         07FE-07FF              2
                         1015-159E            100
                         1800-1FFF            100
        EEDATA           2100-21FF            100           2
        ENTRY            0003-0003              1           2
                         07FE-07FF              2
                         1015-159E            100
                         1800-1FFF            100
        IDLOC            2000-2003              4           2
        RAM              0065-006F              B           1
                         00C6-00EF             2A
                         0110-016F             60
                         0190-01EF             60
        SFR0             0000-001F             20           1
        SFR1             0080-009F             20           1
        SFR2             0100-010F             10           1
        SFR3             0180-018F             10           1
        STACK            0110-016F             60           1
        STRCODE          0003-0003              1           2
                         07FE-07FF              2
                         1015-159E            58A
                         1800-1FFF            800
        STRING           0003-0003              1           2
                         07FE-07FF              2
                         1015-159E            100
                         1800-1FFF            100

                                  Symbol Table

?__Umul8_16                cstackBANK0  002B
?___awdiv                  cstackBANK0  002B
?___fladd                  cstackBANK0  0053
?___flmul                  cstackBANK0  0039
?___fltol                  cstackBANK1  00A8
?___lwdiv                  cstackBANK0  0039
?___wmul                   cstackBANK0  0033
?___xxtofl                 cstackBANK0  002B
?i1___awdiv                cstackCOMMON 0070
?i1___wmul                 cstackCOMMON 0078
Lcd_Cmd@a                  cstackBANK0  002D
Lcd_Port@a                 cstackBANK0  002B
Lcd_Set_Cursor@a           cstackBANK0  002F
Lcd_Set_Cursor@b           cstackBANK0  002E
Lcd_Set_Cursor@temp        cstackBANK0  0030
Lcd_Write_Char@a           cstackBANK0  002C
Lcd_Write_String@a         cstackBANK0  002F
Lcd_Write_String@i         cstackBANK0  002D
_ANSEL                     (abs)        0188
_ANSELH                    (abs)        0189
_BAUDCTLbits               (abs)        0187
_INTCONbits                (abs)        000B
_Lcd_Clear                 text24       15A5
_Lcd_Cmd                   text25       0800
_Lcd_Init                  text11       0842
_Lcd_Port                  text26       159F
_Lcd_Set_Cursor            text23       164E
_Lcd_Write_Char            text22       15C8
_Lcd_Write_String          text21       169B
_OPTION_REG                (abs)        0081
_OSCCONbits                (abs)        008F
_PIE1bits                  (abs)        008C
_PIR1bits                  (abs)        000C
_PORTA                     (abs)        0005
_PORTB                     (abs)        0006
_PORTC                     (abs)        0007
_PORTCbits                 (abs)        0007
_PORTD                     (abs)        0008
_PORTE                     (abs)        0009
_RCSTAbits                 (abs)        0018
_RE0                       (abs)        0048
_RE2                       (abs)        004A
_SPBRG                     (abs)        0099
_SPBRGH                    (abs)        009A
_SSPBUF                    (abs)        0013
_SSPCON                    (abs)        0014
_SSPSTAT                   (abs)        0094
_SSPSTATbits               (abs)        0094
_TMR0                      (abs)        0001
_TRISA                     (abs)        0085
_TRISB                     (abs)        0086
_TRISC3                    (abs)        043B
_TRISC5                    (abs)        043D
_TRISCbits                 (abs)        0087
_TRISD                     (abs)        0088
_TRISE                     (abs)        0089
_TXREG                     (abs)        0019
_TXSTAbits                 (abs)        0098
_TX_GO                     text20       15BC
__Habs1                    abs1         0000
__Hbank0                   bank0        0000
__Hbank1                   bank1        0000
__Hbank2                   bank2        0000
__Hbank3                   bank3        0000
__HbssBANK0                bssBANK0     0000
__HbssBANK1                bssBANK1     0000
__Hcinit                   cinit        002C
__Hclrtext                 clrtext      0000
__Hcode                    code         0000
__Hcommon                  common       0000
__Hconfig                  config       2009
__HcstackBANK0             cstackBANK0  0000
__HcstackBANK1             cstackBANK1  0000
__HcstackCOMMON            cstackCOMMON 0000
__Heeprom_data             eeprom_data  0000
__Hend_init                end_init     0015
__Hfunctab                 functab      0000
__Hinit                    init         0012
__Hintentry                intentry     0012
__Hmaintext                maintext     0000
__Hpowerup                 powerup      0000
__Hram                     ram          0000
__Hreset_vec               reset_vec    0003
__Hsfr0                    sfr0         0000
__Hsfr1                    sfr1         0000
__Hsfr2                    sfr2         0000
__Hsfr3                    sfr3         0000
__Hspace_0                 (abs)        1800
__Hspace_1                 (abs)        00C6
__Hspace_2                 (abs)        0000
__Hspace_3                 (abs)        0000
__Hspace_4                 (abs)        4010
__Hstack                   stack        0000
__Hstrings                 strings      0000
__Htext                    text         0000
__Labs1                    abs1         0000
__Lbank0                   bank0        0000
__Lbank1                   bank1        0000
__Lbank2                   bank2        0000
__Lbank3                   bank3        0000
__LbssBANK0                bssBANK0     0000
__LbssBANK1                bssBANK1     0000
__Lcinit                   cinit        0015
__Lclrtext                 clrtext      0000
__Lcode                    code         0000
__Lcommon                  common       0000
__Lconfig                  config       0000
__LcstackBANK0             cstackBANK0  0000
__LcstackBANK1             cstackBANK1  0000
__LcstackCOMMON            cstackCOMMON 0000
__Leeprom_data             eeprom_data  0000
__Lend_init                end_init     0012
__Lfunctab                 functab      0000
__Linit                    init         0012
__Lintentry                intentry     0004
__Lmaintext                maintext     0000
__Lpowerup                 powerup      0000
__Lram                     ram          0000
__Lreset_vec               reset_vec    0000
__Lsfr0                    sfr0         0000
__Lsfr1                    sfr1         0000
__Lsfr2                    sfr2         0000
__Lsfr3                    sfr3         0000
__Lspace_0                 (abs)        0000
__Lspace_1                 (abs)        0000
__Lspace_2                 (abs)        0000
__Lspace_3                 (abs)        0000
__Lspace_4                 (abs)        0000
__Lstack                   stack        0000
__Lstrings                 strings      0000
__Ltext                    text         0000
__S0                       (abs)        1800
__S1                       (abs)        00C6
__S2                       (abs)        0000
__S3                       (abs)        0000
__Umul8_16                 text5        0819
__Umul8_16@multiplicand    cstackBANK0  002B
__Umul8_16@multiplier      cstackBANK0  0033
__Umul8_16@product         cstackBANK0  002F
__Umul8_16@word_mpld       cstackBANK0  0031
___awdiv                   text16       0903
___awdiv@counter           cstackBANK0  002F
___awdiv@dividend          cstackBANK0  002D
___awdiv@divisor           cstackBANK0  002B
___awdiv@quotient          cstackBANK0  0031
___awdiv@sign              cstackBANK0  0030
___bmul                    text15       15EF
___bmul@multiplicand       cstackBANK0  0039
___bmul@multiplier         cstackBANK0  003B
___bmul@product            cstackBANK0  003A
___fladd                   text6        038D
___fladd@a                 cstackBANK0  0057
___fladd@aexp              cstackBANK0  005C
___fladd@b                 cstackBANK0  0053
___fladd@bexp              cstackBANK0  005D
___fladd@grs               cstackBANK0  005E
___fladd@signs             cstackBANK0  005B
___flmul                   text4        002C
___flmul@a                 cstackBANK0  003D
___flmul@aexp              cstackBANK0  004B
___flmul@b                 cstackBANK0  0039
___flmul@bexp              cstackBANK0  004C
___flmul@grs               cstackBANK0  0047
___flmul@prod              cstackBANK0  004D
___flmul@sign              cstackBANK0  0046
___flmul@temp              cstackBANK0  0051
___fltol                   text3        096C
___fltol@exp1              cstackBANK0  0060
___fltol@f1                cstackBANK1  00A8
___fltol@sign1             cstackBANK0  005F
___int_sp                  stack        0000
___latbits                 (abs)        0002
___lwdiv                   text14       16C4
___lwdiv@counter           cstackBANK0  003F
___lwdiv@dividend          cstackBANK0  003B
___lwdiv@divisor           cstackBANK0  0039
___lwdiv@quotient          cstackBANK0  003D
___sp                      stack        0000
___stackhi                 (abs)        0000
___stacklo                 (abs)        0000
___wmul                    text13       1674
___wmul@multiplicand       cstackBANK0  0035
___wmul@multiplier         cstackBANK0  0033
___wmul@product            cstackBANK0  0037
___xxtofl                  text2        0A92
___xxtofl@arg              cstackBANK0  0035
___xxtofl@exp              cstackBANK0  0034
___xxtofl@sign             cstackBANK0  0033
___xxtofl@val              cstackBANK0  002B
__end_of_Lcd_Clear         text24       15AC
__end_of_Lcd_Cmd           text25       0819
__end_of_Lcd_Init          text11       089C
__end_of_Lcd_Port          text26       15A5
__end_of_Lcd_Set_Cursor    text23       1674
__end_of_Lcd_Write_Char    text22       15DB
__end_of_Lcd_Write_String  text21       16C4
__end_of_TX_GO             text20       15C8
__end_of__Umul8_16         text5        0842
__end_of___awdiv           text16       096C
__end_of___bmul            text15       1606
__end_of___fladd           text6        0697
__end_of___flmul           text4        038D
__end_of___fltol           text3        09FE
__end_of___lwdiv           text14       170A
__end_of___wmul            text13       169B
__end_of___xxtofl          text2        0B4E
__end_of__initialization   cinit        0028
__end_of__stringtab        strings      1006
__end_of_envio             text28       07E0
__end_of_envio_esclavos    text17       17A9
__end_of_initOsc           text10       1800
__end_of_initUSART         text9        15EF
__end_of_isr               text27       1629
__end_of_main              maintext     1000
__end_of_mapeo             text12       0A92
__end_of_setup             text7        1759
__end_of_spiInit           text8        07FE
__end_of_spiRead           text18       15BC
__end_of_spiReceiveWait    text19       15B3
__end_of_temp_pos          text1        0D5E
__end_ofi1___awdiv         text30       0903
__end_ofi1___wmul          text29       164E
__initialization           cinit        0015
__pbssBANK0                bssBANK0     0061
__pbssBANK1                bssBANK1     00BB
__pcstackBANK0             cstackBANK0  0020
__pcstackBANK1             cstackBANK1  00A0
__pcstackCOMMON            cstackCOMMON 0070
__pintentry                intentry     0004
__pmaintext                maintext     0D5E
__pstrings                 strings      1000
__ptext1                   text1        0B4E
__ptext10                  text10       17A9
__ptext11                  text11       0842
__ptext12                  text12       09FE
__ptext13                  text13       1674
__ptext14                  text14       16C4
__ptext15                  text15       15EF
__ptext16                  text16       0903
__ptext17                  text17       1759
__ptext18                  text18       15B3
__ptext19                  text19       15AC
__ptext2                   text2        0A92
__ptext20                  text20       15BC
__ptext21                  text21       169B
__ptext22                  text22       15C8
__ptext23                  text23       164E
__ptext24                  text24       15A5
__ptext25                  text25       0800
__ptext26                  text26       159F
__ptext27                  text27       1606
__ptext28                  text28       0697
__ptext29                  text29       1629
__ptext3                   text3        096C
__ptext30                  text30       089C
__ptext4                   text4        002C
__ptext5                   text5        0819
__ptext6                   text6        038D
__ptext7                   text7        170A
__ptext8                   text8        07E0
__ptext9                   text9        15DB
__size_of_Lcd_Clear        (abs)        0000
__size_of_Lcd_Cmd          (abs)        0000
__size_of_Lcd_Init         (abs)        0000
__size_of_Lcd_Port         (abs)        0000
__size_of_Lcd_Set_Cursor   (abs)        0000
__size_of_Lcd_Write_Char   (abs)        0000
__size_of_Lcd_Write_String (abs)        0000
__size_of_TX_GO            (abs)        0000
__size_of__Umul8_16        (abs)        0000
__size_of___awdiv          (abs)        0000
__size_of___bmul           (abs)        0000
__size_of___fladd          (abs)        0000
__size_of___flmul          (abs)        0000
__size_of___fltol          (abs)        0000
__size_of___lwdiv          (abs)        0000
__size_of___wmul           (abs)        0000
__size_of___xxtofl         (abs)        0000
__size_of_envio            (abs)        0000
__size_of_envio_esclavos   (abs)        0000
__size_of_initOsc          (abs)        0000
__size_of_initUSART        (abs)        0000
__size_of_isr              (abs)        0000
__size_of_main             (abs)        0000
__size_of_mapeo            (abs)        0000
__size_of_setup            (abs)        0000
__size_of_spiInit          (abs)        0000
__size_of_spiRead          (abs)        0000
__size_of_spiReceiveWait   (abs)        0000
__size_of_temp_pos         (abs)        0000
__size_ofi1___awdiv        (abs)        0000
__size_ofi1___wmul         (abs)        0000
__stringbase               strings      1005
__stringtab                strings      1000
_centenasp1                bssBANK1     00BF
_centenasp2                bssBANK1     00BC
_controles                 bssBANK0     0064
_decenasp1                 bssBANK1     00C0
_decenasp2                 bssBANK1     00BD
_envio                     text28       0697
_envio$1248                cstackBANK0  0025
_envio_esclavos            text17       1759
_esclavo1                  bssBANK0     0063
_esclavo2                  bssBANK1     00C3
_esclavo3                  bssBANK1     00C2
_gradospos                 bssBANK1     00C4
_initOsc                   text10       17A9
_initUSART                 text9        15DB
_isr                       text27       1606
_main                      maintext     0D5E
_main$1228                 cstackBANK1  00B9
_mapeo                     text12       09FE
_nueva                     bssBANK1     00BB
_setup                     text7        170A
_slave                     bssBANK0     0062
_spiInit                   text8        07E0
_spiRead                   text18       15B3
_spiReceiveWait            text19       15AC
_temp_pos                  text1        0B4E
_temp_pos$1230             cstackBANK1  00B2
_unidadesp1                bssBANK1     00C1
_unidadesp2                bssBANK1     00BE
_var_envio                 bssBANK0     0061
btemp                      (abs)        007E
end_of_initialization      cinit        0028
i1___awdiv                 text30       089C
i1___awdiv@counter         cstackCOMMON 0074
i1___awdiv@dividend        cstackCOMMON 0072
i1___awdiv@divisor         cstackCOMMON 0070
i1___awdiv@quotient        cstackCOMMON 0076
i1___awdiv@sign            cstackCOMMON 0075
i1___wmul                  text29       1629
i1___wmul@multiplicand     cstackCOMMON 007A
i1___wmul@multiplier       cstackCOMMON 0078
i1___wmul@product          cstackCOMMON 007C
initOsc@option             cstackBANK0  002D
interrupt_function         intentry     0004
intlevel0                  functab      0000
intlevel1                  functab      0000
intlevel2                  functab      0000
intlevel3                  functab      0000
intlevel4                  functab      0000
intlevel5                  functab      0000
mapeo@TEMP1                cstackBANK0  0042
reset_vec                  reset_vec    0000
saved_w                    (abs)        007E
spiInit@sClockIdle         cstackBANK0  002C
spiInit@sDataSample        cstackBANK0  002B
spiInit@sTransmitEdge      cstackBANK0  002D
spiInit@sType              cstackBANK0  002E
start                      init         0012
start_initialization       cinit        0015
wtemp0                     (abs)        007E


FUNCTION INFORMATION:

 *************** function _main *****************
 Defined at:
		line 82 in file "C:/MPlab_Digital2/Digital_2/Proyecto3Digital2.X/main.c"
 Parameters:    Size  Location     Type
		None
 Auto vars:     Size  Location     Type
		None
 Return value:  Size  Location     Type
                  1    wreg      void 
 Registers used:
		wreg, fsr0l, fsr0h, status,2, status,0, btemp+1, pclath, cstack
 Tracked objects:
		On entry : 
		On exit  : 
		Unchanged: 
 Data sizes:     COMMON   BANK0   BANK1   BANK3   BANK2
      Params:         0       0       0       0       0
      Locals:         0       0       2       0       0
      Temps:          0       0       3       0       0
      Totals:         0       0       5       0       0
Total ram usage:        5 bytes
 Hardware stack levels required when called:    7
 This function calls:
		_Lcd_Clear
		_Lcd_Set_Cursor
		_Lcd_Write_Char
		_Lcd_Write_String
		_TX_GO
		___awdiv
		___bmul
		___wmul
		_envio_esclavos
		_mapeo
		_setup
		_temp_pos
 This function is called by:
		Startup code after reset
 This function uses a non-reentrant model


 *************** function _temp_pos *****************
 Defined at:
		line 286 in file "C:/MPlab_Digital2/Digital_2/Proyecto3Digital2.X/main.c"
 Parameters:    Size  Location     Type
		None
 Auto vars:     Size  Location     Type
		None
 Return value:  Size  Location     Type
                  1    wreg      void 
 Registers used:
		wreg, status,2, status,0, btemp+1, pclath, cstack
 Tracked objects:
		On entry : 
		On exit  : 
		Unchanged: 
 Data sizes:     COMMON   BANK0   BANK1   BANK3   BANK2
      Params:         0       0       0       0       0
      Locals:         0       0       4       0       0
      Temps:          0       0       2       0       0
      Totals:         0       0       6       0       0
Total ram usage:        6 bytes
 Hardware stack levels used:    1
 Hardware stack levels required when called:    5
 This function calls:
		___awdiv
		___bmul
		___fladd
		___flmul
		___fltol
		___wmul
		___xxtofl
 This function is called by:
		_main
 This function uses a non-reentrant model


 *************** function ___xxtofl *****************
 Defined at:
		line 10 in file "C:\Program Files\Microchip\xc8\v2.20\pic\sources\c90\common\xxtofl.c"
 Parameters:    Size  Location     Type
  sign            1    wreg     unsigned char 
  val             4   11[BANK0 ] long 
 Auto vars:     Size  Location     Type
  sign            1   19[BANK0 ] unsigned char 
  arg             4   21[BANK0 ] unsigned long 
  exp             1   20[BANK0 ] unsigned char 
 Return value:  Size  Location     Type
                  4   11[BANK0 ] unsigned char 
 Registers used:
		wreg, status,2, status,0, btemp+1
 Tracked objects:
		On entry : 
		On exit  : 
		Unchanged: 
 Data sizes:     COMMON   BANK0   BANK1   BANK3   BANK2
      Params:         0       4       0       0       0
      Locals:         0       6       0       0       0
      Temps:          0       4       0       0       0
      Totals:         0      14       0       0       0
Total ram usage:       14 bytes
 Hardware stack levels used:    1
 Hardware stack levels required when called:    3
 This function calls:
		Nothing
 This function is called by:
		_temp_pos
 This function uses a non-reentrant model


 *************** function ___fltol *****************
 Defined at:
		line 43 in file "C:\Program Files\Microchip\xc8\v2.20\pic\sources\c90\common\fltol.c"
 Parameters:    Size  Location     Type
  f1              4    8[BANK1 ] unsigned char 
 Auto vars:     Size  Location     Type
  exp1            1   64[BANK0 ] unsigned char 
  sign1           1   63[BANK0 ] unsigned char 
 Return value:  Size  Location     Type
                  4    8[BANK1 ] long 
 Registers used:
		wreg, status,2, status,0, btemp+1
 Tracked objects:
		On entry : 
		On exit  : 
		Unchanged: 
 Data sizes:     COMMON   BANK0   BANK1   BANK3   BANK2
      Params:         0       0       4       0       0
      Locals:         0       2       0       0       0
      Temps:          0       0       4       0       0
      Totals:         0       2       8       0       0
Total ram usage:       10 bytes
 Hardware stack levels used:    1
 Hardware stack levels required when called:    3
 This function calls:
		Nothing
 This function is called by:
		_temp_pos
 This function uses a non-reentrant model


 *************** function ___flmul *****************
 Defined at:
		line 8 in file "C:\Program Files\Microchip\xc8\v2.20\pic\sources\c90\common\sprcmul.c"
 Parameters:    Size  Location     Type
  b               4   25[BANK0 ] long 
  a               4   29[BANK0 ] long 
 Auto vars:     Size  Location     Type
  prod            4   45[BANK0 ] struct .
  grs             4   39[BANK0 ] unsigned long 
  temp            2   49[BANK0 ] struct .
  bexp            1   44[BANK0 ] unsigned char 
  aexp            1   43[BANK0 ] unsigned char 
  sign            1   38[BANK0 ] unsigned char 
 Return value:  Size  Location     Type
                  4   25[BANK0 ] unsigned char 
 Registers used:
		wreg, status,2, status,0, btemp+1, pclath, cstack
 Tracked objects:
		On entry : 
		On exit  : 
		Unchanged: 
 Data sizes:     COMMON   BANK0   BANK1   BANK3   BANK2
      Params:         0       8       0       0       0
      Locals:         0      13       0       0       0
      Temps:          0       5       0       0       0
      Totals:         0      26       0       0       0
Total ram usage:       26 bytes
 Hardware stack levels used:    1
 Hardware stack levels required when called:    4
 This function calls:
		__Umul8_16
 This function is called by:
		_temp_pos
 This function uses a non-reentrant model


 *************** function __Umul8_16 *****************
 Defined at:
		line 4 in file "C:\Program Files\Microchip\xc8\v2.20\pic\sources\c90\common\Umul8_16.c"
 Parameters:    Size  Location     Type
  multiplier      1    wreg     unsigned char 
  multiplicand    1   11[BANK0 ] unsigned char 
 Auto vars:     Size  Location     Type
  multiplier      1   19[BANK0 ] unsigned char 
  word_mpld       2   17[BANK0 ] unsigned int 
  product         2   15[BANK0 ] unsigned int 
 Return value:  Size  Location     Type
                  2   11[BANK0 ] unsigned int 
 Registers used:
		wreg, status,2, status,0
 Tracked objects:
		On entry : 
		On exit  : 
		Unchanged: 
 Data sizes:     COMMON   BANK0   BANK1   BANK3   BANK2
      Params:         0       2       0       0       0
      Locals:         0       5       0       0       0
      Temps:          0       2       0       0       0
      Totals:         0       9       0       0       0
Total ram usage:        9 bytes
 Hardware stack levels used:    1
 Hardware stack levels required when called:    3
 This function calls:
		Nothing
 This function is called by:
		___flmul
 This function uses a non-reentrant model


 *************** function ___fladd *****************
 Defined at:
		line 10 in file "C:\Program Files\Microchip\xc8\v2.20\pic\sources\c90\common\sprcadd.c"
 Parameters:    Size  Location     Type
  b               4   51[BANK0 ] unsigned int 
  a               4   55[BANK0 ] unsigned int 
 Auto vars:     Size  Location     Type
  grs             1   62[BANK0 ] unsigned char 
  bexp            1   61[BANK0 ] unsigned char 
  aexp            1   60[BANK0 ] unsigned char 
  signs           1   59[BANK0 ] unsigned char 
 Return value:  Size  Location     Type
                  4   51[BANK0 ] unsigned char 
 Registers used:
		wreg, status,2, status,0, btemp+1
 Tracked objects:
		On entry : 
		On exit  : 
		Unchanged: 
 Data sizes:     COMMON   BANK0   BANK1   BANK3   BANK2
      Params:         0       8       0       0       0
      Locals:         0       4       0       0       0
      Temps:          0       0       8       0       0
      Totals:         0      12       8       0       0
Total ram usage:       20 bytes
 Hardware stack levels used:    1
 Hardware stack levels required when called:    3
 This function calls:
		Nothing
 This function is called by:
		_temp_pos
 This function uses a non-reentrant model


 *************** function _setup *****************
 Defined at:
		line 145 in file "C:/MPlab_Digital2/Digital_2/Proyecto3Digital2.X/main.c"
 Parameters:    Size  Location     Type
		None
 Auto vars:     Size  Location     Type
		None
 Return value:  Size  Location     Type
                  1    wreg      void 
 Registers used:
		wreg, fsr0l, fsr0h, status,2, status,0, pclath, cstack
 Tracked objects:
		On entry : 
		On exit  : 
		Unchanged: 
 Data sizes:     COMMON   BANK0   BANK1   BANK3   BANK2
      Params:         0       0       0       0       0
      Locals:         0       0       0       0       0
      Temps:          0       0       0       0       0
      Totals:         0       0       0       0       0
Total ram usage:        0 bytes
 Hardware stack levels used:    1
 Hardware stack levels required when called:    6
 This function calls:
		_Lcd_Init
		_initOsc
		_initUSART
		_spiInit
 This function is called by:
		_main
 This function uses a non-reentrant model


 *************** function _spiInit *****************
 Defined at:
		line 12 in file "C:/MPlab_Digital2/Digital_2/Proyecto3Digital2.X/SPI.c"
 Parameters:    Size  Location     Type
  sType           1    wreg     enum E1264
  sDataSample     1   11[BANK0 ] enum E1272
  sClockIdle      1   12[BANK0 ] enum E1276
  sTransmitEdg    1   13[BANK0 ] enum E1280
 Auto vars:     Size  Location     Type
  sType           1   14[BANK0 ] enum E1264
 Return value:  Size  Location     Type
                  1    wreg      void 
 Registers used:
		wreg, status,2, status,0
 Tracked objects:
		On entry : 
		On exit  : 
		Unchanged: 
 Data sizes:     COMMON   BANK0   BANK1   BANK3   BANK2
      Params:         0       3       0       0       0
      Locals:         0       1       0       0       0
      Temps:          0       0       0       0       0
      Totals:         0       4       0       0       0
Total ram usage:        4 bytes
 Hardware stack levels used:    1
 Hardware stack levels required when called:    3
 This function calls:
		Nothing
 This function is called by:
		_setup
 This function uses a non-reentrant model


 *************** function _initUSART *****************
 Defined at:
		line 12 in file "C:/MPlab_Digital2/Digital_2/Proyecto3Digital2.X/usart9600.c"
 Parameters:    Size  Location     Type
		None
 Auto vars:     Size  Location     Type
		None
 Return value:  Size  Location     Type
                  1    wreg      void 
 Registers used:
		wreg, status,2
 Tracked objects:
		On entry : 
		On exit  : 
		Unchanged: 
 Data sizes:     COMMON   BANK0   BANK1   BANK3   BANK2
      Params:         0       0       0       0       0
      Locals:         0       0       0       0       0
      Temps:          0       0       0       0       0
      Totals:         0       0       0       0       0
Total ram usage:        0 bytes
 Hardware stack levels used:    1
 Hardware stack levels required when called:    3
 This function calls:
		Nothing
 This function is called by:
		_setup
 This function uses a non-reentrant model


 *************** function _initOsc *****************
 Defined at:
		line 8 in file "C:/MPlab_Digital2/Digital_2/Proyecto3Digital2.X/librerias2.c"
 Parameters:    Size  Location     Type
  option          1    wreg     unsigned char 
 Auto vars:     Size  Location     Type
  option          1   13[BANK0 ] unsigned char 
 Return value:  Size  Location     Type
                  1    wreg      void 
 Registers used:
		wreg, fsr0l, fsr0h, status,2, status,0
 Tracked objects:
		On entry : 
		On exit  : 
		Unchanged: 
 Data sizes:     COMMON   BANK0   BANK1   BANK3   BANK2
      Params:         0       0       0       0       0
      Locals:         0       1       0       0       0
      Temps:          0       2       0       0       0
      Totals:         0       3       0       0       0
Total ram usage:        3 bytes
 Hardware stack levels used:    1
 Hardware stack levels required when called:    3
 This function calls:
		Nothing
 This function is called by:
		_setup
 This function uses a non-reentrant model


 *************** function _Lcd_Init *****************
 Defined at:
		line 40 in file "C:/MPlab_Digital2/Digital_2/Proyecto3Digital2.X/Display8bits.c"
 Parameters:    Size  Location     Type
		None
 Auto vars:     Size  Location     Type
		None
 Return value:  Size  Location     Type
                  1    wreg      void 
 Registers used:
		wreg, status,2, status,0, pclath, cstack
 Tracked objects:
		On entry : 
		On exit  : 
		Unchanged: 
 Data sizes:     COMMON   BANK0   BANK1   BANK3   BANK2
      Params:         0       0       0       0       0
      Locals:         0       0       0       0       0
      Temps:          0       2       0       0       0
      Totals:         0       2       0       0       0
Total ram usage:        2 bytes
 Hardware stack levels used:    1
 Hardware stack levels required when called:    5
 This function calls:
		_Lcd_Cmd
		_Lcd_Port
 This function is called by:
		_setup
 This function uses a non-reentrant model


 *************** function _mapeo *****************
 Defined at:
		line 279 in file "C:/MPlab_Digital2/Digital_2/Proyecto3Digital2.X/main.c"
 Parameters:    Size  Location     Type
		None
 Auto vars:     Size  Location     Type
  TEMP1           2   34[BANK0 ] unsigned int 
 Return value:  Size  Location     Type
                  1    wreg      void 
 Registers used:
		wreg, status,2, status,0, btemp+1, pclath, cstack
 Tracked objects:
		On entry : 
		On exit  : 
		Unchanged: 
 Data sizes:     COMMON   BANK0   BANK1   BANK3   BANK2
      Params:         0       0       0       0       0
      Locals:         0       2       0       0       0
      Temps:          0       2       0       0       0
      Totals:         0       4       0       0       0
Total ram usage:        4 bytes
 Hardware stack levels used:    1
 Hardware stack levels required when called:    4
 This function calls:
		___awdiv
		___bmul
		___lwdiv
		___wmul
 This function is called by:
		_main
 This function uses a non-reentrant model


 *************** function ___wmul *****************
 Defined at:
		line 15 in file "C:\Program Files\Microchip\xc8\v2.20\pic\sources\c90\common\Umul16.c"
 Parameters:    Size  Location     Type
  multiplier      2   19[BANK0 ] unsigned int 
  multiplicand    2   21[BANK0 ] unsigned int 
 Auto vars:     Size  Location     Type
  product         2   23[BANK0 ] unsigned int 
 Return value:  Size  Location     Type
                  2   19[BANK0 ] unsigned int 
 Registers used:
		wreg, status,2, status,0
 Tracked objects:
		On entry : 
		On exit  : 
		Unchanged: 
 Data sizes:     COMMON   BANK0   BANK1   BANK3   BANK2
      Params:         0       4       0       0       0
      Locals:         0       2       0       0       0
      Temps:          0       0       0       0       0
      Totals:         0       6       0       0       0
Total ram usage:        6 bytes
 Hardware stack levels used:    1
 Hardware stack levels required when called:    3
 This function calls:
		Nothing
 This function is called by:
		_main
		_mapeo
		_temp_pos
 This function uses a non-reentrant model


 *************** function ___lwdiv *****************
 Defined at:
		line 5 in file "C:\Program Files\Microchip\xc8\v2.20\pic\sources\c90\common\lwdiv.c"
 Parameters:    Size  Location     Type
  divisor         2   25[BANK0 ] unsigned int 
  dividend        2   27[BANK0 ] unsigned int 
 Auto vars:     Size  Location     Type
  quotient        2   29[BANK0 ] unsigned int 
  counter         1   31[BANK0 ] unsigned char 
 Return value:  Size  Location     Type
                  2   25[BANK0 ] unsigned int 
 Registers used:
		wreg, status,2, status,0, btemp+1
 Tracked objects:
		On entry : 
		On exit  : 
		Unchanged: 
 Data sizes:     COMMON   BANK0   BANK1   BANK3   BANK2
      Params:         0       4       0       0       0
      Locals:         0       3       0       0       0
      Temps:          0       0       0       0       0
      Totals:         0       7       0       0       0
Total ram usage:        7 bytes
 Hardware stack levels used:    1
 Hardware stack levels required when called:    3
 This function calls:
		Nothing
 This function is called by:
		_mapeo
 This function uses a non-reentrant model


 *************** function ___bmul *****************
 Defined at:
		line 4 in file "C:\Program Files\Microchip\xc8\v2.20\pic\sources\c90\common\Umul8.c"
 Parameters:    Size  Location     Type
  multiplier      1    wreg     unsigned char 
  multiplicand    1   25[BANK0 ] unsigned char 
 Auto vars:     Size  Location     Type
  multiplier      1   27[BANK0 ] unsigned char 
  product         1   26[BANK0 ] unsigned char 
 Return value:  Size  Location     Type
                  1    wreg      unsigned char 
 Registers used:
		wreg, status,2, status,0, btemp+1
 Tracked objects:
		On entry : 
		On exit  : 
		Unchanged: 
 Data sizes:     COMMON   BANK0   BANK1   BANK3   BANK2
      Params:         0       1       0       0       0
      Locals:         0       2       0       0       0
      Temps:          0       0       0       0       0
      Totals:         0       3       0       0       0
Total ram usage:        3 bytes
 Hardware stack levels used:    1
 Hardware stack levels required when called:    3
 This function calls:
		Nothing
 This function is called by:
		_main
		_mapeo
		_temp_pos
 This function uses a non-reentrant model


 *************** function ___awdiv *****************
 Defined at:
		line 5 in file "C:\Program Files\Microchip\xc8\v2.20\pic\sources\c90\common\awdiv.c"
 Parameters:    Size  Location     Type
  divisor         2   11[BANK0 ] int 
  dividend        2   13[BANK0 ] int 
 Auto vars:     Size  Location     Type
  quotient        2   17[BANK0 ] int 
  sign            1   16[BANK0 ] unsigned char 
  counter         1   15[BANK0 ] unsigned char 
 Return value:  Size  Location     Type
                  2   11[BANK0 ] int 
 Registers used:
		wreg, status,2, status,0, btemp+1
 Tracked objects:
		On entry : 
		On exit  : 
		Unchanged: 
 Data sizes:     COMMON   BANK0   BANK1   BANK3   BANK2
      Params:         0       4       0       0       0
      Locals:         0       4       0       0       0
      Temps:          0       0       0       0       0
      Totals:         0       8       0       0       0
Total ram usage:        8 bytes
 Hardware stack levels used:    1
 Hardware stack levels required when called:    3
 This function calls:
		Nothing
 This function is called by:
		_main
		_mapeo
		_temp_pos
 This function uses a non-reentrant model


 *************** function _envio_esclavos *****************
 Defined at:
		line 184 in file "C:/MPlab_Digital2/Digital_2/Proyecto3Digital2.X/main.c"
 Parameters:    Size  Location     Type
		None
 Auto vars:     Size  Location     Type
		None
 Return value:  Size  Location     Type
                  1    wreg      void 
 Registers used:
		wreg, fsr0l, fsr0h, status,2, status,0, btemp+1, pclath, cstack
 Tracked objects:
		On entry : 
		On exit  : 
		Unchanged: 
 Data sizes:     COMMON   BANK0   BANK1   BANK3   BANK2
      Params:         0       0       0       0       0
      Locals:         0       0       0       0       0
      Temps:          0       2       0       0       0
      Totals:         0       2       0       0       0
Total ram usage:        2 bytes
 Hardware stack levels used:    1
 Hardware stack levels required when called:    5
 This function calls:
		_spiRead
 This function is called by:
		_main
 This function uses a non-reentrant model


 *************** function _spiRead *****************
 Defined at:
		line 49 in file "C:/MPlab_Digital2/Digital_2/Proyecto3Digital2.X/SPI.c"
 Parameters:    Size  Location     Type
		None
 Auto vars:     Size  Location     Type
		None
 Return value:  Size  Location     Type
                  1    wreg      unsigned char 
 Registers used:
		wreg, status,2, status,0, pclath, cstack
 Tracked objects:
		On entry : 
		On exit  : 
		Unchanged: 
 Data sizes:     COMMON   BANK0   BANK1   BANK3   BANK2
      Params:         0       0       0       0       0
      Locals:         0       0       0       0       0
      Temps:          0       0       0       0       0
      Totals:         0       0       0       0       0
Total ram usage:        0 bytes
 Hardware stack levels used:    1
 Hardware stack levels required when called:    4
 This function calls:
		_spiReceiveWait
 This function is called by:
		_envio_esclavos
 This function uses a non-reentrant model


 *************** function _spiReceiveWait *****************
 Defined at:
		line 29 in file "C:/MPlab_Digital2/Digital_2/Proyecto3Digital2.X/SPI.c"
 Parameters:    Size  Location     Type
		None
 Auto vars:     Size  Location     Type
		None
 Return value:  Size  Location     Type
                  1    wreg      void 
 Registers used:
		None
 Tracked objects:
		On entry : 
		On exit  : 
		Unchanged: 
 Data sizes:     COMMON   BANK0   BANK1   BANK3   BANK2
      Params:         0       0       0       0       0
      Locals:         0       0       0       0       0
      Temps:          0       0       0       0       0
      Totals:         0       0       0       0       0
Total ram usage:        0 bytes
 Hardware stack levels used:    1
 Hardware stack levels required when called:    3
 This function calls:
		Nothing
 This function is called by:
		_spiRead
 This function uses a non-reentrant model


 *************** function _TX_GO *****************
 Defined at:
		line 179 in file "C:/MPlab_Digital2/Digital_2/Proyecto3Digital2.X/main.c"
 Parameters:    Size  Location     Type
		None
 Auto vars:     Size  Location     Type
		None
 Return value:  Size  Location     Type
                  1    wreg      void 
 Registers used:
		wreg, status,2, status,0
 Tracked objects:
		On entry : 
		On exit  : 
		Unchanged: 
 Data sizes:     COMMON   BANK0   BANK1   BANK3   BANK2
      Params:         0       0       0       0       0
      Locals:         0       0       0       0       0
      Temps:          0       0       0       0       0
      Totals:         0       0       0       0       0
Total ram usage:        0 bytes
 Hardware stack levels used:    1
 Hardware stack levels required when called:    3
 This function calls:
		Nothing
 This function is called by:
		_main
 This function uses a non-reentrant model


 *************** function _Lcd_Write_String *****************
 Defined at:
		line 64 in file "C:/MPlab_Digital2/Digital_2/Proyecto3Digital2.X/Display8bits.c"
 Parameters:    Size  Location     Type
  a               1    wreg     PTR unsigned char 
		 -> STR_1(15), 
 Auto vars:     Size  Location     Type
  a               1   15[BANK0 ] PTR unsigned char 
		 -> STR_1(15), 
  i               2   13[BANK0 ] int 
 Return value:  Size  Location     Type
                  1    wreg      void 
 Registers used:
		wreg, fsr0l, fsr0h, status,2, status,0, pclath, cstack
 Tracked objects:
		On entry : 
		On exit  : 
		Unchanged: 
 Data sizes:     COMMON   BANK0   BANK1   BANK3   BANK2
      Params:         0       0       0       0       0
      Locals:         0       3       0       0       0
      Temps:          0       0       0       0       0
      Totals:         0       3       0       0       0
Total ram usage:        3 bytes
 Hardware stack levels used:    1
 Hardware stack levels required when called:    5
 This function calls:
		_Lcd_Write_Char
 This function is called by:
		_main
 This function uses a non-reentrant model


 *************** function _Lcd_Write_Char *****************
 Defined at:
		line 57 in file "C:/MPlab_Digital2/Digital_2/Proyecto3Digital2.X/Display8bits.c"
 Parameters:    Size  Location     Type
  a               1    wreg     unsigned char 
 Auto vars:     Size  Location     Type
  a               1   12[BANK0 ] unsigned char 
 Return value:  Size  Location     Type
                  1    wreg      void 
 Registers used:
		wreg, status,2, status,0, pclath, cstack
 Tracked objects:
		On entry : 
		On exit  : 
		Unchanged: 
 Data sizes:     COMMON   BANK0   BANK1   BANK3   BANK2
      Params:         0       0       0       0       0
      Locals:         0       1       0       0       0
      Temps:          0       0       0       0       0
      Totals:         0       1       0       0       0
Total ram usage:        1 bytes
 Hardware stack levels used:    1
 Hardware stack levels required when called:    4
 This function calls:
		_Lcd_Port
 This function is called by:
		_Lcd_Write_String
		_main
 This function uses a non-reentrant model


 *************** function _Lcd_Set_Cursor *****************
 Defined at:
		line 27 in file "C:/MPlab_Digital2/Digital_2/Proyecto3Digital2.X/Display8bits.c"
 Parameters:    Size  Location     Type
  a               1    wreg     unsigned char 
  b               1   14[BANK0 ] unsigned char 
 Auto vars:     Size  Location     Type
  a               1   15[BANK0 ] unsigned char 
  temp            1   16[BANK0 ] unsigned char 
 Return value:  Size  Location     Type
                  1    wreg      void 
 Registers used:
		wreg, status,2, status,0, btemp+1, pclath, cstack
 Tracked objects:
		On entry : 
		On exit  : 
		Unchanged: 
 Data sizes:     COMMON   BANK0   BANK1   BANK3   BANK2
      Params:         0       1       0       0       0
      Locals:         0       2       0       0       0
      Temps:          0       0       0       0       0
      Totals:         0       3       0       0       0
Total ram usage:        3 bytes
 Hardware stack levels used:    1
 Hardware stack levels required when called:    5
 This function calls:
		_Lcd_Cmd
 This function is called by:
		_main
 This function uses a non-reentrant model


 *************** function _Lcd_Clear *****************
 Defined at:
		line 24 in file "C:/MPlab_Digital2/Digital_2/Proyecto3Digital2.X/Display8bits.c"
 Parameters:    Size  Location     Type
		None
 Auto vars:     Size  Location     Type
		None
 Return value:  Size  Location     Type
                  1    wreg      void 
 Registers used:
		wreg, status,2, status,0, pclath, cstack
 Tracked objects:
		On entry : 
		On exit  : 
		Unchanged: 
 Data sizes:     COMMON   BANK0   BANK1   BANK3   BANK2
      Params:         0       0       0       0       0
      Locals:         0       0       0       0       0
      Temps:          0       0       0       0       0
      Totals:         0       0       0       0       0
Total ram usage:        0 bytes
 Hardware stack levels used:    1
 Hardware stack levels required when called:    5
 This function calls:
		_Lcd_Cmd
 This function is called by:
		_main
 This function uses a non-reentrant model


 *************** function _Lcd_Cmd *****************
 Defined at:
		line 17 in file "C:/MPlab_Digital2/Digital_2/Proyecto3Digital2.X/Display8bits.c"
 Parameters:    Size  Location     Type
  a               1    wreg     unsigned char 
 Auto vars:     Size  Location     Type
  a               1   13[BANK0 ] unsigned char 
 Return value:  Size  Location     Type
                  1    wreg      void 
 Registers used:
		wreg, status,2, status,0, pclath, cstack
 Tracked objects:
		On entry : 
		On exit  : 
		Unchanged: 
 Data sizes:     COMMON   BANK0   BANK1   BANK3   BANK2
      Params:         0       0       0       0       0
      Locals:         0       1       0       0       0
      Temps:          0       1       0       0       0
      Totals:         0       2       0       0       0
Total ram usage:        2 bytes
 Hardware stack levels used:    1
 Hardware stack levels required when called:    4
 This function calls:
		_Lcd_Port
 This function is called by:
		_Lcd_Clear
		_Lcd_Set_Cursor
		_Lcd_Init
		_Lcd_Shift_Right
		_Lcd_Shift_Left
 This function uses a non-reentrant model


 *************** function _Lcd_Port *****************
 Defined at:
		line 14 in file "C:/MPlab_Digital2/Digital_2/Proyecto3Digital2.X/Display8bits.c"
 Parameters:    Size  Location     Type
  a               1    wreg     unsigned char 
 Auto vars:     Size  Location     Type
  a               1   11[BANK0 ] unsigned char 
 Return value:  Size  Location     Type
                  1    wreg      void 
 Registers used:
		wreg
 Tracked objects:
		On entry : 
		On exit  : 
		Unchanged: 
 Data sizes:     COMMON   BANK0   BANK1   BANK3   BANK2
      Params:         0       0       0       0       0
      Locals:         0       1       0       0       0
      Temps:          0       0       0       0       0
      Totals:         0       1       0       0       0
Total ram usage:        1 bytes
 Hardware stack levels used:    1
 Hardware stack levels required when called:    3
 This function calls:
		Nothing
 This function is called by:
		_Lcd_Cmd
		_Lcd_Init
		_Lcd_Write_Char
 This function uses a non-reentrant model


 *************** function _isr *****************
 Defined at:
		line 67 in file "C:/MPlab_Digital2/Digital_2/Proyecto3Digital2.X/main.c"
 Parameters:    Size  Location     Type
		None
 Auto vars:     Size  Location     Type
		None
 Return value:  Size  Location     Type
                  1    wreg      void 
 Registers used:
		wreg, fsr0l, fsr0h, status,2, status,0, btemp+1, pclath, cstack
 Tracked objects:
		On entry : 
		On exit  : 
		Unchanged: 
 Data sizes:     COMMON   BANK0   BANK1   BANK3   BANK2
      Params:         0       0       0       0       0
      Locals:         0       0       0       0       0
      Temps:          0       4       0       0       0
      Totals:         0       4       0       0       0
Total ram usage:        4 bytes
 Hardware stack levels used:    1
 Hardware stack levels required when called:    2
 This function calls:
		_envio
 This function is called by:
		Interrupt level 1
 This function uses a non-reentrant model


 *************** function _envio *****************
 Defined at:
		line 212 in file "C:/MPlab_Digital2/Digital_2/Proyecto3Digital2.X/main.c"
 Parameters:    Size  Location     Type
		None
 Auto vars:     Size  Location     Type
		None
 Return value:  Size  Location     Type
                  1    wreg      void 
 Registers used:
		wreg, fsr0l, fsr0h, status,2, status,0, btemp+1, pclath, cstack
 Tracked objects:
		On entry : 
		On exit  : 
		Unchanged: 
 Data sizes:     COMMON   BANK0   BANK1   BANK3   BANK2
      Params:         0       0       0       0       0
      Locals:         0       2       0       0       0
      Temps:          0       5       0       0       0
      Totals:         0       7       0       0       0
Total ram usage:        7 bytes
 Hardware stack levels used:    1
 Hardware stack levels required when called:    1
 This function calls:
		i1___awdiv
		i1___wmul
 This function is called by:
		_isr
 This function uses a non-reentrant model


 *************** function i1___wmul *****************
 Defined at:
		line 15 in file "C:\Program Files\Microchip\xc8\v2.20\pic\sources\c90\common\Umul16.c"
 Parameters:    Size  Location     Type
  multiplier      2    8[COMMON] unsigned int 
  multiplicand    2   10[COMMON] unsigned int 
 Auto vars:     Size  Location     Type
  product         2   12[COMMON] unsigned int 
 Return value:  Size  Location     Type
                  2    8[COMMON] unsigned int 
 Registers used:
		wreg, status,2, status,0
 Tracked objects:
		On entry : 
		On exit  : 
		Unchanged: 
 Data sizes:     COMMON   BANK0   BANK1   BANK3   BANK2
      Params:         4       0       0       0       0
      Locals:         2       0       0       0       0
      Temps:          0       0       0       0       0
      Totals:         6       0       0       0       0
Total ram usage:        6 bytes
 Hardware stack levels used:    1
 This function calls:
		Nothing
 This function is called by:
		_envio
 This function uses a non-reentrant model


 *************** function i1___awdiv *****************
 Defined at:
		line 5 in file "C:\Program Files\Microchip\xc8\v2.20\pic\sources\c90\common\awdiv.c"
 Parameters:    Size  Location     Type
  divisor         2    0[COMMON] int 
  dividend        2    2[COMMON] int 
 Auto vars:     Size  Location     Type
  quotient        2    6[COMMON] int 
  sign            1    5[COMMON] unsigned char 
  counter         1    4[COMMON] unsigned char 
 Return value:  Size  Location     Type
                  2    0[COMMON] int 
 Registers used:
		wreg, status,2, status,0, btemp+1
 Tracked objects:
		On entry : 
		On exit  : 
		Unchanged: 
 Data sizes:     COMMON   BANK0   BANK1   BANK3   BANK2
      Params:         4       0       0       0       0
      Locals:         4       0       0       0       0
      Temps:          0       0       0       0       0
      Totals:         8       0       0       0       0
Total ram usage:        8 bytes
 Hardware stack levels used:    1
 This function calls:
		Nothing
 This function is called by:
		_envio
 This function uses a non-reentrant model



MODULE INFORMATION

Module		Function		Class		Link	Load	Size
C:/MPlab_Digital2/Digital_2/Proyecto3Digital2.X/main.c
		_temp_pos      		CODE           	0B4E	0000	529
		_envio_esclavos		CODE           	1759	0000	81
		_main          		CODE           	0D5E	0000	675
		_isr           		CODE           	1606	0000	36
		_TX_GO         		CODE           	15BC	0000	13
		_envio         		CODE           	0697	0000	330
		_setup         		CODE           	170A	0000	80
		_mapeo         		CODE           	09FE	0000	149

C:/MPlab_Digital2/Digital_2/Proyecto3Digital2.X/main.c estimated size: 1893

C:/MPlab_Digital2/Digital_2/Proyecto3Digital2.X/Display8bits.c
		_Lcd_Write_String		CODE           	169B	0000	42
		_Lcd_Init      		CODE           	0842	0000	91
		_Lcd_Write_Char		CODE           	15C8	0000	20
		_Lcd_Cmd       		CODE           	0800	0000	26
		_Lcd_Set_Cursor		CODE           	164E	0000	39
		_Lcd_Clear     		CODE           	15A5	0000	8
		_Lcd_Port      		CODE           	159F	0000	7

C:/MPlab_Digital2/Digital_2/Proyecto3Digital2.X/Display8bits.c estimated size: 233

C:\Program Files\Microchip\xc8\v2.20\pic\sources\c90\common\Umul8_16.c
		__Umul8_16     		CODE           	0819	0000	42

C:\Program Files\Microchip\xc8\v2.20\pic\sources\c90\common\Umul8_16.c estimated size: 42

C:\Program Files\Microchip\xc8\v2.20\pic\sources\c90\common\sprcadd.c
		___fladd       		CODE           	038D	0000	779

C:\Program Files\Microchip\xc8\v2.20\pic\sources\c90\common\sprcadd.c estimated size: 779

C:\Program Files\Microchip\xc8\v2.20\pic\sources\c90\common\xxtofl.c
		___xxtofl      		CODE           	0A92	0000	189

C:\Program Files\Microchip\xc8\v2.20\pic\sources\c90\common\xxtofl.c estimated size: 189

C:/MPlab_Digital2/Digital_2/Proyecto3Digital2.X/SPI.c
		_spiInit       		CODE           	07E0	0000	31
		_spiReceiveWait		CODE           	15AC	0000	8
		_spiRead       		CODE           	15B3	0000	10

C:/MPlab_Digital2/Digital_2/Proyecto3Digital2.X/SPI.c estimated size: 49

shared
		__stringtab    		STRING         	1000	0000	7
		i1___awdiv     		CODE           	089C	0000	104
		i1___wmul      		CODE           	1629	0000	38
		__initialization		CODE           	0015	0000	20

shared estimated size: 169

C:\Program Files\Microchip\xc8\v2.20\pic\sources\c90\common\Umul16.c
		___wmul        		CODE           	1674	0000	40

C:\Program Files\Microchip\xc8\v2.20\pic\sources\c90\common\Umul16.c estimated size: 40

C:\Program Files\Microchip\xc8\v2.20\pic\sources\c90\common\lwdiv.c
		___lwdiv       		CODE           	16C4	0000	71

C:\Program Files\Microchip\xc8\v2.20\pic\sources\c90\common\lwdiv.c estimated size: 71

C:\Program Files\Microchip\xc8\v2.20\pic\sources\c90\common\fltol.c
		___fltol       		CODE           	096C	0000	147

C:\Program Files\Microchip\xc8\v2.20\pic\sources\c90\common\fltol.c estimated size: 147

C:\Program Files\Microchip\xc8\v2.20\pic\sources\c90\common\Umul8.c
		___bmul        		CODE           	15EF	0000	24

C:\Program Files\Microchip\xc8\v2.20\pic\sources\c90\common\Umul8.c estimated size: 24

C:\Program Files\Microchip\xc8\v2.20\pic\sources\c90\common\sprcmul.c
		___flmul       		CODE           	002C	0000	866

C:\Program Files\Microchip\xc8\v2.20\pic\sources\c90\common\sprcmul.c estimated size: 866

C:/MPlab_Digital2/Digital_2/Proyecto3Digital2.X/usart9600.c
		_initUSART     		CODE           	15DB	0000	21

C:/MPlab_Digital2/Digital_2/Proyecto3Digital2.X/usart9600.c estimated size: 21

C:/MPlab_Digital2/Digital_2/Proyecto3Digital2.X/librerias2.c
		_initOsc       		CODE           	17A9	0000	88

C:/MPlab_Digital2/Digital_2/Proyecto3Digital2.X/librerias2.c estimated size: 88

C:\Program Files\Microchip\xc8\v2.20\pic\sources\c90\common\awdiv.c
		___awdiv       		CODE           	0903	0000	106

C:\Program Files\Microchip\xc8\v2.20\pic\sources\c90\common\awdiv.c estimated size: 106

