Microchip MPLAB XC8 Compiler V2.20

Linker command line:

-W-3 --edf=C:\Program Files\Microchip\xc8\v2.20\pic\dat\en_msgs.txt -cn \
  -h+dist/default/production\Laboratorio3_digital2.X.production.sym \
  --cmf=dist/default/production\Laboratorio3_digital2.X.production.cmf -z \
  -Q16F887 -oC:\Users\CARLOS~1\AppData\Local\Temp\s15js.2 \
  --defsym=__MPLAB_BUILD=1 \
  -Mdist/default/production/Laboratorio3_digital2.X.production.map -E1 \
  -ver=XC8 Compiler --acfsm=1493 -ASTACK=0110h-016Fh -pstack=STACK \
  -ACODE=00h-07FFhx4 -ASTRCODE=00h-01FFFh -ASTRING=00h-0FFhx32 \
  -ACONST=00h-0FFhx32 -AENTRY=00h-0FFhx32 -ACOMMON=070h-07Fh \
  -ABANK0=020h-06Fh -ABANK1=0A0h-0EFh -ABANK2=0110h-016Fh \
  -ABANK3=0190h-01EFh -ARAM=020h-06Fh,0A0h-0EFh,0110h-016Fh,0190h-01EFh \
  -AABS1=020h-07Fh,0A0h-0EFh,0110h-016Fh,0190h-01EFh -ASFR0=00h-01Fh \
  -ASFR1=080h-09Fh -ASFR2=0100h-010Fh -ASFR3=0180h-018Fh \
  -ACONFIG=02007h-02008h -DCONFIG=2 -AIDLOC=02000h-02003h -DIDLOC=2 \
  -preset_vec=00h,intentry=04h,init,end_init -ppowerup=CODE -pcinit=CODE \
  -pfunctab=ENTRY -AEEDATA=00h-0FFh/02100h -peeprom_data=EEDATA -DEEDATA=2 \
  -DCODE=2 -DSTRCODE=2 -DSTRING=2 -DCONST=2 -DENTRY=2 -k \
  C:\Users\CARLOS~1\AppData\Local\Temp\s15js.o \
  dist/default/production\Laboratorio3_digital2.X.production.o 

Object code version is 3.11

Machine type is 16F887



                Name                               Link     Load   Length Selector   Space Scale
C:\Users\CARLOS~1\AppData\Local\Temp\s15js.o
                end_init                             12       12        3        8       0
                reset_vec                             0        0        3        0       0
                config                             2007     2007        2        0       4
dist/default/production\Laboratorio3_digital2.X.production.o
                cinit                                15       15        F        8       0
                intentry                              4        4        E        8       0
                config                             2007     2007        2        0       4
                text17                              106      106       DD        8       0
                text16                              2A5      2A5       61        8       0
                text15                               24       24       E2        8       0
                text14                              45D      45D       31        8       0
                text13                              42C      42C       31        8       0
                text12                              3A4      3A4       46        8       0
                text11                              56E      56E        6      A64       0
                text10                              504      504       18        8       0
                text9                               559      559        D      A64       0
                text8                               4DE      4DE       26        8       0
                text7                               546      546       13      A64       0
                text6                               48E      48E       29        8       0
                text5                               1E3      1E3       C2        8       0
                text4                               306      306       57        8       0
                text3                               532      532       14      A64       0
                text2                               35D      35D       47        8       0
                text1                               4B7      4B7       27        8       0
                maintext                            3EA      3EA       42        8       0
                cstackBANK0                          34       34        9       20       1
                cstackCOMMON                         70       70        C       70       1
                clrtext                             566      566        8      A64       0
                bssBANK0                             20       20       14       20       1
                bssCOMMON                            7C       7C        2       70       1
                strings                             51C      51C       16      A38       0

TOTAL           Name                               Link     Load   Length     Space
        CLASS   STACK          

        CLASS   CODE           
                end_init                             12       12        3         0
                cinit                                15       15        F         0
                intentry                              4        4        E         0
                reset_vec                             0        0        3         0
                text17                              106      106       DD         0
                text16                              2A5      2A5       61         0
                text15                               24       24       E2         0
                text14                              45D      45D       31         0
                text13                              42C      42C       31         0
                text12                              3A4      3A4       46         0
                text11                              56E      56E        6         0
                text10                              504      504       18         0
                text9                               559      559        D         0
                text8                               4DE      4DE       26         0
                text7                               546      546       13         0
                text6                               48E      48E       29         0
                text5                               1E3      1E3       C2         0
                text4                               306      306       57         0
                text3                               532      532       14         0
                text2                               35D      35D       47         0
                text1                               4B7      4B7       27         0
                maintext                            3EA      3EA       42         0
                clrtext                             566      566        8         0

        CLASS   STRCODE        

        CLASS   STRING         
                strings                             51C      51C       16         0

        CLASS   CONST          

        CLASS   ENTRY          

        CLASS   COMMON         
                cstackCOMMON                         70       70        C         1
                bssCOMMON                            7C       7C        2         1

        CLASS   BANK0          
                cstackBANK0                          34       34        9         1
                bssBANK0                             20       20       14         1

        CLASS   BANK1          

        CLASS   BANK2          

        CLASS   BANK3          

        CLASS   RAM            

        CLASS   ABS1           
                abs_s1                               7E       7E        2         1

        CLASS   SFR0           

        CLASS   SFR1           

        CLASS   SFR2           

        CLASS   SFR3           

        CLASS   CONFIG         
                config                             2007     2007        2         4

        CLASS   IDLOC          

        CLASS   EEDATA         



SEGMENTS        Name                           Load    Length   Top    Selector   Space  Class     Delta

                reset_vec                      000000  000003  000003         0       0  CODE        2
                intentry                       000004  000518  00051C         8       0  CODE        2
                bssBANK0                       000020  00001D  00003D        20       1  BANK0       1
                cstackCOMMON                   000070  00000E  00007E        70       1  COMMON      1
                strings                        00051C  000016  000532       A38       0  STRING      2
                text3                          000532  000042  000574       A64       0  CODE        2


UNUSED ADDRESS RANGES

        Name                Unused          Largest block    Delta
        BANK0            003D-006F             33           1
        BANK1            00A0-00EF             50           1
        BANK2            0110-016F             60           1
        BANK3            0190-01EF             60           1
        CODE             0003-0003              1           2
                         0574-1FFF            800
        CONST            0003-0003              1           2
                         0574-1FFF            100
        EEDATA           2100-21FF            100           2
        ENTRY            0003-0003              1           2
                         0574-1FFF            100
        IDLOC            2000-2003              4           2
        RAM              003D-006F             33           1
                         00A0-00EF             50
                         0110-016F             60
                         0190-01EF             60
        SFR0             0000-001F             20           1
        SFR1             0080-009F             20           1
        SFR2             0100-010F             10           1
        SFR3             0180-018F             10           1
        STACK            0110-016F             60           1
        STRCODE          0003-0003              1           2
                         0574-1FFF           1A8C
        STRING           0003-0003              1           2
                         0574-1FFF            100

                                  Symbol Table

Lcd_Cmd@a                  cstackBANK0  0036
Lcd_Port@a                 cstackBANK0  0034
Lcd_Set_Cursor@a           cstackBANK0  0038
Lcd_Set_Cursor@b           cstackBANK0  0037
Lcd_Set_Cursor@temp        cstackBANK0  0039
Lcd_Write_Char@a           cstackBANK0  0035
Lcd_Write_String@a         cstackBANK0  0038
Lcd_Write_String@i         cstackBANK0  0036
_ADCON0bits                (abs)        001F
_ADCON1                    (abs)        009F
_ADC_selector              bssBANK0     0031
_ADRESH                    (abs)        001E
_ANSEL                     (abs)        0188
_ANSELHbits                (abs)        0189
_BAUDCTLbits               (abs)        0187
_CONT                      bssBANK0     002A
_DATO_RECIBIDO             bssCOMMON    007D
_ENTER                     bssCOMMON    007C
_INTCONbits                (abs)        000B
_Lcd_Clear                 text9        0559
_Lcd_Cmd                   text10       0504
_Lcd_Port                  text11       056E
_Lcd_Set_Cursor            text8        04DE
_Lcd_Write_Char            text7        0546
_Lcd_Write_String          text6        048E
_NHPOT1                    bssBANK0     0030
_NHPOT2                    bssBANK0     002E
_NLPOT1                    bssBANK0     002F
_NLPOT2                    bssBANK0     002D
_OPTION_REG                (abs)        0081
_OSCCONbits                (abs)        008F
_PIE1bits                  (abs)        008C
_PIR1bits                  (abs)        000C
_PORTA                     (abs)        0005
_PORTB                     (abs)        0006
_PORTC                     (abs)        0007
_PORTD                     (abs)        0008
_PORTE                     (abs)        0009
_POT1                      bssBANK0     0033
_POT2                      bssBANK0     0032
_RCREG                     (abs)        001A
_RCSTAbits                 (abs)        0018
_RC_selector               bssBANK0     002B
_RE0                       (abs)        0048
_RE2                       (abs)        004A
_SPBRG                     (abs)        0099
_SPBRGH                    (abs)        009A
_TEMP1                     bssBANK0     0022
_TEMP2                     bssBANK0     0020
_TMR0                      (abs)        0001
_TRISBbits                 (abs)        0086
_TRISC                     (abs)        0087
_TRISD                     (abs)        0088
_TRISE                     (abs)        0089
_TXREG                     (abs)        0019
_TXSTAbits                 (abs)        0098
__Habs1                    abs1         0000
__Hbank0                   bank0        0000
__Hbank1                   bank1        0000
__Hbank2                   bank2        0000
__Hbank3                   bank3        0000
__HbssBANK0                bssBANK0     0000
__HbssCOMMON               bssCOMMON    0000
__Hcinit                   cinit        0024
__Hclrtext                 clrtext      0000
__Hcode                    code         0000
__Hcommon                  common       0000
__Hconfig                  config       2009
__HcstackBANK0             cstackBANK0  0000
__HcstackCOMMON            cstackCOMMON 0000
__Heeprom_data             eeprom_data  0000
__Hend_init                end_init     0015
__Hfunctab                 functab      0000
__Hinit                    init         0012
__Hintentry                intentry     0012
__Hmaintext                maintext     0000
__Hpowerup                 powerup      0000
__Hram                     ram          0000
__Hreset_vec               reset_vec    0003
__Hsfr0                    sfr0         0000
__Hsfr1                    sfr1         0000
__Hsfr2                    sfr2         0000
__Hsfr3                    sfr3         0000
__Hspace_0                 (abs)        0574
__Hspace_1                 (abs)        007E
__Hspace_2                 (abs)        0000
__Hspace_3                 (abs)        0000
__Hspace_4                 (abs)        4010
__Hstack                   stack        0000
__Hstrings                 strings      0000
__Htext                    text         0000
__Labs1                    abs1         0000
__Lbank0                   bank0        0000
__Lbank1                   bank1        0000
__Lbank2                   bank2        0000
__Lbank3                   bank3        0000
__LbssBANK0                bssBANK0     0000
__LbssCOMMON               bssCOMMON    0000
__Lcinit                   cinit        0015
__Lclrtext                 clrtext      0000
__Lcode                    code         0000
__Lcommon                  common       0000
__Lconfig                  config       0000
__LcstackBANK0             cstackBANK0  0000
__LcstackCOMMON            cstackCOMMON 0000
__Leeprom_data             eeprom_data  0000
__Lend_init                end_init     0012
__Lfunctab                 functab      0000
__Linit                    init         0012
__Lintentry                intentry     0004
__Lmaintext                maintext     0000
__Lpowerup                 powerup      0000
__Lram                     ram          0000
__Lreset_vec               reset_vec    0000
__Lsfr0                    sfr0         0000
__Lsfr1                    sfr1         0000
__Lsfr2                    sfr2         0000
__Lsfr3                    sfr3         0000
__Lspace_0                 (abs)        0000
__Lspace_1                 (abs)        0000
__Lspace_2                 (abs)        0000
__Lspace_3                 (abs)        0000
__Lspace_4                 (abs)        0000
__Lstack                   stack        0000
__Lstrings                 strings      0000
__Ltext                    text         0000
__S0                       (abs)        0574
__S1                       (abs)        007E
__S2                       (abs)        0000
__S3                       (abs)        0000
___int_sp                  stack        0000
___latbits                 (abs)        0002
___sp                      stack        0000
___stackhi                 (abs)        0000
___stacklo                 (abs)        0000
__end_of_Lcd_Clear         text9        0566
__end_of_Lcd_Cmd           text10       051C
__end_of_Lcd_Port          text11       0574
__end_of_Lcd_Set_Cursor    text8        0504
__end_of_Lcd_Write_Char    text7        0559
__end_of_Lcd_Write_String  text6        04B7
__end_of__initialization   cinit        0020
__end_of__stringtab        strings      0522
__end_of_configADC         text5        02A5
__end_of_envio             text16       0306
__end_of_initOsc           text4        035D
__end_of_initUSART         text3        0546
__end_of_isr               text12       03EA
__end_of_main              maintext     042C
__end_of_mux_ADC           text14       048E
__end_of_sep_nibbles       text13       045D
__end_of_setup             text2        03A4
__end_of_tabla_hex         text17       01E3
__end_of_verificacion      text1        04DE
__end_ofi1_configADC       text15       0106
__initialization           cinit        0015
__pbssBANK0                bssBANK0     0020
__pbssCOMMON               bssCOMMON    007C
__pcstackBANK0             cstackBANK0  0034
__pcstackCOMMON            cstackCOMMON 0070
__pintentry                intentry     0004
__pmaintext                maintext     03EA
__pstrings                 strings      051C
__ptext1                   text1        04B7
__ptext10                  text10       0504
__ptext11                  text11       056E
__ptext12                  text12       03A4
__ptext13                  text13       042C
__ptext14                  text14       045D
__ptext15                  text15       0024
__ptext16                  text16       02A5
__ptext17                  text17       0106
__ptext2                   text2        035D
__ptext3                   text3        0532
__ptext4                   text4        0306
__ptext5                   text5        01E3
__ptext6                   text6        048E
__ptext7                   text7        0546
__ptext8                   text8        04DE
__ptext9                   text9        0559
__size_of_Lcd_Clear        (abs)        0000
__size_of_Lcd_Cmd          (abs)        0000
__size_of_Lcd_Port         (abs)        0000
__size_of_Lcd_Set_Cursor   (abs)        0000
__size_of_Lcd_Write_Char   (abs)        0000
__size_of_Lcd_Write_String (abs)        0000
__size_of_configADC        (abs)        0000
__size_of_envio            (abs)        0000
__size_of_initOsc          (abs)        0000
__size_of_initUSART        (abs)        0000
__size_of_isr              (abs)        0000
__size_of_main             (abs)        0000
__size_of_mux_ADC          (abs)        0000
__size_of_sep_nibbles      (abs)        0000
__size_of_setup            (abs)        0000
__size_of_tabla_hex        (abs)        0000
__size_of_verificacion     (abs)        0000
__size_ofi1_configADC      (abs)        0000
__stringbase               strings      0521
__stringtab                strings      051C
_centenasp1                bssBANK0     0027
_centenasp2                bssBANK0     0024
_configADC                 text5        01E3
_decenasp1                 bssBANK0     0028
_decenasp2                 bssBANK0     0025
_envio                     text16       02A5
_initOsc                   text4        0306
_initUSART                 text3        0532
_isr                       text12       03A4
_main                      maintext     03EA
_mux_ADC                   text14       045D
_sep_nibbles               text13       042C
_setup                     text2        035D
_tabla_hex                 text17       0106
_unidadesp1                bssBANK0     0029
_unidadesp2                bssBANK0     0026
_var_envio                 bssBANK0     002C
_verificacion              text1        04B7
btemp                      (abs)        007E
clear_ram0                 clrtext      0566
configADC@canal            cstackBANK0  0037
configADC@vel              cstackBANK0  0034
end_of_initialization      cinit        0020
envio@var_envio            cstackCOMMON 0077
i1_configADC               text15       0024
i1configADC@canal          cstackCOMMON 0073
i1configADC@vel            cstackCOMMON 0070
initOsc@option             cstackBANK0  0036
interrupt_function         intentry     0004
intlevel0                  functab      0000
intlevel1                  functab      0000
intlevel2                  functab      0000
intlevel3                  functab      0000
intlevel4                  functab      0000
intlevel5                  functab      0000
reset_vec                  reset_vec    0000
saved_w                    (abs)        007E
sep_nibbles@var1           cstackCOMMON 0072
sep_nibbles@var2           cstackCOMMON 0070
start                      init         0012
start_initialization       cinit        0015
tabla_hex@puerto           cstackCOMMON 0070
tabla_hex@selector         cstackCOMMON 0074
wtemp0                     (abs)        007E


FUNCTION INFORMATION:

 *************** function _main *****************
 Defined at:
		line 101 in file "C:/MPlab_Digital2/Digital_2/Laboratorio3_digital2.X/main.c"
 Parameters:    Size  Location     Type
		None
 Auto vars:     Size  Location     Type
		None
 Return value:  Size  Location     Type
                  1    wreg      void 
 Registers used:
		wreg, fsr0l, fsr0h, status,2, status,0, btemp+1, pclath, cstack
 Tracked objects:
		On entry : 
		On exit  : 
		Unchanged: 
 Data sizes:     COMMON   BANK0   BANK1   BANK3   BANK2
      Params:         0       0       0       0       0
      Locals:         0       0       0       0       0
      Temps:          0       3       0       0       0
      Totals:         0       3       0       0       0
Total ram usage:        3 bytes
 Hardware stack levels required when called:    6
 This function calls:
		_Lcd_Clear
		_Lcd_Set_Cursor
		_Lcd_Write_String
		_setup
		_verificacion
 This function is called by:
		Startup code after reset
 This function uses a non-reentrant model


 *************** function _verificacion *****************
 Defined at:
		line 201 in file "C:/MPlab_Digital2/Digital_2/Laboratorio3_digital2.X/main.c"
 Parameters:    Size  Location     Type
		None
 Auto vars:     Size  Location     Type
		None
 Return value:  Size  Location     Type
                  1    wreg      void 
 Registers used:
		wreg, status,2, status,0, btemp+1
 Tracked objects:
		On entry : 
		On exit  : 
		Unchanged: 
 Data sizes:     COMMON   BANK0   BANK1   BANK3   BANK2
      Params:         0       0       0       0       0
      Locals:         0       0       0       0       0
      Temps:          0       0       0       0       0
      Totals:         0       0       0       0       0
Total ram usage:        0 bytes
 Hardware stack levels used:    1
 Hardware stack levels required when called:    3
 This function calls:
		Nothing
 This function is called by:
		_main
 This function uses a non-reentrant model


 *************** function _setup *****************
 Defined at:
		line 122 in file "C:/MPlab_Digital2/Digital_2/Laboratorio3_digital2.X/main.c"
 Parameters:    Size  Location     Type
		None
 Auto vars:     Size  Location     Type
		None
 Return value:  Size  Location     Type
                  1    wreg      void 
 Registers used:
		wreg, fsr0l, fsr0h, status,2, status,0, btemp+1, pclath, cstack
 Tracked objects:
		On entry : 
		On exit  : 
		Unchanged: 
 Data sizes:     COMMON   BANK0   BANK1   BANK3   BANK2
      Params:         0       0       0       0       0
      Locals:         0       0       0       0       0
      Temps:          0       0       0       0       0
      Totals:         0       0       0       0       0
Total ram usage:        0 bytes
 Hardware stack levels used:    1
 Hardware stack levels required when called:    4
 This function calls:
		_configADC
		_initOsc
		_initUSART
 This function is called by:
		_main
 This function uses a non-reentrant model


 *************** function _initUSART *****************
 Defined at:
		line 12 in file "C:/MPlab_Digital2/Digital_2/Laboratorio3_digital2.X/usart9600.c"
 Parameters:    Size  Location     Type
		None
 Auto vars:     Size  Location     Type
		None
 Return value:  Size  Location     Type
                  1    wreg      void 
 Registers used:
		wreg, status,2
 Tracked objects:
		On entry : 
		On exit  : 
		Unchanged: 
 Data sizes:     COMMON   BANK0   BANK1   BANK3   BANK2
      Params:         0       0       0       0       0
      Locals:         0       0       0       0       0
      Temps:          0       0       0       0       0
      Totals:         0       0       0       0       0
Total ram usage:        0 bytes
 Hardware stack levels used:    1
 Hardware stack levels required when called:    3
 This function calls:
		Nothing
 This function is called by:
		_setup
 This function uses a non-reentrant model


 *************** function _initOsc *****************
 Defined at:
		line 8 in file "C:/MPlab_Digital2/Digital_2/Laboratorio3_digital2.X/librerias2.c"
 Parameters:    Size  Location     Type
  option          1    wreg     unsigned char 
 Auto vars:     Size  Location     Type
  option          1    2[BANK0 ] unsigned char 
 Return value:  Size  Location     Type
                  1    wreg      void 
 Registers used:
		wreg, fsr0l, fsr0h, status,2, status,0
 Tracked objects:
		On entry : 
		On exit  : 
		Unchanged: 
 Data sizes:     COMMON   BANK0   BANK1   BANK3   BANK2
      Params:         0       0       0       0       0
      Locals:         0       1       0       0       0
      Temps:          0       2       0       0       0
      Totals:         0       3       0       0       0
Total ram usage:        3 bytes
 Hardware stack levels used:    1
 Hardware stack levels required when called:    3
 This function calls:
		Nothing
 This function is called by:
		_setup
 This function uses a non-reentrant model


 *************** function _configADC *****************
 Defined at:
		line 4 in file "C:/MPlab_Digital2/Digital_2/Laboratorio3_digital2.X/configuracionADC.c"
 Parameters:    Size  Location     Type
  canal           1    wreg     unsigned char 
  vel             1    0[BANK0 ] unsigned char 
 Auto vars:     Size  Location     Type
  canal           1    3[BANK0 ] unsigned char 
 Return value:  Size  Location     Type
                  1    wreg      void 
 Registers used:
		wreg, fsr0l, fsr0h, status,2, status,0
 Tracked objects:
		On entry : 
		On exit  : 
		Unchanged: 
 Data sizes:     COMMON   BANK0   BANK1   BANK3   BANK2
      Params:         0       1       0       0       0
      Locals:         0       1       0       0       0
      Temps:          0       2       0       0       0
      Totals:         0       4       0       0       0
Total ram usage:        4 bytes
 Hardware stack levels used:    1
 Hardware stack levels required when called:    3
 This function calls:
		Nothing
 This function is called by:
		_setup
 This function uses a non-reentrant model


 *************** function _Lcd_Write_String *****************
 Defined at:
		line 62 in file "C:/MPlab_Digital2/Digital_2/Laboratorio3_digital2.X/Display8bits.c"
 Parameters:    Size  Location     Type
  a               1    wreg     PTR unsigned char 
		 -> STR_2(16), STR_1(16), 
 Auto vars:     Size  Location     Type
  a               1    4[BANK0 ] PTR unsigned char 
		 -> STR_2(16), STR_1(16), 
  i               2    2[BANK0 ] int 
 Return value:  Size  Location     Type
                  1    wreg      void 
 Registers used:
		wreg, fsr0l, fsr0h, status,2, status,0, pclath, cstack
 Tracked objects:
		On entry : 
		On exit  : 
		Unchanged: 
 Data sizes:     COMMON   BANK0   BANK1   BANK3   BANK2
      Params:         0       0       0       0       0
      Locals:         0       3       0       0       0
      Temps:          0       0       0       0       0
      Totals:         0       3       0       0       0
Total ram usage:        3 bytes
 Hardware stack levels used:    1
 Hardware stack levels required when called:    5
 This function calls:
		_Lcd_Write_Char
 This function is called by:
		_main
 This function uses a non-reentrant model


 *************** function _Lcd_Write_Char *****************
 Defined at:
		line 55 in file "C:/MPlab_Digital2/Digital_2/Laboratorio3_digital2.X/Display8bits.c"
 Parameters:    Size  Location     Type
  a               1    wreg     unsigned char 
 Auto vars:     Size  Location     Type
  a               1    1[BANK0 ] unsigned char 
 Return value:  Size  Location     Type
                  1    wreg      void 
 Registers used:
		wreg, status,2, status,0, pclath, cstack
 Tracked objects:
		On entry : 
		On exit  : 
		Unchanged: 
 Data sizes:     COMMON   BANK0   BANK1   BANK3   BANK2
      Params:         0       0       0       0       0
      Locals:         0       1       0       0       0
      Temps:          0       0       0       0       0
      Totals:         0       1       0       0       0
Total ram usage:        1 bytes
 Hardware stack levels used:    1
 Hardware stack levels required when called:    4
 This function calls:
		_Lcd_Port
 This function is called by:
		_Lcd_Write_String
 This function uses a non-reentrant model


 *************** function _Lcd_Set_Cursor *****************
 Defined at:
		line 28 in file "C:/MPlab_Digital2/Digital_2/Laboratorio3_digital2.X/Display8bits.c"
 Parameters:    Size  Location     Type
  a               1    wreg     unsigned char 
  b               1    3[BANK0 ] unsigned char 
 Auto vars:     Size  Location     Type
  a               1    4[BANK0 ] unsigned char 
  temp            1    5[BANK0 ] unsigned char 
 Return value:  Size  Location     Type
                  1    wreg      void 
 Registers used:
		wreg, status,2, status,0, btemp+1, pclath, cstack
 Tracked objects:
		On entry : 
		On exit  : 
		Unchanged: 
 Data sizes:     COMMON   BANK0   BANK1   BANK3   BANK2
      Params:         0       1       0       0       0
      Locals:         0       2       0       0       0
      Temps:          0       0       0       0       0
      Totals:         0       3       0       0       0
Total ram usage:        3 bytes
 Hardware stack levels used:    1
 Hardware stack levels required when called:    5
 This function calls:
		_Lcd_Cmd
 This function is called by:
		_main
 This function uses a non-reentrant model


 *************** function _Lcd_Clear *****************
 Defined at:
		line 24 in file "C:/MPlab_Digital2/Digital_2/Laboratorio3_digital2.X/Display8bits.c"
 Parameters:    Size  Location     Type
		None
 Auto vars:     Size  Location     Type
		None
 Return value:  Size  Location     Type
                  1    wreg      void 
 Registers used:
		wreg, status,2, status,0, pclath, cstack
 Tracked objects:
		On entry : 
		On exit  : 
		Unchanged: 
 Data sizes:     COMMON   BANK0   BANK1   BANK3   BANK2
      Params:         0       0       0       0       0
      Locals:         0       0       0       0       0
      Temps:          0       0       0       0       0
      Totals:         0       0       0       0       0
Total ram usage:        0 bytes
 Hardware stack levels used:    1
 Hardware stack levels required when called:    5
 This function calls:
		_Lcd_Cmd
 This function is called by:
		_main
 This function uses a non-reentrant model


 *************** function _Lcd_Cmd *****************
 Defined at:
		line 17 in file "C:/MPlab_Digital2/Digital_2/Laboratorio3_digital2.X/Display8bits.c"
 Parameters:    Size  Location     Type
  a               1    wreg     unsigned char 
 Auto vars:     Size  Location     Type
  a               1    2[BANK0 ] unsigned char 
 Return value:  Size  Location     Type
                  1    wreg      void 
 Registers used:
		wreg, status,2, status,0, pclath, cstack
 Tracked objects:
		On entry : 
		On exit  : 
		Unchanged: 
 Data sizes:     COMMON   BANK0   BANK1   BANK3   BANK2
      Params:         0       0       0       0       0
      Locals:         0       1       0       0       0
      Temps:          0       1       0       0       0
      Totals:         0       2       0       0       0
Total ram usage:        2 bytes
 Hardware stack levels used:    1
 Hardware stack levels required when called:    4
 This function calls:
		_Lcd_Port
 This function is called by:
		_Lcd_Clear
		_Lcd_Set_Cursor
		_Lcd_Init
		_Lcd_Shift_Right
		_Lcd_Shift_Left
 This function uses a non-reentrant model


 *************** function _Lcd_Port *****************
 Defined at:
		line 14 in file "C:/MPlab_Digital2/Digital_2/Laboratorio3_digital2.X/Display8bits.c"
 Parameters:    Size  Location     Type
  a               1    wreg     unsigned char 
 Auto vars:     Size  Location     Type
  a               1    0[BANK0 ] unsigned char 
 Return value:  Size  Location     Type
                  1    wreg      void 
 Registers used:
		wreg
 Tracked objects:
		On entry : 
		On exit  : 
		Unchanged: 
 Data sizes:     COMMON   BANK0   BANK1   BANK3   BANK2
      Params:         0       0       0       0       0
      Locals:         0       1       0       0       0
      Temps:          0       0       0       0       0
      Totals:         0       1       0       0       0
Total ram usage:        1 bytes
 Hardware stack levels used:    1
 Hardware stack levels required when called:    3
 This function calls:
		Nothing
 This function is called by:
		_Lcd_Cmd
		_Lcd_Write_Char
		_Lcd_Init
 This function uses a non-reentrant model


 *************** function _isr *****************
 Defined at:
		line 77 in file "C:/MPlab_Digital2/Digital_2/Laboratorio3_digital2.X/main.c"
 Parameters:    Size  Location     Type
		None
 Auto vars:     Size  Location     Type
		None
 Return value:  Size  Location     Type
                  1    wreg      void 
 Registers used:
		wreg, fsr0l, fsr0h, status,2, status,0, btemp+1, pclath, cstack
 Tracked objects:
		On entry : 
		On exit  : 
		Unchanged: 
 Data sizes:     COMMON   BANK0   BANK1   BANK3   BANK2
      Params:         0       0       0       0       0
      Locals:         0       0       0       0       0
      Temps:          4       0       0       0       0
      Totals:         4       0       0       0       0
Total ram usage:        4 bytes
 Hardware stack levels used:    1
 Hardware stack levels required when called:    2
 This function calls:
		_envio
		_mux_ADC
		_sep_nibbles
 This function is called by:
		Interrupt level 1
 This function uses a non-reentrant model


 *************** function _sep_nibbles *****************
 Defined at:
		line 194 in file "C:/MPlab_Digital2/Digital_2/Laboratorio3_digital2.X/main.c"
 Parameters:    Size  Location     Type
  var1            1    wreg     PTR unsigned char 
		 -> POT1(1), 
  var2            1    0[COMMON] PTR unsigned char 
		 -> POT2(1), 
 Auto vars:     Size  Location     Type
  var1            1    2[COMMON] PTR unsigned char 
		 -> POT1(1), 
 Return value:  Size  Location     Type
                  1    wreg      void 
 Registers used:
		wreg, fsr0l, fsr0h, status,2, status,0, btemp+1
 Tracked objects:
		On entry : 
		On exit  : 
		Unchanged: 
 Data sizes:     COMMON   BANK0   BANK1   BANK3   BANK2
      Params:         1       0       0       0       0
      Locals:         1       0       0       0       0
      Temps:          1       0       0       0       0
      Totals:         3       0       0       0       0
Total ram usage:        3 bytes
 Hardware stack levels used:    1
 This function calls:
		Nothing
 This function is called by:
		_isr
 This function uses a non-reentrant model


 *************** function _mux_ADC *****************
 Defined at:
		line 150 in file "C:/MPlab_Digital2/Digital_2/Laboratorio3_digital2.X/main.c"
 Parameters:    Size  Location     Type
		None
 Auto vars:     Size  Location     Type
		None
 Return value:  Size  Location     Type
                  1    wreg      void 
 Registers used:
		wreg, fsr0l, fsr0h, status,2, status,0, btemp+1, pclath, cstack
 Tracked objects:
		On entry : 
		On exit  : 
		Unchanged: 
 Data sizes:     COMMON   BANK0   BANK1   BANK3   BANK2
      Params:         0       0       0       0       0
      Locals:         0       0       0       0       0
      Temps:          0       0       0       0       0
      Totals:         0       0       0       0       0
Total ram usage:        0 bytes
 Hardware stack levels used:    1
 Hardware stack levels required when called:    1
 This function calls:
		i1_configADC
 This function is called by:
		_isr
 This function uses a non-reentrant model


 *************** function i1_configADC *****************
 Defined at:
		line 4 in file "C:/MPlab_Digital2/Digital_2/Laboratorio3_digital2.X/configuracionADC.c"
 Parameters:    Size  Location     Type
  canal           1    wreg     unsigned char 
  vel             1    0[COMMON] unsigned char 
 Auto vars:     Size  Location     Type
  canal           1    3[COMMON] unsigned char 
 Return value:  Size  Location     Type
                  1    wreg      void 
 Registers used:
		wreg, fsr0l, fsr0h, status,2, status,0
 Tracked objects:
		On entry : 
		On exit  : 
		Unchanged: 
 Data sizes:     COMMON   BANK0   BANK1   BANK3   BANK2
      Params:         1       0       0       0       0
      Locals:         1       0       0       0       0
      Temps:          2       0       0       0       0
      Totals:         4       0       0       0       0
Total ram usage:        4 bytes
 Hardware stack levels used:    1
 This function calls:
		Nothing
 This function is called by:
		_mux_ADC
 This function uses a non-reentrant model


 *************** function _envio *****************
 Defined at:
		line 165 in file "C:/MPlab_Digital2/Digital_2/Laboratorio3_digital2.X/main.c"
 Parameters:    Size  Location     Type
  var_envio       1    wreg     unsigned char 
 Auto vars:     Size  Location     Type
  var_envio       1    7[COMMON] unsigned char 
 Return value:  Size  Location     Type
                  1    wreg      void 
 Registers used:
		wreg, fsr0l, fsr0h, status,2, status,0, btemp+1, pclath, cstack
 Tracked objects:
		On entry : 
		On exit  : 
		Unchanged: 
 Data sizes:     COMMON   BANK0   BANK1   BANK3   BANK2
      Params:         0       0       0       0       0
      Locals:         1       0       0       0       0
      Temps:          2       0       0       0       0
      Totals:         3       0       0       0       0
Total ram usage:        3 bytes
 Hardware stack levels used:    1
 Hardware stack levels required when called:    1
 This function calls:
		_tabla_hex
 This function is called by:
		_isr
 This function uses a non-reentrant model


 *************** function _tabla_hex *****************
 Defined at:
		line 11 in file "C:/MPlab_Digital2/Digital_2/Laboratorio3_digital2.X/TablaACSII_HEX.c"
 Parameters:    Size  Location     Type
  selector        1    wreg     unsigned char 
  puerto          2    0[COMMON] PTR volatile unsigned ch
		 -> TXREG(1), 
 Auto vars:     Size  Location     Type
  selector        1    4[COMMON] unsigned char 
 Return value:  Size  Location     Type
                  1    wreg      void 
 Registers used:
		wreg, fsr0l, fsr0h, status,2, status,0, btemp+1
 Tracked objects:
		On entry : 
		On exit  : 
		Unchanged: 
 Data sizes:     COMMON   BANK0   BANK1   BANK3   BANK2
      Params:         2       0       0       0       0
      Locals:         1       0       0       0       0
      Temps:          2       0       0       0       0
      Totals:         5       0       0       0       0
Total ram usage:        5 bytes
 Hardware stack levels used:    1
 This function calls:
		Nothing
 This function is called by:
		_envio
 This function uses a non-reentrant model



MODULE INFORMATION

Module		Function		Class		Link	Load	Size
C:/MPlab_Digital2/Digital_2/Laboratorio3_digital2.X/usart9600.c
		_initUSART     		CODE           	0532	0000	21

C:/MPlab_Digital2/Digital_2/Laboratorio3_digital2.X/usart9600.c estimated size: 21

C:/MPlab_Digital2/Digital_2/Laboratorio3_digital2.X/Display8bits.c
		_Lcd_Write_String		CODE           	048E	0000	42
		_Lcd_Write_Char		CODE           	0546	0000	20
		_Lcd_Cmd       		CODE           	0504	0000	25
		_Lcd_Set_Cursor		CODE           	04DE	0000	39
		_Lcd_Clear     		CODE           	0559	0000	14
		_Lcd_Port      		CODE           	056E	0000	7

C:/MPlab_Digital2/Digital_2/Laboratorio3_digital2.X/Display8bits.c estimated size: 147

C:/MPlab_Digital2/Digital_2/Laboratorio3_digital2.X/librerias2.c
		_initOsc       		CODE           	0306	0000	88

C:/MPlab_Digital2/Digital_2/Laboratorio3_digital2.X/librerias2.c estimated size: 88

shared
		__stringtab    		STRING         	051C	0000	7
		__initialization		CODE           	0015	0000	12
		i1_configADC   		CODE           	0024	0000	227

shared estimated size: 246

C:/MPlab_Digital2/Digital_2/Laboratorio3_digital2.X/TablaACSII_HEX.c
		_tabla_hex     		CODE           	0106	0000	222

C:/MPlab_Digital2/Digital_2/Laboratorio3_digital2.X/TablaACSII_HEX.c estimated size: 222

C:/MPlab_Digital2/Digital_2/Laboratorio3_digital2.X/configuracionADC.c
		_configADC     		CODE           	01E3	0000	195

C:/MPlab_Digital2/Digital_2/Laboratorio3_digital2.X/configuracionADC.c estimated size: 195

C:/MPlab_Digital2/Digital_2/Laboratorio3_digital2.X/main.c
		_verificacion  		CODE           	04B7	0000	40
		_main          		CODE           	03EA	0000	67
		_isr           		CODE           	03A4	0000	71
		_envio         		CODE           	02A5	0000	98
		_mux_ADC       		CODE           	045D	0000	50
		_setup         		CODE           	035D	0000	72
		_sep_nibbles   		CODE           	042C	0000	50

C:/MPlab_Digital2/Digital_2/Laboratorio3_digital2.X/main.c estimated size: 448

