Microchip MPLAB XC8 Compiler V2.20

Linker command line:

-W-3 --edf=C:\Program Files\Microchip\xc8\v2.20\pic\dat\en_msgs.txt -cn \
  -h+dist/default/production\Laboratorio3_digital2.X.production.sym \
  --cmf=dist/default/production\Laboratorio3_digital2.X.production.cmf -z \
  -Q16F887 -oC:\Users\CARLOS~1\AppData\Local\Temp\s5p4.2 \
  --defsym=__MPLAB_BUILD=1 \
  -Mdist/default/production/Laboratorio3_digital2.X.production.map -E1 \
  -ver=XC8 Compiler --acfsm=1493 -ASTACK=0110h-016Fh -pstack=STACK \
  -ACODE=00h-07FFhx4 -ASTRCODE=00h-01FFFh -ASTRING=00h-0FFhx32 \
  -ACONST=00h-0FFhx32 -AENTRY=00h-0FFhx32 -ACOMMON=070h-07Fh \
  -ABANK0=020h-06Fh -ABANK1=0A0h-0EFh -ABANK2=0110h-016Fh \
  -ABANK3=0190h-01EFh -ARAM=020h-06Fh,0A0h-0EFh,0110h-016Fh,0190h-01EFh \
  -AABS1=020h-07Fh,0A0h-0EFh,0110h-016Fh,0190h-01EFh -ASFR0=00h-01Fh \
  -ASFR1=080h-09Fh -ASFR2=0100h-010Fh -ASFR3=0180h-018Fh \
  -ACONFIG=02007h-02008h -DCONFIG=2 -AIDLOC=02000h-02003h -DIDLOC=2 \
  -preset_vec=00h,intentry=04h,init,end_init -ppowerup=CODE -pcinit=CODE \
  -pfunctab=ENTRY -AEEDATA=00h-0FFh/02100h -peeprom_data=EEDATA -DEEDATA=2 \
  -DCODE=2 -DSTRCODE=2 -DSTRING=2 -DCONST=2 -DENTRY=2 -k \
  C:\Users\CARLOS~1\AppData\Local\Temp\s5p4.o \
  dist/default/production\Laboratorio3_digital2.X.production.o 

Object code version is 3.11

Machine type is 16F887



                Name                               Link     Load   Length Selector   Space Scale
C:\Users\CARLOS~1\AppData\Local\Temp\s5p4.o
                end_init                             12       12        3        8       0
                reset_vec                             0        0        3        0       0
                config                             2007     2007        2        0       4
dist/default/production\Laboratorio3_digital2.X.production.o
                cinit                                15       15       10        8       0
                intentry                              4        4        E        8       0
                config                             2007     2007        2        0       4
                text23                              3C3      3C3       DD        8       0
                text22                              68A      68A       59        8       0
                text21                              F75      F75       27     1EEA       0
                text20                              FC5      FC5       3B     1F8A       0
                text19                              2E1      2E1       E2        8       0
                text18                              5CB      5CB       65        8       0
                text17                              EEA      EEA        E     1DD4       0
                text16                              ED5      ED5        6     1DAA       0
                text15                              F36      F36       19     1E6C       0
                text14                              EDB      EDB        7     1DB6       0
                text13                              F4F      F4F       26     1E9E       0
                text12                              EF8      EF8       13     1DF0       0
                text11                              F9C      F9C       29     1F38       0
                text10                              562      562       69        8       0
                text9                               F1F      F1F       17     1E3E       0
                text8                               792      792       46        8       0
                text7                               7D8      7D8       27        8       0
                text6                               1E0      1E0      101        8       0
                text5                               630      630       5A        8       0
                text4                               4A0      4A0       C2        8       0
                text3                               73B      73B       57        8       0
                text2                               F0B      F0B       14     1E16       0
                text1                               6E3      6E3       58        8       0
                maintext                             25       25      1BB        8       0
                cstackBANK0                          20       20       1B       20       1
                cstackCOMMON                         70       70        B       70       1
                clrtext                             EE2      EE2        8     1DC4       0
                bssBANK0                             3B       3B       17       20       1
                bssCOMMON                            7B       7B        3       70       1
                strings                             800      800       15     1000       0

TOTAL           Name                               Link     Load   Length     Space
        CLASS   STACK          

        CLASS   CODE           
                end_init                             12       12        3         0
                cinit                                15       15       10         0
                intentry                              4        4        E         0
                reset_vec                             0        0        3         0
                text23                              3C3      3C3       DD         0
                text22                              68A      68A       59         0
                text21                              F75      F75       27         0
                text20                              FC5      FC5       3B         0
                text19                              2E1      2E1       E2         0
                text18                              5CB      5CB       65         0
                text17                              EEA      EEA        E         0
                text16                              ED5      ED5        6         0
                text15                              F36      F36       19         0
                text14                              EDB      EDB        7         0
                text13                              F4F      F4F       26         0
                text12                              EF8      EF8       13         0
                text11                              F9C      F9C       29         0
                text10                              562      562       69         0
                text9                               F1F      F1F       17         0
                text8                               792      792       46         0
                text7                               7D8      7D8       27         0
                text6                               1E0      1E0      101         0
                text5                               630      630       5A         0
                text4                               4A0      4A0       C2         0
                text3                               73B      73B       57         0
                text2                               F0B      F0B       14         0
                text1                               6E3      6E3       58         0
                maintext                             25       25      1BB         0
                clrtext                             EE2      EE2        8         0

        CLASS   STRCODE        

        CLASS   STRING         
                strings                             800      800       15         0

        CLASS   CONST          

        CLASS   ENTRY          

        CLASS   COMMON         
                cstackCOMMON                         70       70        B         1
                bssCOMMON                            7B       7B        3         1

        CLASS   BANK0          
                cstackBANK0                          20       20       1B         1
                bssBANK0                             3B       3B       17         1

        CLASS   BANK1          

        CLASS   BANK2          

        CLASS   BANK3          

        CLASS   RAM            

        CLASS   ABS1           
                abs_s1                               7E       7E        2         1

        CLASS   SFR0           

        CLASS   SFR1           

        CLASS   SFR2           

        CLASS   SFR3           

        CLASS   CONFIG         
                config                             2007     2007        2         4

        CLASS   IDLOC          

        CLASS   EEDATA         



SEGMENTS        Name                           Load    Length   Top    Selector   Space  Class     Delta

                reset_vec                      000000  000003  000003         0       0  CODE        2
                intentry                       000004  0007FB  0007FF         8       0  CODE        2
                cstackBANK0                    000020  000032  000052        20       1  BANK0       1
                cstackCOMMON                   000070  00000E  00007E        70       1  COMMON      1
                strings                        000800  000015  000815      1000       0  STRING      2
                text16                         000ED5  000006  000EDB      1DAA       0  CODE        2
                text14                         000EDB  000007  000EE2      1DB6       0  CODE        2
                clrtext                        000EE2  000008  000EEA      1DC4       0  CODE        2
                text17                         000EEA  00000E  000EF8      1DD4       0  CODE        2
                text12                         000EF8  000013  000F0B      1DF0       0  CODE        2
                text2                          000F0B  000014  000F1F      1E16       0  CODE        2
                text9                          000F1F  000017  000F36      1E3E       0  CODE        2
                text15                         000F36  000019  000F4F      1E6C       0  CODE        2
                text13                         000F4F  000026  000F75      1E9E       0  CODE        2
                text21                         000F75  000027  000F9C      1EEA       0  CODE        2
                text11                         000F9C  000029  000FC5      1F38       0  CODE        2
                text20                         000FC5  00003B  001000      1F8A       0  CODE        2


UNUSED ADDRESS RANGES

        Name                Unused          Largest block    Delta
        BANK0            0052-006F             1E           1
        BANK1            00A0-00EF             50           1
        BANK2            0110-016F             60           1
        BANK3            0190-01EF             60           1
        CODE             0003-0003              1           2
                         07FF-07FF              1
                         0815-0ED4            6C0
                         1000-1FFF            800
        CONST            0003-0003              1           2
                         07FF-07FF              1
                         0815-0ED4            100
                         1000-1FFF            100
        EEDATA           2100-21FF            100           2
        ENTRY            0003-0003              1           2
                         07FF-07FF              1
                         0815-0ED4            100
                         1000-1FFF            100
        IDLOC            2000-2003              4           2
        RAM              0052-006F             1E           1
                         00A0-00EF             50
                         0110-016F             60
                         0190-01EF             60
        SFR0             0000-001F             20           1
        SFR1             0080-009F             20           1
        SFR2             0100-010F             10           1
        SFR3             0180-018F             10           1
        STACK            0110-016F             60           1
        STRCODE          0003-0003              1           2
                         07FF-07FF              1
                         0815-0ED4            6C0
                         1000-1FFF           1000
        STRING           0003-0003              1           2
                         07FF-07FF              1
                         0815-0ED4            100
                         1000-1FFF            100

                                  Symbol Table

?___awdiv                  cstackBANK0  0020
?___lwdiv                  cstackBANK0  002E
?___wmul                   cstackBANK0  0028
Lcd_Cmd@a                  cstackBANK0  0022
Lcd_Port@a                 cstackBANK0  0020
Lcd_Set_Cursor@a           cstackBANK0  0024
Lcd_Set_Cursor@b           cstackBANK0  0023
Lcd_Set_Cursor@temp        cstackBANK0  0025
Lcd_Write_Char@a           cstackBANK0  0021
Lcd_Write_String@a         cstackBANK0  0024
Lcd_Write_String@i         cstackBANK0  0022
_ADCON0bits                (abs)        001F
_ADCON1                    (abs)        009F
_ADC_GO                    text17       0EEA
_ADC_selector              bssCOMMON    007D
_ADRESH                    (abs)        001E
_ANSEL                     (abs)        0188
_ANSELH                    (abs)        0189
_ANSELbits                 (abs)        0188
_BAUDCTLbits               (abs)        0187
_CONT                      bssBANK0     0049
_DATO_RECIBIDO             bssCOMMON    007B
_INTCONbits                (abs)        000B
_LCD                       bssBANK0     003F
_Lcd_Clear                 text14       0EDB
_Lcd_Cmd                   text15       0F36
_Lcd_Init                  text5        0630
_Lcd_Port                  text16       0ED5
_Lcd_Set_Cursor            text13       0F4F
_Lcd_Write_Char            text12       0EF8
_Lcd_Write_String          text11       0F9C
_NHPOT1                    bssCOMMON    007C
_NHPOT2                    bssBANK0     004E
_NLPOT1                    bssBANK0     004F
_NLPOT2                    bssBANK0     004D
_OPTION_REG                (abs)        0081
_OSCCONbits                (abs)        008F
_PIE1bits                  (abs)        008C
_PIR1bits                  (abs)        000C
_PORTA                     (abs)        0005
_PORTB                     (abs)        0006
_PORTC                     (abs)        0007
_PORTD                     (abs)        0008
_PORTE                     (abs)        0009
_POT1                      bssBANK0     0051
_POT2                      bssBANK0     0050
_RCREG                     (abs)        001A
_RCSTAbits                 (abs)        0018
_RE0                       (abs)        0048
_RE2                       (abs)        004A
_SPBRG                     (abs)        0099
_SPBRGH                    (abs)        009A
_TEMP1                     bssBANK0     003D
_TEMP2                     bssBANK0     003B
_TMR0                      (abs)        0001
_TRISA                     (abs)        0085
_TRISAbits                 (abs)        0085
_TRISB                     (abs)        0086
_TRISC                     (abs)        0087
_TRISD                     (abs)        0088
_TRISE                     (abs)        0089
_TXREG                     (abs)        0019
_TXSTAbits                 (abs)        0098
__Habs1                    abs1         0000
__Hbank0                   bank0        0000
__Hbank1                   bank1        0000
__Hbank2                   bank2        0000
__Hbank3                   bank3        0000
__HbssBANK0                bssBANK0     0000
__HbssCOMMON               bssCOMMON    0000
__Hcinit                   cinit        0025
__Hclrtext                 clrtext      0000
__Hcode                    code         0000
__Hcommon                  common       0000
__Hconfig                  config       2009
__HcstackBANK0             cstackBANK0  0000
__HcstackCOMMON            cstackCOMMON 0000
__Heeprom_data             eeprom_data  0000
__Hend_init                end_init     0015
__Hfunctab                 functab      0000
__Hinit                    init         0012
__Hintentry                intentry     0012
__Hmaintext                maintext     0000
__Hpowerup                 powerup      0000
__Hram                     ram          0000
__Hreset_vec               reset_vec    0003
__Hsfr0                    sfr0         0000
__Hsfr1                    sfr1         0000
__Hsfr2                    sfr2         0000
__Hsfr3                    sfr3         0000
__Hspace_0                 (abs)        1000
__Hspace_1                 (abs)        007E
__Hspace_2                 (abs)        0000
__Hspace_3                 (abs)        0000
__Hspace_4                 (abs)        4010
__Hstack                   stack        0000
__Hstrings                 strings      0000
__Htext                    text         0000
__Labs1                    abs1         0000
__Lbank0                   bank0        0000
__Lbank1                   bank1        0000
__Lbank2                   bank2        0000
__Lbank3                   bank3        0000
__LbssBANK0                bssBANK0     0000
__LbssCOMMON               bssCOMMON    0000
__Lcinit                   cinit        0015
__Lclrtext                 clrtext      0000
__Lcode                    code         0000
__Lcommon                  common       0000
__Lconfig                  config       0000
__LcstackBANK0             cstackBANK0  0000
__LcstackCOMMON            cstackCOMMON 0000
__Leeprom_data             eeprom_data  0000
__Lend_init                end_init     0012
__Lfunctab                 functab      0000
__Linit                    init         0012
__Lintentry                intentry     0004
__Lmaintext                maintext     0000
__Lpowerup                 powerup      0000
__Lram                     ram          0000
__Lreset_vec               reset_vec    0000
__Lsfr0                    sfr0         0000
__Lsfr1                    sfr1         0000
__Lsfr2                    sfr2         0000
__Lsfr3                    sfr3         0000
__Lspace_0                 (abs)        0000
__Lspace_1                 (abs)        0000
__Lspace_2                 (abs)        0000
__Lspace_3                 (abs)        0000
__Lspace_4                 (abs)        0000
__Lstack                   stack        0000
__Lstrings                 strings      0000
__Ltext                    text         0000
__S0                       (abs)        1000
__S1                       (abs)        007E
__S2                       (abs)        0000
__S3                       (abs)        0000
___awdiv                   text10       0562
___awdiv@counter           cstackBANK0  0024
___awdiv@dividend          cstackBANK0  0022
___awdiv@divisor           cstackBANK0  0020
___awdiv@quotient          cstackBANK0  0026
___awdiv@sign              cstackBANK0  0025
___bmul                    text9        0F1F
___bmul@multiplicand       cstackBANK0  0020
___bmul@multiplier         cstackBANK0  0022
___bmul@product            cstackBANK0  0021
___int_sp                  stack        0000
___latbits                 (abs)        0002
___lwdiv                   text8        0792
___lwdiv@counter           cstackBANK0  0034
___lwdiv@dividend          cstackBANK0  0030
___lwdiv@divisor           cstackBANK0  002E
___lwdiv@quotient          cstackBANK0  0032
___sp                      stack        0000
___stackhi                 (abs)        0000
___stacklo                 (abs)        0000
___wmul                    text7        07D8
___wmul@multiplicand       cstackBANK0  002A
___wmul@multiplier         cstackBANK0  0028
___wmul@product            cstackBANK0  002C
__end_of_ADC_GO            text17       0EF8
__end_of_Lcd_Clear         text14       0EE2
__end_of_Lcd_Cmd           text15       0F4F
__end_of_Lcd_Init          text5        068A
__end_of_Lcd_Port          text16       0EDB
__end_of_Lcd_Set_Cursor    text13       0F75
__end_of_Lcd_Write_Char    text12       0F0B
__end_of_Lcd_Write_String  text11       0FC5
__end_of___awdiv           text10       05CB
__end_of___bmul            text9        0F36
__end_of___lwdiv           text8        07D8
__end_of___wmul            text7        07FF
__end_of__initialization   cinit        0021
__end_of__stringtab        strings      0806
__end_of_configADC         text4        0562
__end_of_envio             text22       06E3
__end_of_initOsc           text3        0792
__end_of_initUSART         text2        0F1F
__end_of_isr               text18       0630
__end_of_main              maintext     01E0
__end_of_mapeo             text6        02E1
__end_of_sep_nibbles       text21       0F9C
__end_of_setup             text1        073B
__end_of_tabla_hex         text23       04A0
__end_of_verificacion      text20       1000
__end_ofi1_configADC       text19       03C3
__initialization           cinit        0015
__pbssBANK0                bssBANK0     003B
__pbssCOMMON               bssCOMMON    007B
__pcstackBANK0             cstackBANK0  0020
__pcstackCOMMON            cstackCOMMON 0070
__pintentry                intentry     0004
__pmaintext                maintext     0025
__pstrings                 strings      0800
__ptext1                   text1        06E3
__ptext10                  text10       0562
__ptext11                  text11       0F9C
__ptext12                  text12       0EF8
__ptext13                  text13       0F4F
__ptext14                  text14       0EDB
__ptext15                  text15       0F36
__ptext16                  text16       0ED5
__ptext17                  text17       0EEA
__ptext18                  text18       05CB
__ptext19                  text19       02E1
__ptext2                   text2        0F0B
__ptext20                  text20       0FC5
__ptext21                  text21       0F75
__ptext22                  text22       068A
__ptext23                  text23       03C3
__ptext3                   text3        073B
__ptext4                   text4        04A0
__ptext5                   text5        0630
__ptext6                   text6        01E0
__ptext7                   text7        07D8
__ptext8                   text8        0792
__ptext9                   text9        0F1F
__size_of_ADC_GO           (abs)        0000
__size_of_Lcd_Clear        (abs)        0000
__size_of_Lcd_Cmd          (abs)        0000
__size_of_Lcd_Init         (abs)        0000
__size_of_Lcd_Port         (abs)        0000
__size_of_Lcd_Set_Cursor   (abs)        0000
__size_of_Lcd_Write_Char   (abs)        0000
__size_of_Lcd_Write_String (abs)        0000
__size_of___awdiv          (abs)        0000
__size_of___bmul           (abs)        0000
__size_of___lwdiv          (abs)        0000
__size_of___wmul           (abs)        0000
__size_of_configADC        (abs)        0000
__size_of_envio            (abs)        0000
__size_of_initOsc          (abs)        0000
__size_of_initUSART        (abs)        0000
__size_of_isr              (abs)        0000
__size_of_main             (abs)        0000
__size_of_mapeo            (abs)        0000
__size_of_sep_nibbles      (abs)        0000
__size_of_setup            (abs)        0000
__size_of_tabla_hex        (abs)        0000
__size_of_verificacion     (abs)        0000
__size_ofi1_configADC      (abs)        0000
__stringbase               strings      0805
__stringtab                strings      0800
_bandera1                  bssBANK0     0041
_bandera2                  bssBANK0     0040
_centenasp1                bssBANK0     0046
_centenasp2                bssBANK0     0043
_configADC                 text4        04A0
_controlADC                bssBANK0     0042
_decenasp1                 bssBANK0     0047
_decenasp2                 bssBANK0     0044
_envio                     text22       068A
_initOsc                   text3        073B
_initUSART                 text2        0F0B
_isr                       text18       05CB
_main                      maintext     0025
_main$1167                 cstackBANK0  0039
_mapeo                     text6        01E0
_sep_nibbles               text21       0F75
_setup                     text1        06E3
_tabla_hex                 text23       03C3
_unidadesp1                bssBANK0     0048
_unidadesp2                bssBANK0     0045
_var_envio                 bssBANK0     004C
_verificacion              text20       0FC5
btemp                      (abs)        007E
clear_ram0                 clrtext      0EE2
configADC@canal            cstackBANK0  0023
configADC@vel              cstackBANK0  0020
end_of_initialization      cinit        0021
i1_configADC               text19       02E1
i1configADC@canal          cstackCOMMON 0073
i1configADC@vel            cstackCOMMON 0070
initOsc@option             cstackBANK0  0022
interrupt_function         intentry     0004
intlevel0                  functab      0000
intlevel1                  functab      0000
intlevel2                  functab      0000
intlevel3                  functab      0000
intlevel4                  functab      0000
intlevel5                  functab      0000
reset_vec                  reset_vec    0000
saved_w                    (abs)        007E
start                      init         0012
start_initialization       cinit        0015
tabla_hex@port             cstackCOMMON 0070
tabla_hex@selector         cstackCOMMON 0074
wtemp0                     (abs)        007E


FUNCTION INFORMATION:

 *************** function _main *****************
 Defined at:
		line 122 in file "C:/MPlab_Digital2/Digital_2/Laboratorio3_digital2.X/main.c"
 Parameters:    Size  Location     Type
		None
 Auto vars:     Size  Location     Type
		None
 Return value:  Size  Location     Type
                  1    wreg      void 
 Registers used:
		wreg, fsr0l, fsr0h, status,2, status,0, btemp+1, pclath, cstack
 Tracked objects:
		On entry : 
		On exit  : 
		Unchanged: 
 Data sizes:     COMMON   BANK0   BANK1   BANK3   BANK2
      Params:         0       0       0       0       0
      Locals:         0       2       0       0       0
      Temps:          0       2       0       0       0
      Totals:         0       4       0       0       0
Total ram usage:        4 bytes
 Hardware stack levels required when called:    7
 This function calls:
		_ADC_GO
		_Lcd_Clear
		_Lcd_Set_Cursor
		_Lcd_Write_Char
		_Lcd_Write_String
		___awdiv
		___wmul
		_mapeo
		_setup
 This function is called by:
		Startup code after reset
 This function uses a non-reentrant model


 *************** function _setup *****************
 Defined at:
		line 174 in file "C:/MPlab_Digital2/Digital_2/Laboratorio3_digital2.X/main.c"
 Parameters:    Size  Location     Type
		None
 Auto vars:     Size  Location     Type
		None
 Return value:  Size  Location     Type
                  1    wreg      void 
 Registers used:
		wreg, fsr0l, fsr0h, status,2, status,0, btemp+1, pclath, cstack
 Tracked objects:
		On entry : 
		On exit  : 
		Unchanged: 
 Data sizes:     COMMON   BANK0   BANK1   BANK3   BANK2
      Params:         0       0       0       0       0
      Locals:         0       0       0       0       0
      Temps:          0       0       0       0       0
      Totals:         0       0       0       0       0
Total ram usage:        0 bytes
 Hardware stack levels used:    1
 Hardware stack levels required when called:    6
 This function calls:
		_Lcd_Init
		_configADC
		_initOsc
		_initUSART
 This function is called by:
		_main
 This function uses a non-reentrant model


 *************** function _initUSART *****************
 Defined at:
		line 12 in file "C:/MPlab_Digital2/Digital_2/Laboratorio3_digital2.X/usart9600.c"
 Parameters:    Size  Location     Type
		None
 Auto vars:     Size  Location     Type
		None
 Return value:  Size  Location     Type
                  1    wreg      void 
 Registers used:
		wreg, status,2
 Tracked objects:
		On entry : 
		On exit  : 
		Unchanged: 
 Data sizes:     COMMON   BANK0   BANK1   BANK3   BANK2
      Params:         0       0       0       0       0
      Locals:         0       0       0       0       0
      Temps:          0       0       0       0       0
      Totals:         0       0       0       0       0
Total ram usage:        0 bytes
 Hardware stack levels used:    1
 Hardware stack levels required when called:    3
 This function calls:
		Nothing
 This function is called by:
		_setup
 This function uses a non-reentrant model


 *************** function _initOsc *****************
 Defined at:
		line 8 in file "C:/MPlab_Digital2/Digital_2/Laboratorio3_digital2.X/librerias2.c"
 Parameters:    Size  Location     Type
  option          1    wreg     unsigned char 
 Auto vars:     Size  Location     Type
  option          1    2[BANK0 ] unsigned char 
 Return value:  Size  Location     Type
                  1    wreg      void 
 Registers used:
		wreg, fsr0l, fsr0h, status,2, status,0
 Tracked objects:
		On entry : 
		On exit  : 
		Unchanged: 
 Data sizes:     COMMON   BANK0   BANK1   BANK3   BANK2
      Params:         0       0       0       0       0
      Locals:         0       1       0       0       0
      Temps:          0       2       0       0       0
      Totals:         0       3       0       0       0
Total ram usage:        3 bytes
 Hardware stack levels used:    1
 Hardware stack levels required when called:    3
 This function calls:
		Nothing
 This function is called by:
		_setup
 This function uses a non-reentrant model


 *************** function _configADC *****************
 Defined at:
		line 4 in file "C:/MPlab_Digital2/Digital_2/Laboratorio3_digital2.X/configuracionADC.c"
 Parameters:    Size  Location     Type
  canal           1    wreg     unsigned char 
  vel             1    0[BANK0 ] unsigned char 
 Auto vars:     Size  Location     Type
  canal           1    3[BANK0 ] unsigned char 
 Return value:  Size  Location     Type
                  1    wreg      void 
 Registers used:
		wreg, fsr0l, fsr0h, status,2, status,0
 Tracked objects:
		On entry : 
		On exit  : 
		Unchanged: 
 Data sizes:     COMMON   BANK0   BANK1   BANK3   BANK2
      Params:         0       1       0       0       0
      Locals:         0       1       0       0       0
      Temps:          0       2       0       0       0
      Totals:         0       4       0       0       0
Total ram usage:        4 bytes
 Hardware stack levels used:    1
 Hardware stack levels required when called:    3
 This function calls:
		Nothing
 This function is called by:
		_setup
 This function uses a non-reentrant model


 *************** function _Lcd_Init *****************
 Defined at:
		line 40 in file "C:/MPlab_Digital2/Digital_2/Laboratorio3_digital2.X/Display8bits.c"
 Parameters:    Size  Location     Type
		None
 Auto vars:     Size  Location     Type
		None
 Return value:  Size  Location     Type
                  1    wreg      void 
 Registers used:
		wreg, status,2, status,0, pclath, cstack
 Tracked objects:
		On entry : 
		On exit  : 
		Unchanged: 
 Data sizes:     COMMON   BANK0   BANK1   BANK3   BANK2
      Params:         0       0       0       0       0
      Locals:         0       0       0       0       0
      Temps:          0       2       0       0       0
      Totals:         0       2       0       0       0
Total ram usage:        2 bytes
 Hardware stack levels used:    1
 Hardware stack levels required when called:    5
 This function calls:
		_Lcd_Cmd
		_Lcd_Port
 This function is called by:
		_setup
 This function uses a non-reentrant model


 *************** function _mapeo *****************
 Defined at:
		line 232 in file "C:/MPlab_Digital2/Digital_2/Laboratorio3_digital2.X/main.c"
 Parameters:    Size  Location     Type
		None
 Auto vars:     Size  Location     Type
		None
 Return value:  Size  Location     Type
                  1    wreg      void 
 Registers used:
		wreg, status,2, status,0, btemp+1, pclath, cstack
 Tracked objects:
		On entry : 
		On exit  : 
		Unchanged: 
 Data sizes:     COMMON   BANK0   BANK1   BANK3   BANK2
      Params:         0       0       0       0       0
      Locals:         0       0       0       0       0
      Temps:          0       2       0       0       0
      Totals:         0       2       0       0       0
Total ram usage:        2 bytes
 Hardware stack levels used:    1
 Hardware stack levels required when called:    4
 This function calls:
		___awdiv
		___bmul
		___lwdiv
		___wmul
 This function is called by:
		_main
 This function uses a non-reentrant model


 *************** function ___wmul *****************
 Defined at:
		line 15 in file "C:\Program Files\Microchip\xc8\v2.20\pic\sources\c90\common\Umul16.c"
 Parameters:    Size  Location     Type
  multiplier      2    8[BANK0 ] unsigned int 
  multiplicand    2   10[BANK0 ] unsigned int 
 Auto vars:     Size  Location     Type
  product         2   12[BANK0 ] unsigned int 
 Return value:  Size  Location     Type
                  2    8[BANK0 ] unsigned int 
 Registers used:
		wreg, status,2, status,0
 Tracked objects:
		On entry : 
		On exit  : 
		Unchanged: 
 Data sizes:     COMMON   BANK0   BANK1   BANK3   BANK2
      Params:         0       4       0       0       0
      Locals:         0       2       0       0       0
      Temps:          0       0       0       0       0
      Totals:         0       6       0       0       0
Total ram usage:        6 bytes
 Hardware stack levels used:    1
 Hardware stack levels required when called:    3
 This function calls:
		Nothing
 This function is called by:
		_main
		_mapeo
 This function uses a non-reentrant model


 *************** function ___lwdiv *****************
 Defined at:
		line 5 in file "C:\Program Files\Microchip\xc8\v2.20\pic\sources\c90\common\lwdiv.c"
 Parameters:    Size  Location     Type
  divisor         2   14[BANK0 ] unsigned int 
  dividend        2   16[BANK0 ] unsigned int 
 Auto vars:     Size  Location     Type
  quotient        2   18[BANK0 ] unsigned int 
  counter         1   20[BANK0 ] unsigned char 
 Return value:  Size  Location     Type
                  2   14[BANK0 ] unsigned int 
 Registers used:
		wreg, status,2, status,0, btemp+1
 Tracked objects:
		On entry : 
		On exit  : 
		Unchanged: 
 Data sizes:     COMMON   BANK0   BANK1   BANK3   BANK2
      Params:         0       4       0       0       0
      Locals:         0       3       0       0       0
      Temps:          0       0       0       0       0
      Totals:         0       7       0       0       0
Total ram usage:        7 bytes
 Hardware stack levels used:    1
 Hardware stack levels required when called:    3
 This function calls:
		Nothing
 This function is called by:
		_mapeo
 This function uses a non-reentrant model


 *************** function ___bmul *****************
 Defined at:
		line 4 in file "C:\Program Files\Microchip\xc8\v2.20\pic\sources\c90\common\Umul8.c"
 Parameters:    Size  Location     Type
  multiplier      1    wreg     unsigned char 
  multiplicand    1    0[BANK0 ] unsigned char 
 Auto vars:     Size  Location     Type
  multiplier      1    2[BANK0 ] unsigned char 
  product         1    1[BANK0 ] unsigned char 
 Return value:  Size  Location     Type
                  1    wreg      unsigned char 
 Registers used:
		wreg, status,2, status,0, btemp+1
 Tracked objects:
		On entry : 
		On exit  : 
		Unchanged: 
 Data sizes:     COMMON   BANK0   BANK1   BANK3   BANK2
      Params:         0       1       0       0       0
      Locals:         0       2       0       0       0
      Temps:          0       0       0       0       0
      Totals:         0       3       0       0       0
Total ram usage:        3 bytes
 Hardware stack levels used:    1
 Hardware stack levels required when called:    3
 This function calls:
		Nothing
 This function is called by:
		_mapeo
 This function uses a non-reentrant model


 *************** function ___awdiv *****************
 Defined at:
		line 5 in file "C:\Program Files\Microchip\xc8\v2.20\pic\sources\c90\common\awdiv.c"
 Parameters:    Size  Location     Type
  divisor         2    0[BANK0 ] int 
  dividend        2    2[BANK0 ] int 
 Auto vars:     Size  Location     Type
  quotient        2    6[BANK0 ] int 
  sign            1    5[BANK0 ] unsigned char 
  counter         1    4[BANK0 ] unsigned char 
 Return value:  Size  Location     Type
                  2    0[BANK0 ] int 
 Registers used:
		wreg, status,2, status,0, btemp+1
 Tracked objects:
		On entry : 
		On exit  : 
		Unchanged: 
 Data sizes:     COMMON   BANK0   BANK1   BANK3   BANK2
      Params:         0       4       0       0       0
      Locals:         0       4       0       0       0
      Temps:          0       0       0       0       0
      Totals:         0       8       0       0       0
Total ram usage:        8 bytes
 Hardware stack levels used:    1
 Hardware stack levels required when called:    3
 This function calls:
		Nothing
 This function is called by:
		_main
		_mapeo
 This function uses a non-reentrant model


 *************** function _Lcd_Write_String *****************
 Defined at:
		line 64 in file "C:/MPlab_Digital2/Digital_2/Laboratorio3_digital2.X/Display8bits.c"
 Parameters:    Size  Location     Type
  a               1    wreg     PTR unsigned char 
		 -> STR_1(15), 
 Auto vars:     Size  Location     Type
  a               1    4[BANK0 ] PTR unsigned char 
		 -> STR_1(15), 
  i               2    2[BANK0 ] int 
 Return value:  Size  Location     Type
                  1    wreg      void 
 Registers used:
		wreg, fsr0l, fsr0h, status,2, status,0, pclath, cstack
 Tracked objects:
		On entry : 
		On exit  : 
		Unchanged: 
 Data sizes:     COMMON   BANK0   BANK1   BANK3   BANK2
      Params:         0       0       0       0       0
      Locals:         0       3       0       0       0
      Temps:          0       0       0       0       0
      Totals:         0       3       0       0       0
Total ram usage:        3 bytes
 Hardware stack levels used:    1
 Hardware stack levels required when called:    5
 This function calls:
		_Lcd_Write_Char
 This function is called by:
		_main
 This function uses a non-reentrant model


 *************** function _Lcd_Write_Char *****************
 Defined at:
		line 57 in file "C:/MPlab_Digital2/Digital_2/Laboratorio3_digital2.X/Display8bits.c"
 Parameters:    Size  Location     Type
  a               1    wreg     unsigned char 
 Auto vars:     Size  Location     Type
  a               1    1[BANK0 ] unsigned char 
 Return value:  Size  Location     Type
                  1    wreg      void 
 Registers used:
		wreg, status,2, status,0, pclath, cstack
 Tracked objects:
		On entry : 
		On exit  : 
		Unchanged: 
 Data sizes:     COMMON   BANK0   BANK1   BANK3   BANK2
      Params:         0       0       0       0       0
      Locals:         0       1       0       0       0
      Temps:          0       0       0       0       0
      Totals:         0       1       0       0       0
Total ram usage:        1 bytes
 Hardware stack levels used:    1
 Hardware stack levels required when called:    4
 This function calls:
		_Lcd_Port
 This function is called by:
		_Lcd_Write_String
		_main
 This function uses a non-reentrant model


 *************** function _Lcd_Set_Cursor *****************
 Defined at:
		line 27 in file "C:/MPlab_Digital2/Digital_2/Laboratorio3_digital2.X/Display8bits.c"
 Parameters:    Size  Location     Type
  a               1    wreg     unsigned char 
  b               1    3[BANK0 ] unsigned char 
 Auto vars:     Size  Location     Type
  a               1    4[BANK0 ] unsigned char 
  temp            1    5[BANK0 ] unsigned char 
 Return value:  Size  Location     Type
                  1    wreg      void 
 Registers used:
		wreg, status,2, status,0, btemp+1, pclath, cstack
 Tracked objects:
		On entry : 
		On exit  : 
		Unchanged: 
 Data sizes:     COMMON   BANK0   BANK1   BANK3   BANK2
      Params:         0       1       0       0       0
      Locals:         0       2       0       0       0
      Temps:          0       0       0       0       0
      Totals:         0       3       0       0       0
Total ram usage:        3 bytes
 Hardware stack levels used:    1
 Hardware stack levels required when called:    5
 This function calls:
		_Lcd_Cmd
 This function is called by:
		_main
 This function uses a non-reentrant model


 *************** function _Lcd_Clear *****************
 Defined at:
		line 24 in file "C:/MPlab_Digital2/Digital_2/Laboratorio3_digital2.X/Display8bits.c"
 Parameters:    Size  Location     Type
		None
 Auto vars:     Size  Location     Type
		None
 Return value:  Size  Location     Type
                  1    wreg      void 
 Registers used:
		wreg, status,2, status,0, pclath, cstack
 Tracked objects:
		On entry : 
		On exit  : 
		Unchanged: 
 Data sizes:     COMMON   BANK0   BANK1   BANK3   BANK2
      Params:         0       0       0       0       0
      Locals:         0       0       0       0       0
      Temps:          0       0       0       0       0
      Totals:         0       0       0       0       0
Total ram usage:        0 bytes
 Hardware stack levels used:    1
 Hardware stack levels required when called:    5
 This function calls:
		_Lcd_Cmd
 This function is called by:
		_main
 This function uses a non-reentrant model


 *************** function _Lcd_Cmd *****************
 Defined at:
		line 17 in file "C:/MPlab_Digital2/Digital_2/Laboratorio3_digital2.X/Display8bits.c"
 Parameters:    Size  Location     Type
  a               1    wreg     unsigned char 
 Auto vars:     Size  Location     Type
  a               1    2[BANK0 ] unsigned char 
 Return value:  Size  Location     Type
                  1    wreg      void 
 Registers used:
		wreg, status,2, status,0, pclath, cstack
 Tracked objects:
		On entry : 
		On exit  : 
		Unchanged: 
 Data sizes:     COMMON   BANK0   BANK1   BANK3   BANK2
      Params:         0       0       0       0       0
      Locals:         0       1       0       0       0
      Temps:          0       1       0       0       0
      Totals:         0       2       0       0       0
Total ram usage:        2 bytes
 Hardware stack levels used:    1
 Hardware stack levels required when called:    4
 This function calls:
		_Lcd_Port
 This function is called by:
		_Lcd_Clear
		_Lcd_Set_Cursor
		_Lcd_Init
		_Lcd_Shift_Right
		_Lcd_Shift_Left
 This function uses a non-reentrant model


 *************** function _Lcd_Port *****************
 Defined at:
		line 14 in file "C:/MPlab_Digital2/Digital_2/Laboratorio3_digital2.X/Display8bits.c"
 Parameters:    Size  Location     Type
  a               1    wreg     unsigned char 
 Auto vars:     Size  Location     Type
  a               1    0[BANK0 ] unsigned char 
 Return value:  Size  Location     Type
                  1    wreg      void 
 Registers used:
		wreg
 Tracked objects:
		On entry : 
		On exit  : 
		Unchanged: 
 Data sizes:     COMMON   BANK0   BANK1   BANK3   BANK2
      Params:         0       0       0       0       0
      Locals:         0       1       0       0       0
      Temps:          0       0       0       0       0
      Totals:         0       1       0       0       0
Total ram usage:        1 bytes
 Hardware stack levels used:    1
 Hardware stack levels required when called:    3
 This function calls:
		Nothing
 This function is called by:
		_Lcd_Cmd
		_Lcd_Init
		_Lcd_Write_Char
 This function uses a non-reentrant model


 *************** function _ADC_GO *****************
 Defined at:
		line 245 in file "C:/MPlab_Digital2/Digital_2/Laboratorio3_digital2.X/main.c"
 Parameters:    Size  Location     Type
		None
 Auto vars:     Size  Location     Type
		None
 Return value:  Size  Location     Type
                  1    wreg      void 
 Registers used:
		wreg, status,2
 Tracked objects:
		On entry : 
		On exit  : 
		Unchanged: 
 Data sizes:     COMMON   BANK0   BANK1   BANK3   BANK2
      Params:         0       0       0       0       0
      Locals:         0       0       0       0       0
      Temps:          0       0       0       0       0
      Totals:         0       0       0       0       0
Total ram usage:        0 bytes
 Hardware stack levels used:    1
 Hardware stack levels required when called:    3
 This function calls:
		Nothing
 This function is called by:
		_main
 This function uses a non-reentrant model


 *************** function _isr *****************
 Defined at:
		line 86 in file "C:/MPlab_Digital2/Digital_2/Laboratorio3_digital2.X/main.c"
 Parameters:    Size  Location     Type
		None
 Auto vars:     Size  Location     Type
		None
 Return value:  Size  Location     Type
                  1    wreg      void 
 Registers used:
		wreg, fsr0l, fsr0h, status,2, status,0, btemp+1, pclath, cstack
 Tracked objects:
		On entry : 
		On exit  : 
		Unchanged: 
 Data sizes:     COMMON   BANK0   BANK1   BANK3   BANK2
      Params:         0       0       0       0       0
      Locals:         0       0       0       0       0
      Temps:          4       0       0       0       0
      Totals:         4       0       0       0       0
Total ram usage:        4 bytes
 Hardware stack levels used:    1
 Hardware stack levels required when called:    2
 This function calls:
		_envio
		_sep_nibbles
		_verificacion
		i1_configADC
 This function is called by:
		Interrupt level 1
 This function uses a non-reentrant model


 *************** function i1_configADC *****************
 Defined at:
		line 4 in file "C:/MPlab_Digital2/Digital_2/Laboratorio3_digital2.X/configuracionADC.c"
 Parameters:    Size  Location     Type
  canal           1    wreg     unsigned char 
  vel             1    0[COMMON] unsigned char 
 Auto vars:     Size  Location     Type
  canal           1    3[COMMON] unsigned char 
 Return value:  Size  Location     Type
                  1    wreg      void 
 Registers used:
		wreg, fsr0l, fsr0h, status,2, status,0
 Tracked objects:
		On entry : 
		On exit  : 
		Unchanged: 
 Data sizes:     COMMON   BANK0   BANK1   BANK3   BANK2
      Params:         1       0       0       0       0
      Locals:         1       0       0       0       0
      Temps:          2       0       0       0       0
      Totals:         4       0       0       0       0
Total ram usage:        4 bytes
 Hardware stack levels used:    1
 This function calls:
		Nothing
 This function is called by:
		_isr
 This function uses a non-reentrant model


 *************** function _verificacion *****************
 Defined at:
		line 215 in file "C:/MPlab_Digital2/Digital_2/Laboratorio3_digital2.X/main.c"
 Parameters:    Size  Location     Type
		None
 Auto vars:     Size  Location     Type
		None
 Return value:  Size  Location     Type
                  1    wreg      void 
 Registers used:
		wreg, status,2, status,0, btemp+1
 Tracked objects:
		On entry : 
		On exit  : 
		Unchanged: 
 Data sizes:     COMMON   BANK0   BANK1   BANK3   BANK2
      Params:         0       0       0       0       0
      Locals:         0       0       0       0       0
      Temps:          0       0       0       0       0
      Totals:         0       0       0       0       0
Total ram usage:        0 bytes
 Hardware stack levels used:    1
 This function calls:
		Nothing
 This function is called by:
		_isr
 This function uses a non-reentrant model


 *************** function _sep_nibbles *****************
 Defined at:
		line 208 in file "C:/MPlab_Digital2/Digital_2/Laboratorio3_digital2.X/main.c"
 Parameters:    Size  Location     Type
		None
 Auto vars:     Size  Location     Type
		None
 Return value:  Size  Location     Type
                  1    wreg      void 
 Registers used:
		wreg, status,2, status,0, btemp+1
 Tracked objects:
		On entry : 
		On exit  : 
		Unchanged: 
 Data sizes:     COMMON   BANK0   BANK1   BANK3   BANK2
      Params:         0       0       0       0       0
      Locals:         0       0       0       0       0
      Temps:          1       0       0       0       0
      Totals:         1       0       0       0       0
Total ram usage:        1 bytes
 Hardware stack levels used:    1
 This function calls:
		Nothing
 This function is called by:
		_isr
 This function uses a non-reentrant model


 *************** function _envio *****************
 Defined at:
		line 252 in file "C:/MPlab_Digital2/Digital_2/Laboratorio3_digital2.X/main.c"
 Parameters:    Size  Location     Type
		None
 Auto vars:     Size  Location     Type
		None
 Return value:  Size  Location     Type
                  1    wreg      void 
 Registers used:
		wreg, fsr0l, fsr0h, status,2, status,0, btemp+1, pclath, cstack
 Tracked objects:
		On entry : 
		On exit  : 
		Unchanged: 
 Data sizes:     COMMON   BANK0   BANK1   BANK3   BANK2
      Params:         0       0       0       0       0
      Locals:         0       0       0       0       0
      Temps:          2       0       0       0       0
      Totals:         2       0       0       0       0
Total ram usage:        2 bytes
 Hardware stack levels used:    1
 Hardware stack levels required when called:    1
 This function calls:
		_tabla_hex
 This function is called by:
		_isr
 This function uses a non-reentrant model


 *************** function _tabla_hex *****************
 Defined at:
		line 11 in file "C:/MPlab_Digital2/Digital_2/Laboratorio3_digital2.X/TablaACSII_HEX.c"
 Parameters:    Size  Location     Type
  selector        1    wreg     unsigned char 
  port            2    0[COMMON] PTR volatile unsigned ch
		 -> TXREG(1), 
 Auto vars:     Size  Location     Type
  selector        1    4[COMMON] unsigned char 
 Return value:  Size  Location     Type
                  1    wreg      void 
 Registers used:
		wreg, fsr0l, fsr0h, status,2, status,0, btemp+1
 Tracked objects:
		On entry : 
		On exit  : 
		Unchanged: 
 Data sizes:     COMMON   BANK0   BANK1   BANK3   BANK2
      Params:         2       0       0       0       0
      Locals:         1       0       0       0       0
      Temps:          2       0       0       0       0
      Totals:         5       0       0       0       0
Total ram usage:        5 bytes
 Hardware stack levels used:    1
 This function calls:
		Nothing
 This function is called by:
		_envio
 This function uses a non-reentrant model



MODULE INFORMATION

Module		Function		Class		Link	Load	Size
C:/MPlab_Digital2/Digital_2/Laboratorio3_digital2.X/usart9600.c
		_initUSART     		CODE           	0F0B	0000	21

C:/MPlab_Digital2/Digital_2/Laboratorio3_digital2.X/usart9600.c estimated size: 21

C:/MPlab_Digital2/Digital_2/Laboratorio3_digital2.X/Display8bits.c
		_Lcd_Write_String		CODE           	0F9C	0000	42
		_Lcd_Init      		CODE           	0630	0000	91
		_Lcd_Write_Char		CODE           	0EF8	0000	20
		_Lcd_Cmd       		CODE           	0F36	0000	26
		_Lcd_Set_Cursor		CODE           	0F4F	0000	39
		_Lcd_Clear     		CODE           	0EDB	0000	8
		_Lcd_Port      		CODE           	0ED5	0000	7

C:/MPlab_Digital2/Digital_2/Laboratorio3_digital2.X/Display8bits.c estimated size: 233

C:/MPlab_Digital2/Digital_2/Laboratorio3_digital2.X/librerias2.c
		_initOsc       		CODE           	073B	0000	88

C:/MPlab_Digital2/Digital_2/Laboratorio3_digital2.X/librerias2.c estimated size: 88

shared
		__stringtab    		STRING         	0800	0000	7
		__initialization		CODE           	0015	0000	13
		i1_configADC   		CODE           	02E1	0000	227

shared estimated size: 247

C:\Program Files\Microchip\xc8\v2.20\pic\sources\c90\common\Umul16.c
		___wmul        		CODE           	07D8	0000	40

C:\Program Files\Microchip\xc8\v2.20\pic\sources\c90\common\Umul16.c estimated size: 40

C:\Program Files\Microchip\xc8\v2.20\pic\sources\c90\common\lwdiv.c
		___lwdiv       		CODE           	0792	0000	71

C:\Program Files\Microchip\xc8\v2.20\pic\sources\c90\common\lwdiv.c estimated size: 71

C:/MPlab_Digital2/Digital_2/Laboratorio3_digital2.X/TablaACSII_HEX.c
		_tabla_hex     		CODE           	03C3	0000	222

C:/MPlab_Digital2/Digital_2/Laboratorio3_digital2.X/TablaACSII_HEX.c estimated size: 222

C:/MPlab_Digital2/Digital_2/Laboratorio3_digital2.X/configuracionADC.c
		_configADC     		CODE           	04A0	0000	195

C:/MPlab_Digital2/Digital_2/Laboratorio3_digital2.X/configuracionADC.c estimated size: 195

C:/MPlab_Digital2/Digital_2/Laboratorio3_digital2.X/main.c
		_verificacion  		CODE           	0FC5	0000	60
		_main          		CODE           	0025	0000	444
		_isr           		CODE           	05CB	0000	102
		_ADC_GO        		CODE           	0EEA	0000	15
		_envio         		CODE           	068A	0000	90
		_setup         		CODE           	06E3	0000	89
		_mapeo         		CODE           	01E0	0000	258
		_sep_nibbles   		CODE           	0F75	0000	40

C:/MPlab_Digital2/Digital_2/Laboratorio3_digital2.X/main.c estimated size: 1098

C:\Program Files\Microchip\xc8\v2.20\pic\sources\c90\common\Umul8.c
		___bmul        		CODE           	0F1F	0000	24

C:\Program Files\Microchip\xc8\v2.20\pic\sources\c90\common\Umul8.c estimated size: 24

C:\Program Files\Microchip\xc8\v2.20\pic\sources\c90\common\awdiv.c
		___awdiv       		CODE           	0562	0000	106

C:\Program Files\Microchip\xc8\v2.20\pic\sources\c90\common\awdiv.c estimated size: 106

