******************************************************************************
                  TI ARM Linker PC v20.2.5                     
******************************************************************************
>> Linked Thu May  6 20:56:58 2021

OUTPUT FILE NAME:   <Lab7Digital2.out>
ENTRY POINT SYMBOL: "_c_int00_noinit_noargs"  address: 00000739


MEMORY CONFIGURATION

         name            origin    length      used     unused   attr    fill
----------------------  --------  ---------  --------  --------  ----  --------
  FLASH                 00000000   00040000  000008f0  0003f710  R  X
  SRAM                  20000000   00008000  00000200  00007e00  RW X


SEGMENT ALLOCATION MAP

run origin  load origin   length   init length attrs members
----------  ----------- ---------- ----------- ----- -------
00000000    00000000    000008f0   000008f0    r-x
  00000000    00000000    0000026c   0000026c    r-- .intvecs
  0000026c    0000026c    000005a8   000005a8    r-x .text
  00000814    00000814    000000dc   000000dc    r-- .const
20000000    20000000    00000200   00000000    rw-
  20000000    20000000    00000200   00000000    rw- .stack


SECTION ALLOCATION MAP

 output                                  attributes/
section   page    origin      length       input sections
--------  ----  ----------  ----------   ----------------
.intvecs   0    00000000    0000026c     
                  00000000    0000026c     tm4c123gh6pm_startup_ccs.obj (.intvecs)

.text      0    0000026c    000005a8     
                  0000026c    00000132     driverlib.lib : gpio.obj (.text:GPIOPadConfigSet)
                  0000039e    00000002     --HOLE-- [fill = 0]
                  000003a0    00000110                   : sysctl.obj (.text:SysCtlClockGet)
                  000004b0    000000f4                   : sysctl.obj (.text:SysCtlClockSet)
                  000005a4    00000098     main.obj (.text)
                  0000063c    00000068     driverlib.lib : interrupt.obj (.text:IntEnable)
                  000006a4    00000060                   : timer.obj (.text:TimerConfigure)
                  00000704    00000034                   : sysctl.obj (.text:SysCtlPeripheralEnable)
                  00000738    0000002c     rtsv7M4_T_le_v4SPD16_eabi.lib : boot_cortex_m.c.obj (.text:_c_int00_noinit_noargs:_c_int00_noinit_noargs)
                  00000764    0000002a     driverlib.lib : gpio.obj (.text:GPIODirModeSet)
                  0000078e    00000018                   : gpio.obj (.text:GPIOPinTypeGPIOOutput)
                  000007a6    00000012                   : timer.obj (.text:TimerLoadSet)
                  000007b8    00000010                   : interrupt.obj (.text:IntMasterEnable)
                  000007c8    0000000e                   : timer.obj (.text:TimerEnable)
                  000007d6    0000000c                   : cpu.obj (.text:CPUcpsie)
                  000007e2    0000000c     tm4c123gh6pm_startup_ccs.obj (.text)
                  000007ee    00000008     driverlib.lib : timer.obj (.text:TimerIntEnable)
                  000007f6    00000006                   : gpio.obj (.text:GPIOPinRead)
                  000007fc    00000006                   : gpio.obj (.text:GPIOPinWrite)
                  00000802    00000006                   : sysctl.obj (.text:SysCtlDelay)
                  00000808    00000004                   : timer.obj (.text:TimerIntClear)
                  0000080c    00000004     rtsv7M4_T_le_v4SPD16_eabi.lib : pre_init.c.obj (.text:_system_pre_init)
                  00000810    00000004                                   : exit.c.obj (.text:abort:abort)

.const     0    00000814    000000dc     
                  00000814    00000070     driverlib.lib : interrupt.obj (.const)
                  00000884    0000006c                   : sysctl.obj (.const:g_pui32Xtals)

.cinit     0    00000000    00000000     UNINITIALIZED

.init_array 
*          0    00000000    00000000     UNINITIALIZED

.stack     0    20000000    00000200     UNINITIALIZED
                  20000000    00000004     rtsv7M4_T_le_v4SPD16_eabi.lib : boot_cortex_m.c.obj (.stack)
                  20000004    000001fc     --HOLE--

__llvm_prf_cnts 
*          0    20000000    00000000     UNINITIALIZED

MODULE SUMMARY

       Module                         code   ro data   rw data
       ------                         ----   -------   -------
    .\
       tm4c123gh6pm_startup_ccs.obj   12     620       0      
       main.obj                       152    0         0      
    +--+------------------------------+------+---------+---------+
       Total:                         164    620       0      
                                                              
    C:/ti/TivaWare_C_Series-2.1.4.178/driverlib/ccs/Debug/driverlib.lib
       sysctl.obj                     574    108       0      
       gpio.obj                       384    0         0      
       interrupt.obj                  120    112       0      
       timer.obj                      140    0         0      
       cpu.obj                        12     0         0      
    +--+------------------------------+------+---------+---------+
       Total:                         1230   220       0      
                                                              
    C:\ti\ccs1030\ccs\tools\compiler\ti-cgt-arm_20.2.5.LTS\lib\rtsv7M4_T_le_v4SPD16_eabi.lib
       boot_cortex_m.c.obj            44     0         0      
       exit.c.obj                     4      0         0      
       pre_init.c.obj                 4      0         0      
    +--+------------------------------+------+---------+---------+
       Total:                         52     0         0      
                                                              
       Stack:                         0      0         512    
    +--+------------------------------+------+---------+---------+
       Grand Total:                   1446   840       512    


GLOBAL SYMBOLS: SORTED ALPHABETICALLY BY Name 

address   name                   
-------   ----                   
00000811  C$$EXIT                
000007d7  CPUcpsie               
00000765  GPIODirModeSet         
0000026d  GPIOPadConfigSet       
000007f7  GPIOPinRead            
0000078f  GPIOPinTypeGPIOOutput  
000007fd  GPIOPinWrite           
0000063d  IntEnable              
000007b9  IntMasterEnable        
000007e3  ResetISR               
000003a1  SysCtlClockGet         
000004b1  SysCtlClockSet         
00000803  SysCtlDelay            
00000705  SysCtlPeripheralEnable 
000005fd  Timer0IntHandler       
000006a5  TimerConfigure         
000007c9  TimerEnable            
00000809  TimerIntClear          
000007ef  TimerIntEnable         
000007a7  TimerLoadSet           
20000200  __STACK_END            
00000200  __STACK_SIZE           
20000200  __STACK_TOP            
ffffffff  __TI_pprof_out_hndl    
ffffffff  __TI_prof_data_size    
ffffffff  __TI_prof_data_start   
00000000  __TI_static_base__     
ffffffff  __binit__              
ffffffff  __c_args__             
UNDEFED   __mpu_init             
20000000  __stack                
20000000  __start___llvm_prf_cnts
20000000  __stop___llvm_prf_cnts 
00000739  _c_int00_noinit_noargs 
0000080d  _system_pre_init       
00000811  abort                  
ffffffff  binit                  
00000000  g_pfnVectors           
000005a5  main                   
000005ad  setup                  


GLOBAL SYMBOLS: SORTED BY Symbol Address 

address   name                   
-------   ----                   
00000000  __TI_static_base__     
00000000  g_pfnVectors           
00000200  __STACK_SIZE           
0000026d  GPIOPadConfigSet       
000003a1  SysCtlClockGet         
000004b1  SysCtlClockSet         
000005a5  main                   
000005ad  setup                  
000005fd  Timer0IntHandler       
0000063d  IntEnable              
000006a5  TimerConfigure         
00000705  SysCtlPeripheralEnable 
00000739  _c_int00_noinit_noargs 
00000765  GPIODirModeSet         
0000078f  GPIOPinTypeGPIOOutput  
000007a7  TimerLoadSet           
000007b9  IntMasterEnable        
000007c9  TimerEnable            
000007d7  CPUcpsie               
000007e3  ResetISR               
000007ef  TimerIntEnable         
000007f7  GPIOPinRead            
000007fd  GPIOPinWrite           
00000803  SysCtlDelay            
00000809  TimerIntClear          
0000080d  _system_pre_init       
00000811  C$$EXIT                
00000811  abort                  
20000000  __stack                
20000000  __start___llvm_prf_cnts
20000000  __stop___llvm_prf_cnts 
20000200  __STACK_END            
20000200  __STACK_TOP            
ffffffff  __TI_pprof_out_hndl    
ffffffff  __TI_prof_data_size    
ffffffff  __TI_prof_data_start   
ffffffff  __binit__              
ffffffff  __c_args__             
ffffffff  binit                  
UNDEFED   __mpu_init             

[40 symbols]
