******************************************************************************
                  TI ARM Linker PC v20.2.5                     
******************************************************************************
>> Linked Mon May 10 00:26:51 2021

OUTPUT FILE NAME:   <Lab7Digital2.out>
ENTRY POINT SYMBOL: "_c_int00_noargs"  address: 00000a81


MEMORY CONFIGURATION

         name            origin    length      used     unused   attr    fill
----------------------  --------  ---------  --------  --------  ----  --------
  FLASH                 00000000   00040000  00000d54  0003f2ac  R  X
  SRAM                  20000000   00008000  00000204  00007dfc  RW X


SEGMENT ALLOCATION MAP

run origin  load origin   length   init length attrs members
----------  ----------- ---------- ----------- ----- -------
00000000    00000000    00000d58   00000d58    r-x
  00000000    00000000    0000026c   0000026c    r-- .intvecs
  0000026c    0000026c    00000964   00000964    r-x .text
  00000bd0    00000bd0    0000016c   0000016c    r-- .const
  00000d40    00000d40    00000018   00000018    r-- .cinit
20000000    20000000    00000204   00000000    rw-
  20000000    20000000    00000200   00000000    rw- .stack
  20000200    20000200    00000004   00000000    rw- .data


SECTION ALLOCATION MAP

 output                                  attributes/
section   page    origin      length       input sections
--------  ----  ----------  ----------   ----------------
.intvecs   0    00000000    0000026c     
                  00000000    0000026c     tm4c123gh6pm_startup_ccs.obj (.intvecs)

.text      0    0000026c    00000964     
                  0000026c    000001d0     main.obj (.text)
                  0000043c    00000132     driverlib.lib : gpio.obj (.text:GPIOPadConfigSet)
                  0000056e    00000002     --HOLE-- [fill = 0]
                  00000570    00000110                   : sysctl.obj (.text:SysCtlClockGet)
                  00000680    000000f4                   : sysctl.obj (.text:SysCtlClockSet)
                  00000774    0000009c     rtsv7M4_T_le_v4SPD16_eabi.lib : memcpy_t2.asm.obj (.text)
                  00000810    00000068     driverlib.lib : interrupt.obj (.text:IntEnable)
                  00000878    00000068     rtsv7M4_T_le_v4SPD16_eabi.lib : copy_decompress_lzss.c.obj (.text:decompress:lzss:__TI_decompress_lzss)
                  000008e0    00000060     driverlib.lib : timer.obj (.text:TimerConfigure)
                  00000940    00000048                   : gpio.obj (.text:GPIOPinConfigure)
                  00000988    00000046                   : uart.obj (.text:UARTConfigSetExpClk)
                  000009ce    00000002     --HOLE-- [fill = 0]
                  000009d0    00000044     rtsv7M4_T_le_v4SPD16_eabi.lib : autoinit.c.obj (.text:__TI_auto_init_nobinit_nopinit:__TI_auto_init_nobinit_nopinit)
                  00000a14    00000038     driverlib.lib : sysctl.obj (.text:SysCtlPeripheralReady)
                  00000a4c    00000034                   : sysctl.obj (.text:SysCtlPeripheralEnable)
                  00000a80    00000034     rtsv7M4_T_le_v4SPD16_eabi.lib : boot_cortex_m.c.obj (.text:_c_int00_noargs:_c_int00_noargs)
                  00000ab4    0000002a     driverlib.lib : gpio.obj (.text:GPIODirModeSet)
                  00000ade    00000002     --HOLE-- [fill = 0]
                  00000ae0    00000020                   : uart.obj (.text:UARTDisable)
                  00000b00    00000018                   : gpio.obj (.text:GPIOPinTypeGPIOOutput)
                  00000b18    00000014                   : uart.obj (.text:UARTEnable)
                  00000b2c    00000012                   : gpio.obj (.text:GPIOPinTypeUART)
                  00000b3e    00000012                   : timer.obj (.text:TimerLoadSet)
                  00000b50    00000010                   : interrupt.obj (.text:IntMasterEnable)
                  00000b60    0000000e                   : timer.obj (.text:TimerEnable)
                  00000b6e    0000000e     rtsv7M4_T_le_v4SPD16_eabi.lib : copy_decompress_none.c.obj (.text:decompress:none:__TI_decompress_none)
                  00000b7c    0000000c     driverlib.lib : cpu.obj (.text:CPUcpsie)
                  00000b88    0000000c     tm4c123gh6pm_startup_ccs.obj (.text)
                  00000b94    0000000a     driverlib.lib : uart.obj (.text:UARTCharGet)
                  00000b9e    00000008                   : timer.obj (.text:TimerIntEnable)
                  00000ba6    00000008                   : uart.obj (.text:UARTIntEnable)
                  00000bae    00000006                   : gpio.obj (.text:GPIOPinRead)
                  00000bb4    00000006                   : gpio.obj (.text:GPIOPinWrite)
                  00000bba    00000006                   : sysctl.obj (.text:SysCtlDelay)
                  00000bc0    00000004                   : timer.obj (.text:TimerIntClear)
                  00000bc4    00000004                   : uart.obj (.text:UARTIntClear)
                  00000bc8    00000004     rtsv7M4_T_le_v4SPD16_eabi.lib : pre_init.c.obj (.text:_system_pre_init)
                  00000bcc    00000004                                   : exit.c.obj (.text:abort:abort)

.const     0    00000bd0    0000016c     
                  00000bd0    00000090     driverlib.lib : gpio.obj (.const:g_pui32GPIOBaseAddrs)
                  00000c60    00000070                   : interrupt.obj (.const)
                  00000cd0    0000006c                   : sysctl.obj (.const:g_pui32Xtals)

.cinit     0    00000d40    00000018     
                  00000d40    00000008     (.cinit..data.load) [load image, compression = lzss]
                  00000d48    00000008     (__TI_handler_table)
                  00000d50    00000008     (__TI_cinit_table)

.init_array 
*          0    00000000    00000000     UNINITIALIZED

.data      0    20000200    00000004     UNINITIALIZED
                  20000200    00000004     main.obj (.data)

.stack     0    20000000    00000200     UNINITIALIZED
                  20000000    00000004     rtsv7M4_T_le_v4SPD16_eabi.lib : boot_cortex_m.c.obj (.stack)
                  20000004    000001fc     --HOLE--

__llvm_prf_cnts 
*          0    20000000    00000000     UNINITIALIZED

MODULE SUMMARY

       Module                         code   ro data   rw data
       ------                         ----   -------   -------
    .\
       tm4c123gh6pm_startup_ccs.obj   12     620       0      
       main.obj                       464    0         4      
    +--+------------------------------+------+---------+---------+
       Total:                         476    620       4      
                                                              
    C:/ti/TivaWare_C_Series-2.1.4.178/driverlib/ccs/Debug/driverlib.lib
       sysctl.obj                     630    108       0      
       gpio.obj                       474    144       0      
       interrupt.obj                  120    112       0      
       uart.obj                       144    0         0      
       timer.obj                      140    0         0      
       cpu.obj                        12     0         0      
    +--+------------------------------+------+---------+---------+
       Total:                         1520   364       0      
                                                              
    C:\ti\ccs1030\ccs\tools\compiler\ti-cgt-arm_20.2.5.LTS\lib\rtsv7M4_T_le_v4SPD16_eabi.lib
       memcpy_t2.asm.obj              156    0         0      
       copy_decompress_lzss.c.obj     104    0         0      
       autoinit.c.obj                 68     0         0      
       boot_cortex_m.c.obj            52     0         0      
       copy_decompress_none.c.obj     14     0         0      
       exit.c.obj                     4      0         0      
       pre_init.c.obj                 4      0         0      
    +--+------------------------------+------+---------+---------+
       Total:                         402    0         0      
                                                              
       Stack:                         0      0         512    
       Linker Generated:              0      24        0      
    +--+------------------------------+------+---------+---------+
       Grand Total:                   2398   1008      516    


LINKER GENERATED COPY TABLES

__TI_cinit_table @ 00000d50 records: 1, size/record: 8, table size: 8
	.data: load addr=00000d40, load size=00000008 bytes, run addr=20000200, run size=00000004 bytes, compression=lzss


LINKER GENERATED HANDLER TABLE

__TI_handler_table @ 00000d48 records: 2, size/record: 4, table size: 8
	index: 0, handler: __TI_decompress_lzss
	index: 1, handler: __TI_decompress_none


GLOBAL SYMBOLS: SORTED ALPHABETICALLY BY Name 

address   name                          
-------   ----                          
00000bcd  C$$EXIT                       
00000b7d  CPUcpsie                      
00000ab5  GPIODirModeSet                
0000043d  GPIOPadConfigSet              
00000941  GPIOPinConfigure              
00000baf  GPIOPinRead                   
00000b01  GPIOPinTypeGPIOOutput         
00000b2d  GPIOPinTypeUART               
00000bb5  GPIOPinWrite                  
00000811  IntEnable                     
00000b51  IntMasterEnable               
00000b89  ResetISR                      
00000571  SysCtlClockGet                
00000681  SysCtlClockSet                
00000bbb  SysCtlDelay                   
00000a4d  SysCtlPeripheralEnable        
00000a15  SysCtlPeripheralReady         
0000038f  Timer0IntHandler              
000008e1  TimerConfigure                
00000b61  TimerEnable                   
00000bc1  TimerIntClear                 
00000b9f  TimerIntEnable                
00000b3f  TimerLoadSet                  
00000b95  UARTCharGet                   
00000989  UARTConfigSetExpClk           
00000ae1  UARTDisable                   
00000b19  UARTEnable                    
00000bc5  UARTIntClear                  
00000ba7  UARTIntEnable                 
00000319  UARTIntHandler                
20000200  __STACK_END                   
00000200  __STACK_SIZE                  
20000200  __STACK_TOP                   
00000d50  __TI_CINIT_Base               
00000d58  __TI_CINIT_Limit              
00000d48  __TI_Handler_Table_Base       
00000d50  __TI_Handler_Table_Limit      
000009d1  __TI_auto_init_nobinit_nopinit
00000879  __TI_decompress_lzss          
00000b6f  __TI_decompress_none          
ffffffff  __TI_pprof_out_hndl           
ffffffff  __TI_prof_data_size           
ffffffff  __TI_prof_data_start          
00000000  __TI_static_base__            
00000775  __aeabi_memcpy                
00000775  __aeabi_memcpy4               
00000775  __aeabi_memcpy8               
ffffffff  __binit__                     
ffffffff  __c_args__                    
UNDEFED   __mpu_init                    
20000000  __stack                       
20000000  __start___llvm_prf_cnts       
20000000  __stop___llvm_prf_cnts        
00000a81  _c_int00_noargs               
UNDEFED   _system_post_cinit            
00000bc9  _system_pre_init              
00000bcd  abort                         
ffffffff  binit                         
00000000  g_pfnVectors                  
0000026d  main                          
00000775  memcpy                        
20000202  rec                           
20000203  rec1                          
00000275  setup                         
000003d9  toggle                        
20000200  var                           
20000201  var1                          


GLOBAL SYMBOLS: SORTED BY Symbol Address 

address   name                          
-------   ----                          
00000000  __TI_static_base__            
00000000  g_pfnVectors                  
00000200  __STACK_SIZE                  
0000026d  main                          
00000275  setup                         
00000319  UARTIntHandler                
0000038f  Timer0IntHandler              
000003d9  toggle                        
0000043d  GPIOPadConfigSet              
00000571  SysCtlClockGet                
00000681  SysCtlClockSet                
00000775  __aeabi_memcpy                
00000775  __aeabi_memcpy4               
00000775  __aeabi_memcpy8               
00000775  memcpy                        
00000811  IntEnable                     
00000879  __TI_decompress_lzss          
000008e1  TimerConfigure                
00000941  GPIOPinConfigure              
00000989  UARTConfigSetExpClk           
000009d1  __TI_auto_init_nobinit_nopinit
00000a15  SysCtlPeripheralReady         
00000a4d  SysCtlPeripheralEnable        
00000a81  _c_int00_noargs               
00000ab5  GPIODirModeSet                
00000ae1  UARTDisable                   
00000b01  GPIOPinTypeGPIOOutput         
00000b19  UARTEnable                    
00000b2d  GPIOPinTypeUART               
00000b3f  TimerLoadSet                  
00000b51  IntMasterEnable               
00000b61  TimerEnable                   
00000b6f  __TI_decompress_none          
00000b7d  CPUcpsie                      
00000b89  ResetISR                      
00000b95  UARTCharGet                   
00000b9f  TimerIntEnable                
00000ba7  UARTIntEnable                 
00000baf  GPIOPinRead                   
00000bb5  GPIOPinWrite                  
00000bbb  SysCtlDelay                   
00000bc1  TimerIntClear                 
00000bc5  UARTIntClear                  
00000bc9  _system_pre_init              
00000bcd  C$$EXIT                       
00000bcd  abort                         
00000d48  __TI_Handler_Table_Base       
00000d50  __TI_CINIT_Base               
00000d50  __TI_Handler_Table_Limit      
00000d58  __TI_CINIT_Limit              
20000000  __stack                       
20000000  __start___llvm_prf_cnts       
20000000  __stop___llvm_prf_cnts        
20000200  __STACK_END                   
20000200  __STACK_TOP                   
20000200  var                           
20000201  var1                          
20000202  rec                           
20000203  rec1                          
ffffffff  __TI_pprof_out_hndl           
ffffffff  __TI_prof_data_size           
ffffffff  __TI_prof_data_start          
ffffffff  __binit__                     
ffffffff  __c_args__                    
ffffffff  binit                         
UNDEFED   __mpu_init                    
UNDEFED   _system_post_cinit            

[67 symbols]
